Component: ARM Compiler 6.16 Tool: armlink [5dfeaa00]

==============================================================================

Section Cross References

    startup_stm32g431xx.o(STACK) refers (Special) to heapauxi.o(.text) for __use_two_region_memory
    startup_stm32g431xx.o(HEAP) refers (Special) to heapauxi.o(.text) for __use_two_region_memory
    startup_stm32g431xx.o(RESET) refers (Special) to heapauxi.o(.text) for __use_two_region_memory
    startup_stm32g431xx.o(RESET) refers to startup_stm32g431xx.o(STACK) for __initial_sp
    startup_stm32g431xx.o(RESET) refers to startup_stm32g431xx.o(.text) for Reset_Handler
    startup_stm32g431xx.o(RESET) refers to stm32g4xx_it.o(.text.NMI_Handler) for NMI_Handler
    startup_stm32g431xx.o(RESET) refers to stm32g4xx_it.o(.text.HardFault_Handler) for HardFault_Handler
    startup_stm32g431xx.o(RESET) refers to stm32g4xx_it.o(.text.MemManage_Handler) for MemManage_Handler
    startup_stm32g431xx.o(RESET) refers to stm32g4xx_it.o(.text.BusFault_Handler) for BusFault_Handler
    startup_stm32g431xx.o(RESET) refers to stm32g4xx_it.o(.text.UsageFault_Handler) for UsageFault_Handler
    startup_stm32g431xx.o(RESET) refers to stm32g4xx_it.o(.text.SVC_Handler) for SVC_Handler
    startup_stm32g431xx.o(RESET) refers to stm32g4xx_it.o(.text.DebugMon_Handler) for DebugMon_Handler
    startup_stm32g431xx.o(RESET) refers to stm32g4xx_it.o(.text.PendSV_Handler) for PendSV_Handler
    startup_stm32g431xx.o(RESET) refers to stm32g4xx_it.o(.text.SysTick_Handler) for SysTick_Handler
    startup_stm32g431xx.o(RESET) refers to stm32g4xx_it.o(.text.DMA1_Channel1_IRQHandler) for DMA1_Channel1_IRQHandler
    startup_stm32g431xx.o(RESET) refers to stm32g4xx_it.o(.text.ADC1_2_IRQHandler) for ADC1_2_IRQHandler
    startup_stm32g431xx.o(RESET) refers to stm32g4xx_it.o(.text.TIM1_UP_TIM16_IRQHandler) for TIM1_UP_TIM16_IRQHandler
    startup_stm32g431xx.o(RESET) refers to stm32g4xx_it.o(.text.USART1_IRQHandler) for USART1_IRQHandler
    startup_stm32g431xx.o(.text) refers (Special) to heapauxi.o(.text) for __use_two_region_memory
    startup_stm32g431xx.o(.text) refers to system_stm32g4xx.o(.text.SystemInit) for SystemInit
    startup_stm32g431xx.o(.text) refers to __main.o(!!!main) for __main
    startup_stm32g431xx.o(.text) refers to startup_stm32g431xx.o(HEAP) for Heap_Mem
    startup_stm32g431xx.o(.text) refers to startup_stm32g431xx.o(STACK) for Stack_Mem
    main.o(.text.main) refers to stm32g4xx_hal.o(.text.HAL_Init) for HAL_Init
    main.o(.text.main) refers to main.o(.text.SystemClock_Config) for SystemClock_Config
    main.o(.text.main) refers to gpio.o(.text.MX_GPIO_Init) for MX_GPIO_Init
    main.o(.text.main) refers to dma.o(.text.MX_DMA_Init) for MX_DMA_Init
    main.o(.text.main) refers to tim.o(.text.MX_TIM1_Init) for MX_TIM1_Init
    main.o(.text.main) refers to usart.o(.text.MX_USART1_UART_Init) for MX_USART1_UART_Init
    main.o(.text.main) refers to adc.o(.text.MX_ADC2_Init) for MX_ADC2_Init
    main.o(.text.main) refers to motorpara.o(.text.GetTemperatureStruct) for GetTemperatureStruct
    main.o(.text.main) refers to motorpara.o(.text.GetMotorStruct) for GetMotorStruct
    main.o(.text.main) refers to globalcontrol.o(.text.TemperatureInit) for TemperatureInit
    main.o(.text.main) refers to globalcontrol.o(.text.MotorParaInit) for MotorParaInit
    main.o(.text.main) refers to driver.o(.text.MotorDriverEnable) for MotorDriverEnable
    main.o(.text.main) refers to globalcontrol.o(.text.TxMotorData) for TxMotorData
    main.o(.text.main) refers to driver.o(.text.LedControl) for LedControl
    main.o(.text.main) refers to globalcontrol.o(.text.MotorSpedControl) for MotorSpedControl
    main.o(.text.main) refers to driver.o(.text.MotorDriverDisable) for MotorDriverDisable
    main.o(.ARM.exidx.text.main) refers to main.o(.text.main) for [Anonymous Symbol]
    main.o(.text.SystemClock_Config) refers to rt_memclr_w.o(.text) for __aeabi_memclr4
    main.o(.text.SystemClock_Config) refers to stm32g4xx_hal_pwr_ex.o(.text.HAL_PWREx_ControlVoltageScaling) for HAL_PWREx_ControlVoltageScaling
    main.o(.text.SystemClock_Config) refers to stm32g4xx_hal_rcc.o(.text.HAL_RCC_OscConfig) for HAL_RCC_OscConfig
    main.o(.text.SystemClock_Config) refers to stm32g4xx_hal_rcc.o(.text.HAL_RCC_ClockConfig) for HAL_RCC_ClockConfig
    main.o(.text.SystemClock_Config) refers to main.o(.text.Error_Handler) for Error_Handler
    main.o(.ARM.exidx.text.SystemClock_Config) refers to main.o(.text.SystemClock_Config) for [Anonymous Symbol]
    main.o(.ARM.exidx.text.Error_Handler) refers to main.o(.text.Error_Handler) for [Anonymous Symbol]
    gpio.o(.text.MX_GPIO_Init) refers to stm32g4xx_hal_gpio.o(.text.HAL_GPIO_WritePin) for HAL_GPIO_WritePin
    gpio.o(.text.MX_GPIO_Init) refers to stm32g4xx_hal_gpio.o(.text.HAL_GPIO_Init) for HAL_GPIO_Init
    gpio.o(.ARM.exidx.text.MX_GPIO_Init) refers to gpio.o(.text.MX_GPIO_Init) for [Anonymous Symbol]
[...]
    __rt_lib_init_lc_monetary_1              0x0800026f   Thumb Code     0  libinit2.o(.ARM.Collect$$libinit$$00000015)
    __rt_lib_init_lc_numeric_2               0x0800026f   Thumb Code     0  libinit2.o(.ARM.Collect$$libinit$$00000016)
    __rt_lib_init_alloca_1                   0x08000279   Thumb Code     0  libinit2.o(.ARM.Collect$$libinit$$0000002E)
    __rt_lib_init_argv_1                     0x08000279   Thumb Code     0  libinit2.o(.ARM.Collect$$libinit$$0000002C)
    __rt_lib_init_atexit_1                   0x08000279   Thumb Code     0  libinit2.o(.ARM.Collect$$libinit$$0000001B)
    __rt_lib_init_clock_1                    0x08000279   Thumb Code     0  libinit2.o(.ARM.Collect$$libinit$$00000021)
    __rt_lib_init_cpp_1                      0x08000279   Thumb Code     0  libinit2.o(.ARM.Collect$$libinit$$00000032)
    __rt_lib_init_exceptions_1               0x08000279   Thumb Code     0  libinit2.o(.ARM.Collect$$libinit$$00000030)
    __rt_lib_init_fp_trap_1                  0x08000279   Thumb Code     0  libinit2.o(.ARM.Collect$$libinit$$0000001F)
    __rt_lib_init_getenv_1                   0x08000279   Thumb Code     0  libinit2.o(.ARM.Collect$$libinit$$00000023)
    __rt_lib_init_lc_numeric_1               0x08000279   Thumb Code     0  libinit2.o(.ARM.Collect$$libinit$$00000017)
    __rt_lib_init_lc_time_1                  0x08000279   Thumb Code     0  libinit2.o(.ARM.Collect$$libinit$$00000019)
    __rt_lib_init_return                     0x08000279   Thumb Code     0  libinit2.o(.ARM.Collect$$libinit$$00000033)
    __rt_lib_init_signal_1                   0x08000279   Thumb Code     0  libinit2.o(.ARM.Collect$$libinit$$0000001D)
    __rt_lib_init_stdio_1                    0x08000279   Thumb Code     0  libinit2.o(.ARM.Collect$$libinit$$00000025)
    __rt_lib_shutdown                        0x0800027b   Thumb Code     0  libshutdown.o(.ARM.Collect$$libshutdown$$00000000)
    __rt_lib_shutdown_cpp_1                  0x0800027d   Thumb Code     0  libshutdown2.o(.ARM.Collect$$libshutdown$$00000002)
    __rt_lib_shutdown_fp_trap_1              0x0800027d   Thumb Code     0  libshutdown2.o(.ARM.Collect$$libshutdown$$00000007)
    __rt_lib_shutdown_heap_1                 0x0800027d   Thumb Code     0  libshutdown2.o(.ARM.Collect$$libshutdown$$0000000F)
    __rt_lib_shutdown_return                 0x0800027d   Thumb Code     0  libshutdown2.o(.ARM.Collect$$libshutdown$$00000010)
    __rt_lib_shutdown_signal_1               0x0800027d   Thumb Code     0  libshutdown2.o(.ARM.Collect$$libshutdown$$0000000A)
    __rt_lib_shutdown_stdio_1                0x0800027d   Thumb Code     0  libshutdown2.o(.ARM.Collect$$libshutdown$$00000004)
    __rt_lib_shutdown_user_alloc_1           0x0800027d   Thumb Code     0  libshutdown2.o(.ARM.Collect$$libshutdown$$0000000C)
    __rt_entry                               0x0800027f   Thumb Code     0  __rtentry.o(.ARM.Collect$$rtentry$$00000000)
    __rt_entry_presh_1                       0x0800027f   Thumb Code     0  __rtentry2.o(.ARM.Collect$$rtentry$$00000002)
    __rt_entry_sh                            0x0800027f   Thumb Code     0  __rtentry4.o(.ARM.Collect$$rtentry$$00000004)
    __rt_entry_li                            0x08000285   Thumb Code     0  __rtentry2.o(.ARM.Collect$$rtentry$$0000000A)
    __rt_entry_postsh_1                      0x08000285   Thumb Code     0  __rtentry2.o(.ARM.Collect$$rtentry$$00000009)
    __rt_entry_main                          0x08000289   Thumb Code     0  __rtentry2.o(.ARM.Collect$$rtentry$$0000000D)
    __rt_entry_postli_1                      0x08000289   Thumb Code     0  __rtentry2.o(.ARM.Collect$$rtentry$$0000000C)
    __rt_exit                                0x08000291   Thumb Code     0  rtexit.o(.ARM.Collect$$rtexit$$00000000)
    __rt_exit_ls                             0x08000293   Thumb Code     0  rtexit2.o(.ARM.Collect$$rtexit$$00000003)
    __rt_exit_prels_1                        0x08000293   Thumb Code     0  rtexit2.o(.ARM.Collect$$rtexit$$00000002)
    __rt_exit_exit                           0x08000297   Thumb Code     0  rtexit2.o(.ARM.Collect$$rtexit$$00000004)
    Reset_Handler                            0x0800029d   Thumb Code     8  startup_stm32g431xx.o(.text)
    COMP1_2_3_IRQHandler                     0x080002b7   Thumb Code     0  startup_stm32g431xx.o(.text)
    COMP4_IRQHandler                         0x080002b7   Thumb Code     0  startup_stm32g431xx.o(.text)
    CORDIC_IRQHandler                        0x080002b7   Thumb Code     0  startup_stm32g431xx.o(.text)
    CRS_IRQHandler                           0x080002b7   Thumb Code     0  startup_stm32g431xx.o(.text)
    DMA1_Channel2_IRQHandler                 0x080002b7   Thumb Code     0  startup_stm32g431xx.o(.text)
    DMA1_Channel3_IRQHandler                 0x080002b7   Thumb Code     0  startup_stm32g431xx.o(.text)
    DMA1_Channel4_IRQHandler                 0x080002b7   Thumb Code     0  startup_stm32g431xx.o(.text)
    DMA1_Channel5_IRQHandler                 0x080002b7   Thumb Code     0  startup_stm32g431xx.o(.text)
    DMA1_Channel6_IRQHandler                 0x080002b7   Thumb Code     0  startup_stm32g431xx.o(.text)
    DMA2_Channel1_IRQHandler                 0x080002b7   Thumb Code     0  startup_stm32g431xx.o(.text)
    DMA2_Channel2_IRQHandler                 0x080002b7   Thumb Code     0  startup_stm32g431xx.o(.text)
    DMA2_Channel3_IRQHandler                 0x080002b7   Thumb Code     0  startup_stm32g431xx.o(.text)
    DMA2_Channel4_IRQHandler                 0x080002b7   Thumb Code     0  startup_stm32g431xx.o(.text)
    DMA2_Channel5_IRQHandler                 0x080002b7   Thumb Code     0  startup_stm32g431xx.o(.text)
    DMA2_Channel6_IRQHandler                 0x080002b7   Thumb Code     0  startup_stm32g431xx.o(.text)
    DMAMUX_OVR_IRQHandler                    0x080002b7   Thumb Code     0  startup_stm32g431xx.o(.text)
    EXTI0_IRQHandler                         0x080002b7   Thumb Code     0  startup_stm32g431xx.o(.text)
    EXTI15_10_IRQHandler                     0x080002b7   Thumb Code     0  startup_stm32g431xx.o(.text)
    EXTI1_IRQHandler                         0x080002b7   Thumb Code     0  startup_stm32g431xx.o(.text)
    EXTI2_IRQHandler                         0x080002b7   Thumb Code     0  startup_stm32g431xx.o(.text)
    EXTI3_IRQHandler                         0x080002b7   Thumb Code     0  startup_stm32g431xx.o(.text)
    EXTI4_IRQHandler                         0x080002b7   Thumb Code     0  startup_stm32g431xx.o(.text)
    EXTI9_5_IRQHandler                       0x080002b7   Thumb Code     0  startup_stm32g431xx.o(.text)
    FDCAN1_IT0_IRQHandler                    0x080002b7   Thumb Code     0  startup_stm32g431xx.o(.text)
    FDCAN1_IT1_IRQHandler                    0x080002b7   Thumb Code     0  startup_stm32g431xx.o(.text)
    FLASH_IRQHandler                         0x080002b7   Thumb Code     0  startup_stm32g431xx.o(.text)
    FMAC_IRQHandler                          0x080002b7   Thumb Code     0  startup_stm32g431xx.o(.text)
    FPU_IRQHandler                           0x080002b7   Thumb Code     0  startup_stm32g431xx.o(.text)
    I2C1_ER_IRQHandler                       0x080002b7   Thumb Code     0  startup_stm32g431xx.o(.text)
    I2C1_EV_IRQHandler                       0x080002b7   Thumb Code     0  startup_stm32g431xx.o(.text)
    I2C2_ER_IRQHandler                       0x080002b7   Thumb Code     0  startup_stm32g431xx.o(.text)
    I2C2_EV_IRQHandler                       0x080002b7   Thumb Code     0  startup_stm32g431xx.o(.text)
    I2C3_ER_IRQHandler                       0x080002b7   Thumb Code     0  startup_stm32g431xx.o(.text)
    I2C3_EV_IRQHandler                       0x080002b7   Thumb Code     0  startup_stm32g431xx.o(.text)
    LPTIM1_IRQHandler                        0x080002b7   Thumb Code     0  startup_stm32g431xx.o(.text)
    LPUART1_IRQHandler                       0x080002b7   Thumb Code     0  startup_stm32g431xx.o(.text)
    PVD_PVM_IRQHandler                       0x080002b7   Thumb Code     0  startup_stm32g431xx.o(.text)
    RCC_IRQHandler                           0x080002b7   Thumb Code     0  startup_stm32g431xx.o(.text)
    RNG_IRQHandler                           0x080002b7   Thumb Code     0  startup_stm32g431xx.o(.text)
    RTC_Alarm_IRQHandler                     0x080002b7   Thumb Code     0  startup_stm32g431xx.o(.text)
    RTC_TAMP_LSECSS_IRQHandler               0x080002b7   Thumb Code     0  startup_stm32g431xx.o(.text)
    RTC_WKUP_IRQHandler                      0x080002b7   Thumb Code     0  startup_stm32g431xx.o(.text)
    SAI1_IRQHandler                          0x080002b7   Thumb Code     0  startup_stm32g431xx.o(.text)
    SPI1_IRQHandler                          0x080002b7   Thumb Code     0  startup_stm32g431xx.o(.text)
    SPI2_IRQHandler                          0x080002b7   Thumb Code     0  startup_stm32g431xx.o(.text)
    SPI3_IRQHandler                          0x080002b7   Thumb Code     0  startup_stm32g431xx.o(.text)
    TIM1_BRK_TIM15_IRQHandler                0x080002b7   Thumb Code     0  startup_stm32g431xx.o(.text)
    TIM1_CC_IRQHandler                       0x080002b7   Thumb Code     0  startup_stm32g431xx.o(.text)
    TIM1_TRG_COM_TIM17_IRQHandler            0x080002b7   Thumb Code     0  startup_stm32g431xx.o(.text)
    TIM2_IRQHandler                          0x080002b7   Thumb Code     0  startup_stm32g431xx.o(.text)
    TIM3_IRQHandler                          0x080002b7   Thumb Code     0  startup_stm32g431xx.o(.text)
    TIM4_IRQHandler                          0x080002b7   Thumb Code     0  startup_stm32g431xx.o(.text)
    TIM6_DAC_IRQHandler                      0x080002b7   Thumb Code     0  startup_stm32g431xx.o(.text)
    TIM7_IRQHandler                          0x080002b7   Thumb Code     0  startup_stm32g431xx.o(.text)
    TIM8_BRK_IRQHandler                      0x080002b7   Thumb Code     0  startup_stm32g431xx.o(.text)
    TIM8_CC_IRQHandler                       0x080002b7   Thumb Code     0  startup_stm32g431xx.o(.text)
    TIM8_TRG_COM_IRQHandler                  0x080002b7   Thumb Code     0  startup_stm32g431xx.o(.text)
    TIM8_UP_IRQHandler                       0x080002b7   Thumb Code     0  startup_stm32g431xx.o(.text)
    UART4_IRQHandler                         0x080002b7   Thumb Code     0  startup_stm32g431xx.o(.text)
    UCPD1_IRQHandler                         0x080002b7   Thumb Code     0  startup_stm32g431xx.o(.text)
    USART2_IRQHandler                        0x080002b7   Thumb Code     0  startup_stm32g431xx.o(.text)
    USART3_IRQHandler                        0x080002b7   Thumb Code     0  startup_stm32g431xx.o(.text)
    USBWakeUp_IRQHandler                     0x080002b7   Thumb Code     0  startup_stm32g431xx.o(.text)
    USB_HP_IRQHandler                        0x080002b7   Thumb Code     0  startup_stm32g431xx.o(.text)
    USB_LP_IRQHandler                        0x080002b7   Thumb Code     0  startup_stm32g431xx.o(.text)
    WWDG_IRQHandler                          0x080002b7   Thumb Code     0  startup_stm32g431xx.o(.text)
    __user_initial_stackheap                 0x080002b9   Thumb Code     0  startup_stm32g431xx.o(.text)
    __use_no_semihosting                     0x080002dd   Thumb Code     2  use_no_semi_2.o(.text)
    __aeabi_uldivmod                         0x080002df   Thumb Code     0  lludivv7m.o(.text)
    _ll_udiv                                 0x080002df   Thumb Code   240  lludivv7m.o(.text)
    __2printf                                0x080003d1   Thumb Code    20  __2printf.o(.text)
    __2snprintf                              0x080003e9   Thumb Code    50  __2snprintf.o(.text)
    _printf_str                              0x08000421   Thumb Code    82  _printf_str.o(.text)
    _printf_int_dec                          0x08000475   Thumb Code   104  _printf_dec.o(.text)
    __printf                                 0x080004ed   Thumb Code   270  __printf_wp.o(.text)
    __aeabi_memclr4                          0x080005fb   Thumb Code     0  rt_memclr_w.o(.text)
    __aeabi_memclr8                          0x080005fb   Thumb Code     0  rt_memclr_w.o(.text)
    __rt_memclr_w                            0x080005fb   Thumb Code     0  rt_memclr_w.o(.text)
    _memset_w                                0x080005ff   Thumb Code    74  rt_memclr_w.o(.text)
    __use_two_region_memory                  0x08000649   Thumb Code     2  heapauxi.o(.text)
    __rt_heap_escrow$2region                 0x0800064b   Thumb Code     2  heapauxi.o(.text)
    __rt_heap_expand$2region                 0x0800064d   Thumb Code     2  heapauxi.o(.text)
    __I$use$semihosting                      0x0800064f   Thumb Code     0  use_no_semi.o(.text)
    __use_no_semihosting_swi                 0x0800064f   Thumb Code     2  use_no_semi.o(.text)
    __read_errno                             0x08000651   Thumb Code    10  _rserrno.o(.text)
    __set_errno                              0x0800065b   Thumb Code    12  _rserrno.o(.text)
    _printf_int_common                       0x08000667   Thumb Code   178  _printf_intcommon.o(.text)
    _printf_fp_dec_real                      0x080008c9   Thumb Code   620  _printf_fp_dec.o(.text)
    _printf_char_common                      0x08000b3f   Thumb Code    32  _printf_char_common.o(.text)
    _sputc                                   0x08000b65   Thumb Code    10  _sputc.o(.text)
    _snputc                                  0x08000b6f   Thumb Code    16  _snputc.o(.text)
    _printf_cs_common                        0x08000b7f   Thumb Code    20  _printf_char.o(.text)
    _printf_char                             0x08000b93   Thumb Code    16  _printf_char.o(.text)
    _printf_string                           0x08000ba3   Thumb Code     8  _printf_char.o(.text)
    _printf_char_file                        0x08000bad   Thumb Code    32  _printf_char_file.o(.text)
    __rt_locale                              0x08000bd1   Thumb Code     8  rt_locale_intlibspace.o(.text)
    __aeabi_errno_addr                       0x08000bd9   Thumb Code     8  rt_errno_addr_intlibspace.o(.text)
    __errno$intlibspace                      0x08000bd9   Thumb Code     0  rt_errno_addr_intlibspace.o(.text)
    __rt_errno_addr$intlibspace              0x08000bd9   Thumb Code     0  rt_errno_addr_intlibspace.o(.text)
    _ll_udiv10                               0x08000be1   Thumb Code   138  lludiv10.o(.text)
    _printf_fp_infnan                        0x08000c6d   Thumb Code   112  _printf_fp_infnan.o(.text)
    _btod_etento                             0x08000ced   Thumb Code   224  bigflt0.o(.text)
    ferror                                   0x08000dd1   Thumb Code     8  ferror.o(.text)
    __user_libspace                          0x08000dd9   Thumb Code     8  libspace.o(.text)
    __user_perproc_libspace                  0x08000dd9   Thumb Code     0  libspace.o(.text)
    __user_perthread_libspace                0x08000dd9   Thumb Code     0  libspace.o(.text)
    __user_setup_stackheap                   0x08000de1   Thumb Code    74  sys_stackheap_outer.o(.text)
    exit                                     0x08000e2b   Thumb Code    18  exit.o(.text)
    strcmp                                   0x08000e41   Thumb Code   124  strcmpv7em.o(.text)
    ADC1_2_IRQHandler                        0x08000ebd   Thumb Code    16  stm32g4xx_it.o(.text.ADC1_2_IRQHandler)
    ADC_DMAConvCplt                          0x08000ecd   Thumb Code   100  stm32g4xx_hal_adc.o(.text.ADC_DMAConvCplt)
    ADC_DMAError                             0x08000f31   Thumb Code    26  stm32g4xx_hal_adc.o(.text.ADC_DMAError)
    ADC_DMAHalfConvCplt                      0x08000f4d   Thumb Code    10  stm32g4xx_hal_adc.o(.text.ADC_DMAHalfConvCplt)
    ADC_Enable                               0x08000f59   Thumb Code   206  stm32g4xx_hal_adc.o(.text.ADC_Enable)
    AntiPark                                 0x08001029   Thumb Code    78  foc.o(.text.AntiPark)
    BusFault_Handler                         0x08001079   Thumb Code     2  stm32g4xx_it.o(.text.BusFault_Handler)
    Clark                                    0x0800107d   Thumb Code    40  foc.o(.text.Clark)
    DMA1_Channel1_IRQHandler                 0x080010a5   Thumb Code    16  stm32g4xx_it.o(.text.DMA1_Channel1_IRQHandler)
    DebugMon_Handler                         0x08001181   Thumb Code     2  stm32g4xx_it.o(.text.DebugMon_Handler)
    Error_Handler                            0x08001375   Thumb Code    10  main.o(.text.Error_Handler)
    GetMotorStruct                           0x08001381   Thumb Code    10  motorpara.o(.text.GetMotorStruct)
    GetOffsetCurrent                         0x0800138d   Thumb Code   148  sample.o(.text.GetOffsetCurrent)
    GetPhaseCurrent                          0x08001421   Thumb Code    88  sample.o(.text.GetPhaseCurrent)
    GetPwmPeriod                             0x08001479   Thumb Code    92  sample.o(.text.GetPwmPeriod)
    GetTemperatureStruct                     0x080014d5   Thumb Code    10  motorpara.o(.text.GetTemperatureStruct)
    GetTempture                              0x080014e1   Thumb Code   108  sample.o(.text.GetTempture)
    GetVoltageBus                            0x0800154d   Thumb Code    44  sample.o(.text.GetVoltageBus)
    HAL_ADCEx_DisableInjectedQueue           0x08001579   Thumb Code    38  stm32g4xx_hal_adc_ex.o(.text.HAL_ADCEx_DisableInjectedQueue)
    HAL_ADCEx_EndOfSamplingCallback          0x080015a1   Thumb Code     2  stm32g4xx_hal_adc_ex.o(.text.HAL_ADCEx_EndOfSamplingCallback)
    HAL_ADCEx_InjectedConfigChannel          0x080015a5   Thumb Code  1092  stm32g4xx_hal_adc_ex.o(.text.HAL_ADCEx_InjectedConfigChannel)
    HAL_ADCEx_InjectedConvCpltCallback       0x080019e9   Thumb Code  1248  globalcontrol.o(.text.HAL_ADCEx_InjectedConvCpltCallback)
    HAL_ADCEx_InjectedGetValue               0x08001ec9   Thumb Code    50  stm32g4xx_hal_adc_ex.o(.text.HAL_ADCEx_InjectedGetValue)
    HAL_ADCEx_InjectedQueueOverflowCallback  0x08001efd   Thumb Code     2  stm32g4xx_hal_adc_ex.o(.text.HAL_ADCEx_InjectedQueueOverflowCallback)
    HAL_ADCEx_InjectedStart_IT               0x08001f01   Thumb Code   268  stm32g4xx_hal_adc_ex.o(.text.HAL_ADCEx_InjectedStart_IT)
    HAL_ADCEx_LevelOutOfWindow2Callback      0x0800200d   Thumb Code     2  stm32g4xx_hal_adc_ex.o(.text.HAL_ADCEx_LevelOutOfWindow2Callback)
    HAL_ADCEx_LevelOutOfWindow3Callback      0x08002011   Thumb Code     2  stm32g4xx_hal_adc_ex.o(.text.HAL_ADCEx_LevelOutOfWindow3Callback)
    HAL_ADC_ConfigChannel                    0x08002015   Thumb Code   850  stm32g4xx_hal_adc.o(.text.HAL_ADC_ConfigChannel)
    HAL_ADC_ConvCpltCallback                 0x08002369   Thumb Code   140  globalcontrol.o(.text.HAL_ADC_ConvCpltCallback)
    HAL_ADC_ConvHalfCpltCallback             0x080023f5   Thumb Code     2  stm32g4xx_hal_adc.o(.text.HAL_ADC_ConvHalfCpltCallback)
    HAL_ADC_ErrorCallback                    0x080023f9   Thumb Code     2  stm32g4xx_hal_adc.o(.text.HAL_ADC_ErrorCallback)
    HAL_ADC_IRQHandler                       0x080023fd   Thumb Code   570  stm32g4xx_hal_adc.o(.text.HAL_ADC_IRQHandler)
    HAL_ADC_Init                             0x08002639   Thumb Code   466  stm32g4xx_hal_adc.o(.text.HAL_ADC_Init)
    HAL_ADC_LevelOutOfWindowCallback         0x0800280d   Thumb Code     2  stm32g4xx_hal_adc.o(.text.HAL_ADC_LevelOutOfWindowCallback)
    HAL_ADC_MspInit                          0x08002811   Thumb Code   312  adc.o(.text.HAL_ADC_MspInit)
    HAL_ADC_Start_DMA                        0x08002949   Thumb Code   246  stm32g4xx_hal_adc.o(.text.HAL_ADC_Start_DMA)
    HAL_DMA_Abort                            0x08002a41   Thumb Code   118  stm32g4xx_hal_dma.o(.text.HAL_DMA_Abort)
    HAL_DMA_Abort_IT                         0x08002ab9   Thumb Code   122  stm32g4xx_hal_dma.o(.text.HAL_DMA_Abort_IT)
    HAL_DMA_IRQHandler                       0x08002b35   Thumb Code   170  stm32g4xx_hal_dma.o(.text.HAL_DMA_IRQHandler)
    HAL_DMA_Init                             0x08002be1   Thumb Code   218  stm32g4xx_hal_dma.o(.text.HAL_DMA_Init)
    HAL_DMA_Start_IT                         0x08002cbd   Thumb Code   138  stm32g4xx_hal_dma.o(.text.HAL_DMA_Start_IT)
    HAL_GPIO_Init                            0x08002d49   Thumb Code   420  stm32g4xx_hal_gpio.o(.text.HAL_GPIO_Init)
    HAL_GPIO_WritePin                        0x08002eed   Thumb Code    12  stm32g4xx_hal_gpio.o(.text.HAL_GPIO_WritePin)
    HAL_GetTick                              0x08002ef9   Thumb Code    12  stm32g4xx_hal.o(.text.HAL_GetTick)
    HAL_IncTick                              0x08002f05   Thumb Code    26  stm32g4xx_hal.o(.text.HAL_IncTick)
    HAL_Init                                 0x08002f21   Thumb Code    30  stm32g4xx_hal.o(.text.HAL_Init)
    HAL_InitTick                             0x08002f41   Thumb Code    86  stm32g4xx_hal.o(.text.HAL_InitTick)
    HAL_MspInit                              0x08002f99   Thumb Code    56  stm32g4xx_hal_msp.o(.text.HAL_MspInit)
    HAL_NVIC_EnableIRQ                       0x08002fd1   Thumb Code     8  stm32g4xx_hal_cortex.o(.text.HAL_NVIC_EnableIRQ)
    HAL_NVIC_SetPriority                     0x08002fd9   Thumb Code    30  stm32g4xx_hal_cortex.o(.text.HAL_NVIC_SetPriority)
    HAL_NVIC_SetPriorityGrouping             0x08002ff9   Thumb Code     8  stm32g4xx_hal_cortex.o(.text.HAL_NVIC_SetPriorityGrouping)
    HAL_PWREx_ControlVoltageScaling          0x08003001   Thumb Code   238  stm32g4xx_hal_pwr_ex.o(.text.HAL_PWREx_ControlVoltageScaling)
    HAL_PWREx_DisableUCPDDeadBattery         0x080030f1   Thumb Code    18  stm32g4xx_hal_pwr_ex.o(.text.HAL_PWREx_DisableUCPDDeadBattery)
    HAL_RCCEx_PeriphCLKConfig                0x08003105   Thumb Code   658  stm32g4xx_hal_rcc_ex.o(.text.HAL_RCCEx_PeriphCLKConfig)
    HAL_RCC_ClockConfig                      0x08003399   Thumb Code   518  stm32g4xx_hal_rcc.o(.text.HAL_RCC_ClockConfig)
    HAL_RCC_GetHCLKFreq                      0x080035a1   Thumb Code    12  stm32g4xx_hal_rcc.o(.text.HAL_RCC_GetHCLKFreq)
    HAL_RCC_GetPCLK1Freq                     0x080035ad   Thumb Code    38  stm32g4xx_hal_rcc.o(.text.HAL_RCC_GetPCLK1Freq)
    HAL_RCC_GetPCLK2Freq                     0x080035d5   Thumb Code    38  stm32g4xx_hal_rcc.o(.text.HAL_RCC_GetPCLK2Freq)
    HAL_RCC_GetSysClockFreq                  0x080035fd   Thumb Code    98  stm32g4xx_hal_rcc.o(.text.HAL_RCC_GetSysClockFreq)
    HAL_RCC_OscConfig                        0x08003661   Thumb Code  1146  stm32g4xx_hal_rcc.o(.text.HAL_RCC_OscConfig)
    HAL_SYSTICK_Config                       0x08003add   Thumb Code     8  stm32g4xx_hal_cortex.o(.text.HAL_SYSTICK_Config)
    HAL_TIMEx_Break2Callback                 0x08003ae5   Thumb Code     2  stm32g4xx_hal_tim_ex.o(.text.HAL_TIMEx_Break2Callback)
    HAL_TIMEx_BreakCallback                  0x08003ae9   Thumb Code     2  stm32g4xx_hal_tim_ex.o(.text.HAL_TIMEx_BreakCallback)
    HAL_TIMEx_CommutCallback                 0x08003aed   Thumb Code     2  stm32g4xx_hal_tim_ex.o(.text.HAL_TIMEx_CommutCallback)
    HAL_TIMEx_ConfigBreakDeadTime            0x08003af1   Thumb Code   208  stm32g4xx_hal_tim_ex.o(.text.HAL_TIMEx_ConfigBreakDeadTime)
    HAL_TIMEx_DirectionChangeCallback        0x08003bc1   Thumb Code     2  stm32g4xx_hal_tim_ex.o(.text.HAL_TIMEx_DirectionChangeCallback)
    HAL_TIMEx_EncoderIndexCallback           0x08003bc5   Thumb Code     2  stm32g4xx_hal_tim_ex.o(.text.HAL_TIMEx_EncoderIndexCallback)
    HAL_TIMEx_IndexErrorCallback             0x08003bc9   Thumb Code     2  stm32g4xx_hal_tim_ex.o(.text.HAL_TIMEx_IndexErrorCallback)
    HAL_TIMEx_MasterConfigSynchronization    0x08003bcd   Thumb Code   168  stm32g4xx_hal_tim_ex.o(.text.HAL_TIMEx_MasterConfigSynchronization)
    HAL_TIMEx_TransitionErrorCallback        0x08003c75   Thumb Code     2  stm32g4xx_hal_tim_ex.o(.text.HAL_TIMEx_TransitionErrorCallback)
    HAL_TIM_Base_Init                        0x08003c79   Thumb Code    98  stm32g4xx_hal_tim.o(.text.HAL_TIM_Base_Init)
    HAL_TIM_Base_MspInit                     0x08003cdd   Thumb Code    68  tim.o(.text.HAL_TIM_Base_MspInit)
    HAL_TIM_Base_Start_IT                    0x08003d21   Thumb Code   158  stm32g4xx_hal_tim.o(.text.HAL_TIM_Base_Start_IT)
    HAL_TIM_ConfigClockSource                0x08003dc1   Thumb Code   276  stm32g4xx_hal_tim.o(.text.HAL_TIM_ConfigClockSource)
    HAL_TIM_IC_CaptureCallback               0x08003ed5   Thumb Code     2  stm32g4xx_hal_tim.o(.text.HAL_TIM_IC_CaptureCallback)
    HAL_TIM_IRQHandler                       0x08003ed9   Thumb Code   442  stm32g4xx_hal_tim.o(.text.HAL_TIM_IRQHandler)
    HAL_TIM_MspPostInit                      0x08004095   Thumb Code    92  tim.o(.text.HAL_TIM_MspPostInit)
    HAL_TIM_OC_DelayElapsedCallback          0x080040f1   Thumb Code     2  stm32g4xx_hal_tim.o(.text.HAL_TIM_OC_DelayElapsedCallback)
    HAL_TIM_PWM_ConfigChannel                0x080040f5   Thumb Code   186  stm32g4xx_hal_tim.o(.text.HAL_TIM_PWM_ConfigChannel)
    HAL_TIM_PWM_Init                         0x080041b1   Thumb Code    98  stm32g4xx_hal_tim.o(.text.HAL_TIM_PWM_Init)
    HAL_TIM_PWM_MspInit                      0x08004215   Thumb Code     2  stm32g4xx_hal_tim.o(.text.HAL_TIM_PWM_MspInit)
    HAL_TIM_PWM_PulseFinishedCallback        0x08004219   Thumb Code     2  stm32g4xx_hal_tim.o(.text.HAL_TIM_PWM_PulseFinishedCallback)
    HAL_TIM_PWM_Start                        0x0800421d   Thumb Code   356  stm32g4xx_hal_tim.o(.text.HAL_TIM_PWM_Start)
    HAL_TIM_PeriodElapsedCallback            0x08004381   Thumb Code    32  globalcontrol.o(.text.HAL_TIM_PeriodElapsedCallback)
    HAL_TIM_TriggerCallback                  0x080043a1   Thumb Code     2  stm32g4xx_hal_tim.o(.text.HAL_TIM_TriggerCallback)
    HAL_UARTEx_DisableFifoMode               0x080043a5   Thumb Code    54  stm32g4xx_hal_uart_ex.o(.text.HAL_UARTEx_DisableFifoMode)
    HAL_UARTEx_RxEventCallback               0x080043dd   Thumb Code     2  stm32g4xx_hal_uart.o(.text.HAL_UARTEx_RxEventCallback)
    HAL_UARTEx_RxFifoFullCallback            0x080043e1   Thumb Code     2  stm32g4xx_hal_uart_ex.o(.text.HAL_UARTEx_RxFifoFullCallback)
    HAL_UARTEx_SetRxFifoThreshold            0x080043e5   Thumb Code    74  stm32g4xx_hal_uart_ex.o(.text.HAL_UARTEx_SetRxFifoThreshold)
    HAL_UARTEx_SetTxFifoThreshold            0x08004431   Thumb Code    74  stm32g4xx_hal_uart_ex.o(.text.HAL_UARTEx_SetTxFifoThreshold)
    HAL_UARTEx_TxFifoEmptyCallback           0x0800447d   Thumb Code     2  stm32g4xx_hal_uart_ex.o(.text.HAL_UARTEx_TxFifoEmptyCallback)
    HAL_UARTEx_WakeupCallback                0x08004481   Thumb Code     2  stm32g4xx_hal_uart_ex.o(.text.HAL_UARTEx_WakeupCallback)
    HAL_UART_ErrorCallback                   0x08004485   Thumb Code     2  stm32g4xx_hal_uart.o(.text.HAL_UART_ErrorCallback)
    HAL_UART_IRQHandler                      0x08004489   Thumb Code   802  stm32g4xx_hal_uart.o(.text.HAL_UART_IRQHandler)
    HAL_UART_Init                            0x080047ad   Thumb Code    98  stm32g4xx_hal_uart.o(.text.HAL_UART_Init)
    HAL_UART_MspInit                         0x08004811   Thumb Code   160  usart.o(.text.HAL_UART_MspInit)
    HAL_UART_Transmit                        0x080048b1   Thumb Code   218  stm32g4xx_hal_uart.o(.text.HAL_UART_Transmit)
    HAL_UART_TxCpltCallback                  0x0800498d   Thumb Code     2  stm32g4xx_hal_uart.o(.text.HAL_UART_TxCpltCallback)
    HardFault_Handler                        0x08004991   Thumb Code     2  stm32g4xx_it.o(.text.HardFault_Handler)
    LedControl                               0x08004cad   Thumb Code   152  driver.o(.text.LedControl)
    MX_ADC2_Init                             0x08004d45   Thumb Code   362  adc.o(.text.MX_ADC2_Init)
    MX_DMA_Init                              0x08004eb1   Thumb Code    68  dma.o(.text.MX_DMA_Init)
    MX_GPIO_Init                             0x08004ef5   Thumb Code   248  gpio.o(.text.MX_GPIO_Init)
    MX_TIM1_Init                             0x08004fed   Thumb Code   362  tim.o(.text.MX_TIM1_Init)
    MX_USART1_UART_Init                      0x08005159   Thumb Code   126  usart.o(.text.MX_USART1_UART_Init)
    MemManage_Handler                        0x080051d9   Thumb Code     2  stm32g4xx_it.o(.text.MemManage_Handler)
    MotorAlignStart                          0x080051dd   Thumb Code    28  globalcontrol.o(.text.MotorAlignStart)
    MotorDriverDisable                       0x080051f9   Thumb Code    44  driver.o(.text.MotorDriverDisable)
    MotorDriverEnable                        0x08005225   Thumb Code    44  driver.o(.text.MotorDriverEnable)
    MotorParaInit                            0x080052a1   Thumb Code   268  globalcontrol.o(.text.MotorParaInit)
    MotorSpedControl                         0x080053ad   Thumb Code   116  globalcontrol.o(.text.MotorSpedControl)
    NMI_Handler                              0x08005421   Thumb Code     2  stm32g4xx_it.o(.text.NMI_Handler)
    ObserverSMO                              0x08005451   Thumb Code   256  observer.o(.text.ObserverSMO)
    PID                                      0x08005551   Thumb Code    30  foc.o(.text.PID)
    PIDCalc                                  0x08005571   Thumb Code   134  foc.o(.text.PIDCalc)
    PLL                                      0x080055f9   Thumb Code   344  observer.o(.text.PLL)
    Park                                     0x08005751   Thumb Code    78  foc.o(.text.Park)
    PendSV_Handler                           0x080057a1   Thumb Code     2  stm32g4xx_it.o(.text.PendSV_Handler)
    SVC_Handler                              0x080057dd   Thumb Code     2  stm32g4xx_it.o(.text.SVC_Handler)
    SVPWM                                    0x080057e1   Thumb Code    30  foc.o(.text.SVPWM)
    SpeedFeedbackFiltInit                    0x08005839   Thumb Code    14  foc.o(.text.SpeedFeedbackFiltInit)
    StateName                                0x08005849   Thumb Code    16  globalcontrol.o(.text.StateName)
    SysTick_Handler                          0x080058a5   Thumb Code     8  stm32g4xx_it.o(.text.SysTick_Handler)
    SystemClock_Config                       0x080058ad   Thumb Code   104  main.o(.text.SystemClock_Config)
    SystemInit                               0x08005915   Thumb Code    18  system_stm32g4xx.o(.text.SystemInit)
    TIM1_UP_TIM16_IRQHandler                 0x08005929   Thumb Code    16  stm32g4xx_it.o(.text.TIM1_UP_TIM16_IRQHandler)
    TIM_Base_SetConfig                       0x08005939   Thumb Code   266  stm32g4xx_hal_tim.o(.text.TIM_Base_SetConfig)
    TIM_CCxChannelCmd                        0x08005a45   Thumb Code    36  stm32g4xx_hal_tim.o(.text.TIM_CCxChannelCmd)
    TIM_ETR_SetConfig                        0x08005a69   Thumb Code    22  stm32g4xx_hal_tim.o(.text.TIM_ETR_SetConfig)
    TIM_OC2_SetConfig                        0x08005b1d   Thumb Code   146  stm32g4xx_hal_tim.o(.text.TIM_OC2_SetConfig)
    TemperatureInit                          0x08005e29   Thumb Code    44  globalcontrol.o(.text.TemperatureInit)
    TxMotorData                              0x08005e55   Thumb Code   232  globalcontrol.o(.text.TxMotorData)
    UART_AdvFeatureConfig                    0x08005f95   Thumb Code   230  stm32g4xx_hal_uart.o(.text.UART_AdvFeatureConfig)
    UART_CheckIdleState                      0x0800607d   Thumb Code   192  stm32g4xx_hal_uart.o(.text.UART_CheckIdleState)
    UART_SetConfig                           0x080061cd   Thumb Code   676  stm32g4xx_hal_uart.o(.text.UART_SetConfig)
    UART_WaitOnFlagUntilTimeout              0x08006491   Thumb Code   194  stm32g4xx_hal_uart.o(.text.UART_WaitOnFlagUntilTimeout)
    USART1_IRQHandler                        0x08006555   Thumb Code    16  stm32g4xx_it.o(.text.USART1_IRQHandler)
    UsageFault_Handler                       0x08006565   Thumb Code     2  stm32g4xx_it.o(.text.UsageFault_Handler)
    _sys_exit                                0x080065dd   Thumb Code     2  usart.o(.text._sys_exit)
    fputc                                    0x080065e1   Thumb Code    32  usart.o(.text.fputc)
    main                                     0x08006601   Thumb Code   138  main.o(.text.main)
    _btod_d2e                                0x0800668b   Thumb Code    62  btod.o(CL$$btod_d2e)
    _d2e_denorm_low                          0x080066c9   Thumb Code    70  btod.o(CL$$btod_d2e_denorm_low)
    _d2e_norm_op1                            0x0800670f   Thumb Code    96  btod.o(CL$$btod_d2e_norm_op1)
    __btod_div_common                        0x08006771   Thumb Code   696  btod.o(CL$$btod_div_common)
    _e2e                                     0x08006aa9   Thumb Code   220  btod.o(CL$$btod_e2e)
    _btod_ediv                               0x08006b85   Thumb Code    42  btod.o(CL$$btod_ediv)
    _btod_emul                               0x08006baf   Thumb Code    42  btod.o(CL$$btod_emul)
    __btod_mult_common                       0x08006bd9   Thumb Code   580  btod.o(CL$$btod_mult_common)
    __ARM_fpclassify                         0x08006e1d   Thumb Code    48  fpclassify.o(i.__ARM_fpclassify)
    __ARM_fpclassifyf                        0x08006e4d   Thumb Code    38  fpclassifyf.o(i.__ARM_fpclassifyf)
    __hardfp_cosf                            0x08006e75   Thumb Code   280  cosf.o(i.__hardfp_cosf)
    __hardfp_logf                            0x08006fc5   Thumb Code   320  logf.o(i.__hardfp_logf)
    __mathlib_logf                           0x08006fc5   Thumb Code     0  logf.o(i.__hardfp_logf)
    __hardfp_sinf                            0x08007131   Thumb Code   344  sinf.o(i.__hardfp_sinf)
    __hardfp_sqrtf                           0x080072c1   Thumb Code    58  sqrtf.o(i.__hardfp_sqrtf)
    __mathlib_flt_divzero                    0x080072fd   Thumb Code    14  funder.o(i.__mathlib_flt_divzero)
    __mathlib_flt_infnan                     0x08007311   Thumb Code     6  funder.o(i.__mathlib_flt_infnan)
    __mathlib_flt_invalid                    0x08007319   Thumb Code    10  funder.o(i.__mathlib_flt_invalid)
    __mathlib_flt_underflow                  0x08007329   Thumb Code    10  funder.o(i.__mathlib_flt_underflow)
    __mathlib_rredf2                         0x08007339   Thumb Code   316  rredf.o(i.__mathlib_rredf2)
    _is_digit                                0x0800748d   Thumb Code    14  __printf_wp.o(i._is_digit)
    _get_lc_numeric                          0x0800749d   Thumb Code    44  lc_numeric_c.o(locale$$code)
    __fpl_dretinf                            0x080074c9   Thumb Code    12  dretinf.o(x$fpl$dretinf)
    __aeabi_f2d                              0x080074d5   Thumb Code     0  f2d.o(x$fpl$f2d)
    _f2d                                     0x080074d5   Thumb Code    86  f2d.o(x$fpl$f2d)
    __fpl_fnaninf                            0x0800752b   Thumb Code   140  fnaninf.o(x$fpl$fnaninf)
    _fp_init                                 0x080075b7   Thumb Code    26  fpinit.o(x$fpl$fpinit)
    __fplib_config_fpu_vfp                   0x080075cf   Thumb Code     0  fpinit.o(x$fpl$fpinit)
    __fplib_config_pureend_doubles           0x080075cf   Thumb Code     0  fpinit.o(x$fpl$fpinit)
    _printf_fp_dec                           0x080075d1   Thumb Code     4  printf1.o(x$fpl$printf1)
    __I$use$fp                               0x080075d4   Number         0  usenofp.o(x$fpl$usenofp)
    AHBPrescTable                            0x080076c8   Data          16  system_stm32g4xx.o(.rodata.AHBPrescTable)
    APBPrescTable                            0x080076d8   Data           8  system_stm32g4xx.o(.rodata.APBPrescTable)
    UARTPrescTable                           0x080076e0   Data          24  stm32g4xx_hal_uart.o(.rodata.UARTPrescTable)
    Region$$Table$$Base                      0x08007790   Number         0  anon$$obj.o(Region$$Table)
    Region$$Table$$Limit                     0x080077b0   Number         0  anon$$obj.o(Region$$Table)
    SystemCoreClock                          0x20000000   Data           4  system_stm32g4xx.o(.data.SystemCoreClock)
    uwTickFreq                               0x20000004   Data           4  stm32g4xx_hal.o(.data.uwTickFreq)
    uwTickPrio                               0x20000008   Data           4  stm32g4xx_hal.o(.data.uwTickPrio)
    __libspace_start                         0x20000010   Data          96  libspace.o(.bss)
    __temporary_stack_top$libspace           0x20000070   Data           0  libspace.o(.bss)
    __stdout                                 0x200000f8   Data          84  usart.o(.bss.__stdout)
    hadc2                                    0x2000017c   Data         108  adc.o(.bss.hadc2)
    hdma_adc2                                0x200001e8   Data          96  adc.o(.bss.hdma_adc2)
    htim1                                    0x20000248   Data          76  tim.o(.bss.htim1)
    huart1                                   0x20000294   Data         148  usart.o(.bss.huart1)
    uwTick                                   0x20000484   Data           4  stm32g4xx_hal.o(.bss.uwTick)



==============================================================================

Memory Map of the image

  Image Entry point : 0x080001d9

  Load Region LR_IROM1 (Base: 0x08000000, Size: 0x000077e0, Max: 0x00020000, ABSOLUTE)

    Execution Region ER_IROM1 (Exec base: 0x08000000, Load base: 0x08000000, Size: 0x000077cc, Max: 0x00020000, ABSOLUTE)

    Exec Addr    Load Addr    Size         Type   Attr      Idx    E Section Name        Object

    0x08000000   0x08000000   0x000001d8   Data   RO            3    RESET               startup_stm32g431xx.o
    0x080001d8   0x080001d8   0x00000008   Code   RO         1780  * !!!main             c_w.l(__main.o)
    0x080001e0   0x080001e0   0x00000034   Code   RO         2077    !!!scatter          c_w.l(__scatter.o)
    0x08000214   0x08000214   0x0000001a   Code   RO         2079    !!handler_copy      c_w.l(__scatter_copy.o)
    0x0800022e   0x0800022e   0x00000002   PAD
    0x08000230   0x08000230   0x0000001c   Code   RO         2081    !!handler_zi        c_w.l(__scatter_zi.o)
    0x0800024c   0x0800024c   0x00000000   Code   RO         1775    .ARM.Collect$$_printf_percent$$00000000  c_w.l(_printf_percent.o)
    0x0800024c   0x0800024c   0x00000006   Code   RO         1774    .ARM.Collect$$_printf_percent$$00000003  c_w.l(_printf_f.o)
    0x08000252   0x08000252   0x00000006   Code   RO         1773    .ARM.Collect$$_printf_percent$$0000000A  c_w.l(_printf_u.o)
    0x08000258   0x08000258   0x00000006   Code   RO         1772    .ARM.Collect$$_printf_percent$$00000014  c_w.l(_printf_s.o)
    0x0800025e   0x0800025e   0x00000004   Code   RO         1836    .ARM.Collect$$_printf_percent$$00000017  c_w.l(_printf_percent_end.o)
    0x08000262   0x08000262   0x00000002   Code   RO         1952    .ARM.Collect$$libinit$$00000000  c_w.l(libinit.o)
    0x08000264   0x08000264   0x00000004   Code   RO         1953    .ARM.Collect$$libinit$$00000001  c_w.l(libinit2.o)
    0x08000268   0x08000268   0x00000000   Code   RO         1956    .ARM.Collect$$libinit$$00000004  c_w.l(libinit2.o)
    0x08000268   0x08000268   0x00000000   Code   RO         1959    .ARM.Collect$$libinit$$0000000A  c_w.l(libinit2.o)
    0x08000268   0x08000268   0x00000000   Code   RO         1961    .ARM.Collect$$libinit$$0000000C  c_w.l(libinit2.o)
    0x08000268   0x08000268   0x00000000   Code   RO         1963    .ARM.Collect$$libinit$$0000000E  c_w.l(libinit2.o)
    0x08000268   0x08000268   0x00000006   Code   RO         1964    .ARM.Collect$$libinit$$0000000F  c_w.l(libinit2.o)
    0x0800026e   0x0800026e   0x00000000   Code   RO         1966    .ARM.Collect$$libinit$$00000011  c_w.l(libinit2.o)
    0x0800026e   0x0800026e   0x00000000   Code   RO         1968    .ARM.Collect$$libinit$$00000013  c_w.l(libinit2.o)
    0x0800026e   0x0800026e   0x00000000   Code   RO         1970    .ARM.Collect$$libinit$$00000015  c_w.l(libinit2.o)
    0x0800026e   0x0800026e   0x0000000a   Code   RO         1971    .ARM.Collect$$libinit$$00000016  c_w.l(libinit2.o)
    0x08000278   0x08000278   0x00000000   Code   RO         1972    .ARM.Collect$$libinit$$00000017  c_w.l(libinit2.o)
    0x08000278   0x08000278   0x00000000   Code   RO         1974    .ARM.Collect$$libinit$$00000019  c_w.l(libinit2.o)
    0x08000278   0x08000278   0x00000000   Code   RO         1976    .ARM.Collect$$libinit$$0000001B  c_w.l(libinit2.o)
    0x08000278   0x08000278   0x00000000   Code   RO         1978    .ARM.Collect$$libinit$$0000001D  c_w.l(libinit2.o)
    0x08000278   0x08000278   0x00000000   Code   RO         1980    .ARM.Collect$$libinit$$0000001F  c_w.l(libinit2.o)
    0x08000278   0x08000278   0x00000000   Code   RO         1982    .ARM.Collect$$libinit$$00000021  c_w.l(libinit2.o)
    0x08000278   0x08000278   0x00000000   Code   RO         1984    .ARM.Collect$$libinit$$00000023  c_w.l(libinit2.o)
    0x08000278   0x08000278   0x00000000   Code   RO         1986    .ARM.Collect$$libinit$$00000025  c_w.l(libinit2.o)
    0x08000278   0x08000278   0x00000000   Code   RO         1990    .ARM.Collect$$libinit$$0000002C  c_w.l(libinit2.o)
    0x08000278   0x08000278   0x00000000   Code   RO         1992    .ARM.Collect$$libinit$$0000002E  c_w.l(libinit2.o)
    0x08000278   0x08000278   0x00000000   Code   RO         1994    .ARM.Collect$$libinit$$00000030  c_w.l(libinit2.o)
    0x08000278   0x08000278   0x00000000   Code   RO         1996    .ARM.Collect$$libinit$$00000032  c_w.l(libinit2.o)
    0x08000278   0x08000278   0x00000002   Code   RO         1997    .ARM.Collect$$libinit$$00000033  c_w.l(libinit2.o)
    0x0800027a   0x0800027a   0x00000002   Code   RO         2041    .ARM.Collect$$libshutdown$$00000000  c_w.l(libshutdown.o)
    0x0800027c   0x0800027c   0x00000000   Code   RO         2060    .ARM.Collect$$libshutdown$$00000002  c_w.l(libshutdown2.o)
    0x0800027c   0x0800027c   0x00000000   Code   RO         2062    .ARM.Collect$$libshutdown$$00000004  c_w.l(libshutdown2.o)
    0x0800027c   0x0800027c   0x00000000   Code   RO         2065    .ARM.Collect$$libshutdown$$00000007  c_w.l(libshutdown2.o)
    0x0800027c   0x0800027c   0x00000000   Code   RO         2068    .ARM.Collect$$libshutdown$$0000000A  c_w.l(libshutdown2.o)
    0x0800027c   0x0800027c   0x00000000   Code   RO         2070    .ARM.Collect$$libshutdown$$0000000C  c_w.l(libshutdown2.o)
    0x0800027c   0x0800027c   0x00000000   Code   RO         2073    .ARM.Collect$$libshutdown$$0000000F  c_w.l(libshutdown2.o)
    0x0800027c   0x0800027c   0x00000002   Code   RO         2074    .ARM.Collect$$libshutdown$$00000010  c_w.l(libshutdown2.o)
    0x0800027e   0x0800027e   0x00000000   Code   RO         1813    .ARM.Collect$$rtentry$$00000000  c_w.l(__rtentry.o)
    0x0800027e   0x0800027e   0x00000000   Code   RO         1862    .ARM.Collect$$rtentry$$00000002  c_w.l(__rtentry2.o)
    0x0800027e   0x0800027e   0x00000006   Code   RO         1874    .ARM.Collect$$rtentry$$00000004  c_w.l(__rtentry4.o)
    0x08000284   0x08000284   0x00000000   Code   RO         1864    .ARM.Collect$$rtentry$$00000009  c_w.l(__rtentry2.o)
    0x08000284   0x08000284   0x00000004   Code   RO         1865    .ARM.Collect$$rtentry$$0000000A  c_w.l(__rtentry2.o)
    0x08000288   0x08000288   0x00000000   Code   RO         1867    .ARM.Collect$$rtentry$$0000000C  c_w.l(__rtentry2.o)
    0x08000288   0x08000288   0x00000008   Code   RO         1868    .ARM.Collect$$rtentry$$0000000D  c_w.l(__rtentry2.o)
    0x08000290   0x08000290   0x00000002   Code   RO         1998    .ARM.Collect$$rtexit$$00000000  c_w.l(rtexit.o)
    0x08000292   0x08000292   0x00000000   Code   RO         2013    .ARM.Collect$$rtexit$$00000002  c_w.l(rtexit2.o)
    0x08000292   0x08000292   0x00000004   Code   RO         2014    .ARM.Collect$$rtexit$$00000003  c_w.l(rtexit2.o)
    0x08000296   0x08000296   0x00000006   Code   RO         2015    .ARM.Collect$$rtexit$$00000004  c_w.l(rtexit2.o)
    0x0800029c   0x0800029c   0x00000040   Code   RO            4    .text               startup_stm32g431xx.o
    0x080002dc   0x080002dc   0x00000002   Code   RO         1734    .text               c_w.l(use_no_semi_2.o)
    0x080002de   0x080002de   0x000000f0   Code   RO         1736    .text               c_w.l(lludivv7m.o)
    0x080003ce   0x080003ce   0x00000002   PAD
    0x080003d0   0x080003d0   0x00000018   Code   RO         1738    .text               c_w.l(__2printf.o)
    0x080003e8   0x080003e8   0x00000038   Code   RO         1740    .text               c_w.l(__2snprintf.o)
    0x08000420   0x08000420   0x00000052   Code   RO         1748    .text               c_w.l(_printf_str.o)
    0x08000472   0x08000472   0x00000002   PAD
    0x08000474   0x08000474   0x00000078   Code   RO         1750    .text               c_w.l(_printf_dec.o)
    0x080004ec   0x080004ec   0x0000010e   Code   RO         1760    .text               c_w.l(__printf_wp.o)
    0x080005fa   0x080005fa   0x0000004e   Code   RO         1776    .text               c_w.l(rt_memclr_w.o)
    0x08000648   0x08000648   0x00000006   Code   RO         1778    .text               c_w.l(heapauxi.o)
    0x0800064e   0x0800064e   0x00000002   Code   RO         1811    .text               c_w.l(use_no_semi.o)
    0x08000650   0x08000650   0x00000016   Code   RO         1818    .text               c_w.l(_rserrno.o)
    0x08000666   0x08000666   0x000000b2   Code   RO         1820    .text               c_w.l(_printf_intcommon.o)
    0x08000718   0x08000718   0x0000041c   Code   RO         1822    .text               c_w.l(_printf_fp_dec.o)
    0x08000b34   0x08000b34   0x00000030   Code   RO         1826    .text               c_w.l(_printf_char_common.o)
    0x08000b64   0x08000b64   0x0000000a   Code   RO         1828    .text               c_w.l(_sputc.o)
    0x08000b6e   0x08000b6e   0x00000010   Code   RO         1830    .text               c_w.l(_snputc.o)
    0x08000b7e   0x08000b7e   0x0000002c   Code   RO         1832    .text               c_w.l(_printf_char.o)
    0x08000baa   0x08000baa   0x00000002   PAD
    0x08000bac   0x08000bac   0x00000024   Code   RO         1834    .text               c_w.l(_printf_char_file.o)
    0x08000bd0   0x08000bd0   0x00000008   Code   RO         1881    .text               c_w.l(rt_locale_intlibspace.o)
    0x08000bd8   0x08000bd8   0x00000008   Code   RO         1886    .text               c_w.l(rt_errno_addr_intlibspace.o)
    0x08000be0   0x08000be0   0x0000008a   Code   RO         1888    .text               c_w.l(lludiv10.o)
    0x08000c6a   0x08000c6a   0x00000002   PAD
    0x08000c6c   0x08000c6c   0x00000080   Code   RO         1890    .text               c_w.l(_printf_fp_infnan.o)
    0x08000cec   0x08000cec   0x000000e4   Code   RO         1894    .text               c_w.l(bigflt0.o)
    0x08000dd0   0x08000dd0   0x00000008   Code   RO         1921    .text               c_w.l(ferror.o)
    0x08000dd8   0x08000dd8   0x00000008   Code   RO         1932    .text               c_w.l(libspace.o)
    0x08000de0   0x08000de0   0x0000004a   Code   RO         1935    .text               c_w.l(sys_stackheap_outer.o)
    0x08000e2a   0x08000e2a   0x00000012   Code   RO         1939    .text               c_w.l(exit.o)
    0x08000e3c   0x08000e3c   0x00000004   PAD
    0x08000e40   0x08000e40   0x0000007c   Code   RO         1945    .text               c_w.l(strcmpv7em.o)
    0x08000ebc   0x08000ebc   0x00000010   Code   RO          119    .text.ADC1_2_IRQHandler  stm32g4xx_it.o
    0x08000ecc   0x08000ecc   0x00000064   Code   RO          192    .text.ADC_DMAConvCplt  stm32g4xx_hal_adc.o
    0x08000f30   0x08000f30   0x0000001a   Code   RO          196    .text.ADC_DMAError  stm32g4xx_hal_adc.o
    0x08000f4a   0x08000f4a   0x00000002   PAD
    0x08000f4c   0x08000f4c   0x0000000a   Code   RO          194    .text.ADC_DMAHalfConvCplt  stm32g4xx_hal_adc.o
    0x08000f56   0x08000f56   0x00000002   PAD
    0x08000f58   0x08000f58   0x000000ce   Code   RO          172    .text.ADC_Enable    stm32g4xx_hal_adc.o
    0x08001026   0x08001026   0x00000002   PAD
    0x08001028   0x08001028   0x0000004e   Code   RO         1651    .text.AntiPark      foc.o
    0x08001076   0x08001076   0x00000002   PAD
    0x08001078   0x08001078   0x00000002   Code   RO          105    .text.BusFault_Handler  stm32g4xx_it.o
    0x0800107a   0x0800107a   0x00000002   PAD
    0x0800107c   0x0800107c   0x00000028   Code   RO         1643    .text.Clark         foc.o
    0x080010a4   0x080010a4   0x00000010   Code   RO          117    .text.DMA1_Channel1_IRQHandler  stm32g4xx_it.o
    0x080010b4   0x080010b4   0x00000056   Code   RO          728    .text.DMA_CalcDMAMUXChannelBaseAndMask  stm32g4xx_hal_dma.o
    0x0800110a   0x0800110a   0x00000002   PAD
    0x0800110c   0x0800110c   0x0000002a   Code   RO          730    .text.DMA_CalcDMAMUXRequestGenBaseAndMask  stm32g4xx_hal_dma.o
    0x08001136   0x08001136   0x00000002   PAD
    0x08001138   0x08001138   0x00000046   Code   RO          736    .text.DMA_SetConfig  stm32g4xx_hal_dma.o
    0x0800117e   0x0800117e   0x00000002   PAD
    0x08001180   0x08001180   0x00000002   Code   RO          111    .text.DebugMon_Handler  stm32g4xx_it.o
    0x08001182   0x08001182   0x00000002   PAD
    0x08001184   0x08001184   0x00000080   Code   RO         1655    .text.DefaultPID    foc.o
    0x08001204   0x08001204   0x00000170   Code   RO         1659    .text.DefaultSVPWM  foc.o
    0x08001374   0x08001374   0x0000000a   Code   RO           15    .text.Error_Handler  main.o
    0x0800137e   0x0800137e   0x00000002   PAD
    0x08001380   0x08001380   0x0000000a   Code   RO         1632    .text.GetMotorStruct  motorpara.o
    0x0800138a   0x0800138a   0x00000002   PAD
    0x0800138c   0x0800138c   0x00000094   Code   RO         1710    .text.GetOffsetCurrent  sample.o
    0x08001420   0x08001420   0x00000058   Code   RO         1712    .text.GetPhaseCurrent  sample.o
    0x08001478   0x08001478   0x0000005c   Code   RO         1718    .text.GetPwmPeriod  sample.o
    0x080014d4   0x080014d4   0x0000000a   Code   RO         1630    .text.GetTemperatureStruct  motorpara.o
    0x080014de   0x080014de   0x00000002   PAD
    0x080014e0   0x080014e0   0x0000006c   Code   RO         1716    .text.GetTempture   sample.o
    0x0800154c   0x0800154c   0x0000002c   Code   RO         1714    .text.GetVoltageBus  sample.o
    0x08001578   0x08001578   0x00000026   Code   RO          382    .text.HAL_ADCEx_DisableInjectedQueue  stm32g4xx_hal_adc_ex.o
    0x0800159e   0x0800159e   0x00000002   PAD
    0x080015a0   0x080015a0   0x00000002   Code   RO          346    .text.HAL_ADCEx_EndOfSamplingCallback  stm32g4xx_hal_adc_ex.o
    0x080015a2   0x080015a2   0x00000002   PAD
    0x080015a4   0x080015a4   0x00000444   Code   RO          356    .text.HAL_ADCEx_InjectedConfigChannel  stm32g4xx_hal_adc_ex.o
    0x080019e8   0x080019e8   0x000004e0   Code   RO         1591    .text.HAL_ADCEx_InjectedConvCpltCallback  globalcontrol.o
    0x08001ec8   0x08001ec8   0x00000032   Code   RO          336    .text.HAL_ADCEx_InjectedGetValue  stm32g4xx_hal_adc_ex.o
    0x08001efa   0x08001efa   0x00000002   PAD
    0x08001efc   0x08001efc   0x00000002   Code   RO          340    .text.HAL_ADCEx_InjectedQueueOverflowCallback  stm32g4xx_hal_adc_ex.o
    0x08001efe   0x08001efe   0x00000002   PAD
    0x08001f00   0x08001f00   0x0000010c   Code   RO          324    .text.HAL_ADCEx_InjectedStart_IT  stm32g4xx_hal_adc_ex.o
    0x0800200c   0x0800200c   0x00000002   Code   RO          342    .text.HAL_ADCEx_LevelOutOfWindow2Callback  stm32g4xx_hal_adc_ex.o
    0x0800200e   0x0800200e   0x00000002   PAD
    0x08002010   0x08002010   0x00000002   Code   RO          344    .text.HAL_ADCEx_LevelOutOfWindow3Callback  stm32g4xx_hal_adc_ex.o
    0x08002012   0x08002012   0x00000002   PAD
    0x08002014   0x08002014   0x00000352   Code   RO          218    .text.HAL_ADC_ConfigChannel  stm32g4xx_hal_adc.o
    0x08002366   0x08002366   0x00000002   PAD
    0x08002368   0x08002368   0x0000008c   Code   RO         1589    .text.HAL_ADC_ConvCpltCallback  globalcontrol.o
    0x080023f4   0x080023f4   0x00000002   Code   RO          216    .text.HAL_ADC_ConvHalfCpltCallback  stm32g4xx_hal_adc.o
    0x080023f6   0x080023f6   0x00000002   PAD
    0x080023f8   0x080023f8   0x00000002   Code   RO          214    .text.HAL_ADC_ErrorCallback  stm32g4xx_hal_adc.o
    0x080023fa   0x080023fa   0x00000002   PAD
    0x080023fc   0x080023fc   0x0000023a   Code   RO          206    .text.HAL_ADC_IRQHandler  stm32g4xx_hal_adc.o
    0x08002636   0x08002636   0x00000002   PAD
    0x08002638   0x08002638   0x000001d2   Code   RO          140    .text.HAL_ADC_Init  stm32g4xx_hal_adc.o
    0x0800280a   0x0800280a   0x00000002   PAD
    0x0800280c   0x0800280c   0x00000002   Code   RO          212    .text.HAL_ADC_LevelOutOfWindowCallback  stm32g4xx_hal_adc.o
    0x0800280e   0x0800280e   0x00000002   PAD
    0x08002810   0x08002810   0x00000138   Code   RO           37    .text.HAL_ADC_MspInit  adc.o
    0x08002948   0x08002948   0x000000f6   Code   RO          190    .text.HAL_ADC_Start_DMA  stm32g4xx_hal_adc.o
    0x08002a3e   0x08002a3e   0x00000002   PAD
    0x08002a40   0x08002a40   0x00000076   Code   RO          740    .text.HAL_DMA_Abort  stm32g4xx_hal_dma.o
    0x08002ab6   0x08002ab6   0x00000002   PAD
    0x08002ab8   0x08002ab8   0x0000007a   Code   RO          742    .text.HAL_DMA_Abort_IT  stm32g4xx_hal_dma.o
    0x08002b32   0x08002b32   0x00000002   PAD
    0x08002b34   0x08002b34   0x000000aa   Code   RO          746    .text.HAL_DMA_IRQHandler  stm32g4xx_hal_dma.o
    0x08002bde   0x08002bde   0x00000002   PAD
    0x08002be0   0x08002be0   0x000000da   Code   RO          726    .text.HAL_DMA_Init  stm32g4xx_hal_dma.o
    0x08002cba   0x08002cba   0x00000002   PAD
    0x08002cbc   0x08002cbc   0x0000008a   Code   RO          738    .text.HAL_DMA_Start_IT  stm32g4xx_hal_dma.o
    0x08002d46   0x08002d46   0x00000002   PAD
    0x08002d48   0x08002d48   0x000001a4   Code   RO          676    .text.HAL_GPIO_Init  stm32g4xx_hal_gpio.o
    0x08002eec   0x08002eec   0x0000000c   Code   RO          682    .text.HAL_GPIO_WritePin  stm32g4xx_hal_gpio.o
    0x08002ef8   0x08002ef8   0x0000000c   Code   RO          415    .text.HAL_GetTick   stm32g4xx_hal.o
    0x08002f04   0x08002f04   0x0000001a   Code   RO          413    .text.HAL_IncTick   stm32g4xx_hal.o
    0x08002f1e   0x08002f1e   0x00000002   PAD
    0x08002f20   0x08002f20   0x0000001e   Code   RO          403    .text.HAL_Init      stm32g4xx_hal.o
    0x08002f3e   0x08002f3e   0x00000002   PAD
    0x08002f40   0x08002f40   0x00000056   Code   RO          405    .text.HAL_InitTick  stm32g4xx_hal.o
    0x08002f96   0x08002f96   0x00000002   PAD
    0x08002f98   0x08002f98   0x00000038   Code   RO          132    .text.HAL_MspInit   stm32g4xx_hal_msp.o
    0x08002fd0   0x08002fd0   0x00000008   Code   RO          916    .text.HAL_NVIC_EnableIRQ  stm32g4xx_hal_cortex.o
    0x08002fd8   0x08002fd8   0x0000001e   Code   RO          908    .text.HAL_NVIC_SetPriority  stm32g4xx_hal_cortex.o
    0x08002ff6   0x08002ff6   0x00000002   PAD
    0x08002ff8   0x08002ff8   0x00000008   Code   RO          904    .text.HAL_NVIC_SetPriorityGrouping  stm32g4xx_hal_cortex.o
    0x08003000   0x08003000   0x000000ee   Code   RO          824    .text.HAL_PWREx_ControlVoltageScaling  stm32g4xx_hal_pwr_ex.o
    0x080030ee   0x080030ee   0x00000002   PAD
    0x080030f0   0x080030f0   0x00000012   Code   RO          894    .text.HAL_PWREx_DisableUCPDDeadBattery  stm32g4xx_hal_pwr_ex.o
    0x08003102   0x08003102   0x00000002   PAD
    0x08003104   0x08003104   0x00000292   Code   RO          530    .text.HAL_RCCEx_PeriphCLKConfig  stm32g4xx_hal_rcc_ex.o
    0x08003396   0x08003396   0x00000002   PAD
    0x08003398   0x08003398   0x00000206   Code   RO          494    .text.HAL_RCC_ClockConfig  stm32g4xx_hal_rcc.o
    0x0800359e   0x0800359e   0x00000002   PAD
    0x080035a0   0x080035a0   0x0000000c   Code   RO          502    .text.HAL_RCC_GetHCLKFreq  stm32g4xx_hal_rcc.o
    0x080035ac   0x080035ac   0x00000026   Code   RO          504    .text.HAL_RCC_GetPCLK1Freq  stm32g4xx_hal_rcc.o
    0x080035d2   0x080035d2   0x00000002   PAD
    0x080035d4   0x080035d4   0x00000026   Code   RO          506    .text.HAL_RCC_GetPCLK2Freq  stm32g4xx_hal_rcc.o
    0x080035fa   0x080035fa   0x00000002   PAD
    0x080035fc   0x080035fc   0x00000062   Code   RO          498    .text.HAL_RCC_GetSysClockFreq  stm32g4xx_hal_rcc.o
    0x0800365e   0x0800365e   0x00000002   PAD
    0x08003660   0x08003660   0x0000047a   Code   RO          492    .text.HAL_RCC_OscConfig  stm32g4xx_hal_rcc.o
    0x08003ada   0x08003ada   0x00000002   PAD
    0x08003adc   0x08003adc   0x00000008   Code   RO          928    .text.HAL_SYSTICK_Config  stm32g4xx_hal_cortex.o
    0x08003ae4   0x08003ae4   0x00000002   Code   RO         1354    .text.HAL_TIMEx_Break2Callback  stm32g4xx_hal_tim_ex.o
    0x08003ae6   0x08003ae6   0x00000002   PAD
    0x08003ae8   0x08003ae8   0x00000002   Code   RO         1352    .text.HAL_TIMEx_BreakCallback  stm32g4xx_hal_tim_ex.o
    0x08003aea   0x08003aea   0x00000002   PAD
    0x08003aec   0x08003aec   0x00000002   Code   RO         1348    .text.HAL_TIMEx_CommutCallback  stm32g4xx_hal_tim_ex.o
    0x08003aee   0x08003aee   0x00000002   PAD
    0x08003af0   0x08003af0   0x000000d0   Code   RO         1300    .text.HAL_TIMEx_ConfigBreakDeadTime  stm32g4xx_hal_tim_ex.o
    0x08003bc0   0x08003bc0   0x00000002   Code   RO         1358    .text.HAL_TIMEx_DirectionChangeCallback  stm32g4xx_hal_tim_ex.o
    0x08003bc2   0x08003bc2   0x00000002   PAD
    0x08003bc4   0x08003bc4   0x00000002   Code   RO         1356    .text.HAL_TIMEx_EncoderIndexCallback  stm32g4xx_hal_tim_ex.o
    0x08003bc6   0x08003bc6   0x00000002   PAD
    0x08003bc8   0x08003bc8   0x00000002   Code   RO         1360    .text.HAL_TIMEx_IndexErrorCallback  stm32g4xx_hal_tim_ex.o
    0x08003bca   0x08003bca   0x00000002   PAD
    0x08003bcc   0x08003bcc   0x000000a8   Code   RO         1298    .text.HAL_TIMEx_MasterConfigSynchronization  stm32g4xx_hal_tim_ex.o
    0x08003c74   0x08003c74   0x00000002   Code   RO         1362    .text.HAL_TIMEx_TransitionErrorCallback  stm32g4xx_hal_tim_ex.o
    0x08003c76   0x08003c76   0x00000002   PAD
    0x08003c78   0x08003c78   0x00000062   Code   RO          980    .text.HAL_TIM_Base_Init  stm32g4xx_hal_tim.o
    0x08003cda   0x08003cda   0x00000002   PAD
    0x08003cdc   0x08003cdc   0x00000044   Code   RO           64    .text.HAL_TIM_Base_MspInit  tim.o
    0x08003d20   0x08003d20   0x0000009e   Code   RO          994    .text.HAL_TIM_Base_Start_IT  stm32g4xx_hal_tim.o
    0x08003dbe   0x08003dbe   0x00000002   PAD
    0x08003dc0   0x08003dc0   0x00000114   Code   RO         1176    .text.HAL_TIM_ConfigClockSource  stm32g4xx_hal_tim.o
    0x08003ed4   0x08003ed4   0x00000002   Code   RO         1116    .text.HAL_TIM_IC_CaptureCallback  stm32g4xx_hal_tim.o
    0x08003ed6   0x08003ed6   0x00000002   PAD
    0x08003ed8   0x08003ed8   0x000001ba   Code   RO         1114    .text.HAL_TIM_IRQHandler  stm32g4xx_hal_tim.o
    0x08004092   0x08004092   0x00000002   PAD
    0x08004094   0x08004094   0x0000005c   Code   RO           62    .text.HAL_TIM_MspPostInit  tim.o
    0x080040f0   0x080040f0   0x00000002   Code   RO         1118    .text.HAL_TIM_OC_DelayElapsedCallback  stm32g4xx_hal_tim.o
    0x080040f2   0x080040f2   0x00000002   PAD
    0x080040f4   0x080040f4   0x000000ba   Code   RO         1150    .text.HAL_TIM_PWM_ConfigChannel  stm32g4xx_hal_tim.o
    0x080041ae   0x080041ae   0x00000002   PAD
    0x080041b0   0x080041b0   0x00000062   Code   RO         1034    .text.HAL_TIM_PWM_Init  stm32g4xx_hal_tim.o
    0x08004212   0x08004212   0x00000002   PAD
    0x08004214   0x08004214   0x00000002   Code   RO         1036    .text.HAL_TIM_PWM_MspInit  stm32g4xx_hal_tim.o
    0x08004216   0x08004216   0x00000002   PAD
    0x08004218   0x08004218   0x00000002   Code   RO         1120    .text.HAL_TIM_PWM_PulseFinishedCallback  stm32g4xx_hal_tim.o
    0x0800421a   0x0800421a   0x00000002   PAD
    0x0800421c   0x0800421c   0x00000164   Code   RO         1042    .text.HAL_TIM_PWM_Start  stm32g4xx_hal_tim.o
    0x08004380   0x08004380   0x00000020   Code   RO         1587    .text.HAL_TIM_PeriodElapsedCallback  globalcontrol.o
    0x080043a0   0x080043a0   0x00000002   Code   RO         1124    .text.HAL_TIM_TriggerCallback  stm32g4xx_hal_tim.o
    0x080043a2   0x080043a2   0x00000002   PAD
    0x080043a4   0x080043a4   0x00000036   Code   RO         1547    .text.HAL_UARTEx_DisableFifoMode  stm32g4xx_hal_uart_ex.o
    0x080043da   0x080043da   0x00000002   PAD
    0x080043dc   0x080043dc   0x00000002   Code   RO         1470    .text.HAL_UARTEx_RxEventCallback  stm32g4xx_hal_uart.o
    0x080043de   0x080043de   0x00000002   PAD
    0x080043e0   0x080043e0   0x00000002   Code   RO         1529    .text.HAL_UARTEx_RxFifoFullCallback  stm32g4xx_hal_uart_ex.o
    0x080043e2   0x080043e2   0x00000002   PAD
    0x080043e4   0x080043e4   0x0000004a   Code   RO         1551    .text.HAL_UARTEx_SetRxFifoThreshold  stm32g4xx_hal_uart_ex.o
    0x0800442e   0x0800442e   0x00000002   PAD
    0x08004430   0x08004430   0x0000004a   Code   RO         1549    .text.HAL_UARTEx_SetTxFifoThreshold  stm32g4xx_hal_uart_ex.o
    0x0800447a   0x0800447a   0x00000002   PAD
    0x0800447c   0x0800447c   0x00000002   Code   RO         1531    .text.HAL_UARTEx_TxFifoEmptyCallback  stm32g4xx_hal_uart_ex.o
    0x0800447e   0x0800447e   0x00000002   PAD
    0x08004480   0x08004480   0x00000002   Code   RO         1527    .text.HAL_UARTEx_WakeupCallback  stm32g4xx_hal_uart_ex.o
    0x08004482   0x08004482   0x00000002   PAD
    0x08004484   0x08004484   0x00000002   Code   RO         1468    .text.HAL_UART_ErrorCallback  stm32g4xx_hal_uart.o
    0x08004486   0x08004486   0x00000002   PAD
    0x08004488   0x08004488   0x00000322   Code   RO         1464    .text.HAL_UART_IRQHandler  stm32g4xx_hal_uart.o
    0x080047aa   0x080047aa   0x00000002   PAD
    0x080047ac   0x080047ac   0x00000062   Code   RO         1376    .text.HAL_UART_Init  stm32g4xx_hal_uart.o
    0x0800480e   0x0800480e   0x00000002   PAD
    0x08004810   0x08004810   0x000000a0   Code   RO           79    .text.HAL_UART_MspInit  usart.o
    0x080048b0   0x080048b0   0x000000da   Code   RO         1396    .text.HAL_UART_Transmit  stm32g4xx_hal_uart.o
    0x0800498a   0x0800498a   0x00000002   PAD
    0x0800498c   0x0800498c   0x00000002   Code   RO         1474    .text.HAL_UART_TxCpltCallback  stm32g4xx_hal_uart.o
    0x0800498e   0x0800498e   0x00000002   PAD
    0x08004990   0x08004990   0x00000002   Code   RO          101    .text.HardFault_Handler  stm32g4xx_it.o
    0x08004992   0x08004992   0x00000002   PAD
    0x08004994   0x08004994   0x00000010   Code   RO          146    .text.LL_ADC_DisableDeepPowerDown  stm32g4xx_hal_adc.o
    0x080049a4   0x080049a4   0x00000012   Code   RO          276    .text.LL_ADC_Enable  stm32g4xx_hal_adc.o
    0x080049b6   0x080049b6   0x00000002   PAD
    0x080049b8   0x080049b8   0x00000014   Code   RO          150    .text.LL_ADC_EnableInternalRegulator  stm32g4xx_hal_adc.o
    0x080049cc   0x080049cc   0x00000010   Code   RO          238    .text.LL_ADC_GetCommonPathInternalCh  stm32g4xx_hal_adc.o
    0x080049dc   0x080049dc   0x00000010   Code   RO          374    .text.LL_ADC_GetCommonPathInternalCh  stm32g4xx_hal_adc_ex.o
    0x080049ec   0x080049ec   0x00000010   Code   RO          180    .text.LL_ADC_GetMultiDMATransfer  stm32g4xx_hal_adc.o
    0x080049fc   0x080049fc   0x00000010   Code   RO          170    .text.LL_ADC_GetMultimode  stm32g4xx_hal_adc.o
    0x08004a0c   0x08004a0c   0x00000010   Code   RO          310    .text.LL_ADC_GetMultimode  stm32g4xx_hal_adc_ex.o
    0x08004a1c   0x08004a1c   0x0000000c   Code   RO          232    .text.LL_ADC_GetOffsetChannel  stm32g4xx_hal_adc.o
    0x08004a28   0x08004a28   0x0000000c   Code   RO          368    .text.LL_ADC_GetOffsetChannel  stm32g4xx_hal_adc_ex.o
    0x08004a34   0x08004a34   0x00000008   Code   RO          312    .text.LL_ADC_INJ_GetTrigAuto  stm32g4xx_hal_adc_ex.o
    0x08004a3c   0x08004a3c   0x00000008   Code   RO          158    .text.LL_ADC_INJ_IsConversionOngoing  stm32g4xx_hal_adc.o
    0x08004a44   0x08004a44   0x00000008   Code   RO          302    .text.LL_ADC_INJ_IsConversionOngoing  stm32g4xx_hal_adc_ex.o
    0x08004a4c   0x08004a4c   0x0000000e   Code   RO          210    .text.LL_ADC_INJ_IsTriggerSourceSWStart  stm32g4xx_hal_adc.o
    0x08004a5a   0x08004a5a   0x00000002   PAD
    0x08004a5c   0x08004a5c   0x00000014   Code   RO          384    .text.LL_ADC_INJ_SetQueueMode  stm32g4xx_hal_adc_ex.o
    0x08004a70   0x08004a70   0x00000012   Code   RO          314    .text.LL_ADC_INJ_StartConversion  stm32g4xx_hal_adc_ex.o
    0x08004a82   0x08004a82   0x00000002   PAD
    0x08004a84   0x08004a84   0x00000008   Code   RO          144    .text.LL_ADC_IsDeepPowerDownEnabled  stm32g4xx_hal_adc.o
    0x08004a8c   0x08004a8c   0x00000008   Code   RO          154    .text.LL_ADC_IsEnabled  stm32g4xx_hal_adc.o
    0x08004a94   0x08004a94   0x00000008   Code   RO          304    .text.LL_ADC_IsEnabled  stm32g4xx_hal_adc_ex.o
    0x08004a9c   0x08004a9c   0x00000008   Code   RO          148    .text.LL_ADC_IsInternalRegulatorEnabled  stm32g4xx_hal_adc.o
    0x08004aa4   0x08004aa4   0x00000008   Code   RO          152    .text.LL_ADC_REG_IsConversionOngoing  stm32g4xx_hal_adc.o
    0x08004aac   0x08004aac   0x00000008   Code   RO          300    .text.LL_ADC_REG_IsConversionOngoing  stm32g4xx_hal_adc_ex.o
    0x08004ab4   0x08004ab4   0x0000000e   Code   RO          182    .text.LL_ADC_REG_IsTriggerSourceSWStart  stm32g4xx_hal_adc.o
    0x08004ac2   0x08004ac2   0x00000002   PAD
    0x08004ac4   0x08004ac4   0x00000026   Code   RO          220    .text.LL_ADC_REG_SetSequencerRanks  stm32g4xx_hal_adc.o
    0x08004aea   0x08004aea   0x00000002   PAD
    0x08004aec   0x08004aec   0x00000012   Code   RO          174    .text.LL_ADC_REG_StartConversion  stm32g4xx_hal_adc.o
    0x08004afe   0x08004afe   0x00000002   PAD
    0x08004b00   0x08004b00   0x00000022   Code   RO          222    .text.LL_ADC_SetChannelSamplingTime  stm32g4xx_hal_adc.o
    0x08004b22   0x08004b22   0x00000002   PAD
    0x08004b24   0x08004b24   0x00000022   Code   RO          358    .text.LL_ADC_SetChannelSamplingTime  stm32g4xx_hal_adc_ex.o
    0x08004b46   0x08004b46   0x00000002   PAD
    0x08004b48   0x08004b48   0x0000002a   Code   RO          236    .text.LL_ADC_SetChannelSingleDiff  stm32g4xx_hal_adc.o
    0x08004b72   0x08004b72   0x00000002   PAD
    0x08004b74   0x08004b74   0x0000002a   Code   RO          372    .text.LL_ADC_SetChannelSingleDiff  stm32g4xx_hal_adc_ex.o
    0x08004b9e   0x08004b9e   0x00000002   PAD
    0x08004ba0   0x08004ba0   0x00000014   Code   RO          156    .text.LL_ADC_SetCommonClock  stm32g4xx_hal_adc.o
    0x08004bb4   0x08004bb4   0x00000014   Code   RO          240    .text.LL_ADC_SetCommonPathInternalCh  stm32g4xx_hal_adc.o
    0x08004bc8   0x08004bc8   0x00000014   Code   RO          376    .text.LL_ADC_SetCommonPathInternalCh  stm32g4xx_hal_adc_ex.o
    0x08004bdc   0x08004bdc   0x00000024   Code   RO          226    .text.LL_ADC_SetOffset  stm32g4xx_hal_adc.o
    0x08004c00   0x08004c00   0x00000024   Code   RO          362    .text.LL_ADC_SetOffset  stm32g4xx_hal_adc_ex.o
    0x08004c24   0x08004c24   0x00000010   Code   RO          230    .text.LL_ADC_SetOffsetSaturation  stm32g4xx_hal_adc.o
    0x08004c34   0x08004c34   0x00000010   Code   RO          366    .text.LL_ADC_SetOffsetSaturation  stm32g4xx_hal_adc_ex.o
    0x08004c44   0x08004c44   0x00000010   Code   RO          228    .text.LL_ADC_SetOffsetSign  stm32g4xx_hal_adc.o
    0x08004c54   0x08004c54   0x00000010   Code   RO          364    .text.LL_ADC_SetOffsetSign  stm32g4xx_hal_adc_ex.o
    0x08004c64   0x08004c64   0x0000000e   Code   RO          234    .text.LL_ADC_SetOffsetState  stm32g4xx_hal_adc.o
    0x08004c72   0x08004c72   0x00000002   PAD
    0x08004c74   0x08004c74   0x0000000e   Code   RO          370    .text.LL_ADC_SetOffsetState  stm32g4xx_hal_adc_ex.o
    0x08004c82   0x08004c82   0x00000002   PAD
    0x08004c84   0x08004c84   0x0000000c   Code   RO          224    .text.LL_ADC_SetSamplingTimeCommonConfig  stm32g4xx_hal_adc.o
    0x08004c90   0x08004c90   0x0000000c   Code   RO          360    .text.LL_ADC_SetSamplingTimeCommonConfig  stm32g4xx_hal_adc_ex.o
    0x08004c9c   0x08004c9c   0x00000010   Code   RO         1720    .text.LL_RCC_GetAPB2Prescaler  sample.o
    0x08004cac   0x08004cac   0x00000098   Code   RO         1698    .text.LedControl    driver.o
    0x08004d44   0x08004d44   0x0000016a   Code   RO           35    .text.MX_ADC2_Init  adc.o
    0x08004eae   0x08004eae   0x00000002   PAD
    0x08004eb0   0x08004eb0   0x00000044   Code   RO           51    .text.MX_DMA_Init   dma.o
    0x08004ef4   0x08004ef4   0x000000f8   Code   RO           26    .text.MX_GPIO_Init  gpio.o
    0x08004fec   0x08004fec   0x0000016a   Code   RO           60    .text.MX_TIM1_Init  tim.o
    0x08005156   0x08005156   0x00000002   PAD
    0x08005158   0x08005158   0x0000007e   Code   RO           77    .text.MX_USART1_UART_Init  usart.o
    0x080051d6   0x080051d6   0x00000002   PAD
    0x080051d8   0x080051d8   0x00000002   Code   RO          103    .text.MemManage_Handler  stm32g4xx_it.o
    0x080051da   0x080051da   0x00000002   PAD
    0x080051dc   0x080051dc   0x0000001c   Code   RO         1585    .text.MotorAlignStart  globalcontrol.o
    0x080051f8   0x080051f8   0x0000002c   Code   RO         1692    .text.MotorDriverDisable  driver.o
    0x08005224   0x08005224   0x0000002c   Code   RO         1694    .text.MotorDriverEnable  driver.o
    0x08005250   0x08005250   0x0000004e   Code   RO         1595    .text.MotorOpenLoopStart  globalcontrol.o
    0x0800529e   0x0800529e   0x00000002   PAD
    0x080052a0   0x080052a0   0x0000010c   Code   RO         1601    .text.MotorParaInit  globalcontrol.o
    0x080053ac   0x080053ac   0x00000074   Code   RO         1607    .text.MotorSpedControl  globalcontrol.o
    0x08005420   0x08005420   0x00000002   Code   RO           99    .text.NMI_Handler   stm32g4xx_it.o
    0x08005422   0x08005422   0x00000002   PAD
    0x08005424   0x08005424   0x0000002c   Code   RO          914    .text.NVIC_EncodePriority  stm32g4xx_hal_cortex.o
    0x08005450   0x08005450   0x00000100   Code   RO         1674    .text.ObserverSMO   observer.o
    0x08005550   0x08005550   0x0000001e   Code   RO         1653    .text.PID           foc.o
    0x0800556e   0x0800556e   0x00000002   PAD
    0x08005570   0x08005570   0x00000086   Code   RO         1647    .text.PIDCalc       foc.o
    0x080055f6   0x080055f6   0x00000002   PAD
    0x080055f8   0x080055f8   0x00000158   Code   RO         1676    .text.PLL           observer.o
    0x08005750   0x08005750   0x0000004e   Code   RO         1645    .text.Park          foc.o
    0x0800579e   0x0800579e   0x00000002   PAD
    0x080057a0   0x080057a0   0x00000002   Code   RO          113    .text.PendSV_Handler  stm32g4xx_it.o
    0x080057a2   0x080057a2   0x00000002   PAD
    0x080057a4   0x080057a4   0x00000038   Code   RO          496    .text.RCC_GetSysClockFreqFromPLLSource  stm32g4xx_hal_rcc.o
    0x080057dc   0x080057dc   0x00000002   Code   RO          109    .text.SVC_Handler   stm32g4xx_it.o
    0x080057de   0x080057de   0x00000002   PAD
    0x080057e0   0x080057e0   0x0000001e   Code   RO         1657    .text.SVPWM         foc.o
    0x080057fe   0x080057fe   0x00000002   PAD
    0x08005800   0x08005800   0x00000036   Code   RO         1593    .text.SetPWMValue   globalcontrol.o
    0x08005836   0x08005836   0x00000002   PAD
    0x08005838   0x08005838   0x0000000e   Code   RO         1649    .text.SpeedFeedbackFiltInit  foc.o
    0x08005846   0x08005846   0x00000002   PAD
    0x08005848   0x08005848   0x0000002c   Code   RO         1603    .text.StateName     globalcontrol.o
    0x08005874   0x08005874   0x0000002e   Code   RO          930    .text.SysTick_Config  stm32g4xx_hal_cortex.o
    0x080058a2   0x080058a2   0x00000002   PAD
    0x080058a4   0x080058a4   0x00000008   Code   RO          115    .text.SysTick_Handler  stm32g4xx_it.o
    0x080058ac   0x080058ac   0x00000068   Code   RO           13    .text.SystemClock_Config  main.o
    0x08005914   0x08005914   0x00000012   Code   RO         1570    .text.SystemInit    system_stm32g4xx.o
    0x08005926   0x08005926   0x00000002   PAD
    0x08005928   0x08005928   0x00000010   Code   RO          121    .text.TIM1_UP_TIM16_IRQHandler  stm32g4xx_it.o
    0x08005938   0x08005938   0x0000010a   Code   RO          984    .text.TIM_Base_SetConfig  stm32g4xx_hal_tim.o
    0x08005a42   0x08005a42   0x00000002   PAD
    0x08005a44   0x08005a44   0x00000024   Code   RO         1018    .text.TIM_CCxChannelCmd  stm32g4xx_hal_tim.o
    0x08005a68   0x08005a68   0x00000016   Code   RO         1174    .text.TIM_ETR_SetConfig  stm32g4xx_hal_tim.o
    0x08005a7e   0x08005a7e   0x00000002   PAD
    0x08005a80   0x08005a80   0x00000016   Code   RO         1180    .text.TIM_ITRx_SetConfig  stm32g4xx_hal_tim.o
    0x08005a96   0x08005a96   0x00000002   PAD
    0x08005a98   0x08005a98   0x00000082   Code   RO         1128    .text.TIM_OC1_SetConfig  stm32g4xx_hal_tim.o
    0x08005b1a   0x08005b1a   0x00000002   PAD
    0x08005b1c   0x08005b1c   0x00000092   Code   RO         1130    .text.TIM_OC2_SetConfig  stm32g4xx_hal_tim.o
    0x08005bae   0x08005bae   0x00000002   PAD
    0x08005bb0   0x08005bb0   0x00000092   Code   RO         1132    .text.TIM_OC3_SetConfig  stm32g4xx_hal_tim.o
    0x08005c42   0x08005c42   0x00000002   PAD
    0x08005c44   0x08005c44   0x00000092   Code   RO         1134    .text.TIM_OC4_SetConfig  stm32g4xx_hal_tim.o
    0x08005cd6   0x08005cd6   0x00000002   PAD
    0x08005cd8   0x08005cd8   0x0000005e   Code   RO         1136    .text.TIM_OC5_SetConfig  stm32g4xx_hal_tim.o
    0x08005d36   0x08005d36   0x00000002   PAD
    0x08005d38   0x08005d38   0x00000060   Code   RO         1138    .text.TIM_OC6_SetConfig  stm32g4xx_hal_tim.o
    0x08005d98   0x08005d98   0x00000048   Code   RO         1178    .text.TIM_TI1_ConfigInputStage  stm32g4xx_hal_tim.o
    0x08005de0   0x08005de0   0x00000048   Code   RO         1182    .text.TIM_TI2_ConfigInputStage  stm32g4xx_hal_tim.o
    0x08005e28   0x08005e28   0x0000002c   Code   RO         1599    .text.TemperatureInit  globalcontrol.o
    0x08005e54   0x08005e54   0x000000ec   Code   RO         1605    .text.TxMotorData   globalcontrol.o
    0x08005f40   0x08005f40   0x00000054   Code   RO         1545    .text.UARTEx_SetNbDataToProcess  stm32g4xx_hal_uart_ex.o
    0x08005f94   0x08005f94   0x000000e6   Code   RO         1380    .text.UART_AdvFeatureConfig  stm32g4xx_hal_uart.o
    0x0800607a   0x0800607a   0x00000002   PAD
    0x0800607c   0x0800607c   0x000000c0   Code   RO         1384    .text.UART_CheckIdleState  stm32g4xx_hal_uart.o
    0x0800613c   0x0800613c   0x0000000a   Code   RO         1466    .text.UART_DMAAbortOnError  stm32g4xx_hal_uart.o
    0x08006146   0x08006146   0x00000002   PAD
    0x08006148   0x08006148   0x0000005a   Code   RO         1436    .text.UART_EndRxTransfer  stm32g4xx_hal_uart.o
    0x080061a2   0x080061a2   0x00000002   PAD
    0x080061a4   0x080061a4   0x00000028   Code   RO         1472    .text.UART_EndTransmit_IT  stm32g4xx_hal_uart.o
    0x080061cc   0x080061cc   0x000002c4   Code   RO         1382    .text.UART_SetConfig  stm32g4xx_hal_uart.o
    0x08006490   0x08006490   0x000000c2   Code   RO         1398    .text.UART_WaitOnFlagUntilTimeout  stm32g4xx_hal_uart.o
    0x08006552   0x08006552   0x00000002   PAD
    0x08006554   0x08006554   0x00000010   Code   RO          123    .text.USART1_IRQHandler  stm32g4xx_it.o
    0x08006564   0x08006564   0x00000002   Code   RO          107    .text.UsageFault_Handler  stm32g4xx_it.o
    0x08006566   0x08006566   0x00000002   PAD
    0x08006568   0x08006568   0x00000020   Code   RO          918    .text.__NVIC_EnableIRQ  stm32g4xx_hal_cortex.o
    0x08006588   0x08006588   0x00000010   Code   RO          910    .text.__NVIC_GetPriorityGrouping  stm32g4xx_hal_cortex.o
    0x08006598   0x08006598   0x00000022   Code   RO          912    .text.__NVIC_SetPriority  stm32g4xx_hal_cortex.o
    0x080065ba   0x080065ba   0x00000002   PAD
    0x080065bc   0x080065bc   0x00000020   Code   RO          906    .text.__NVIC_SetPriorityGrouping  stm32g4xx_hal_cortex.o
    0x080065dc   0x080065dc   0x00000002   Code   RO           83    .text._sys_exit     usart.o
    0x080065de   0x080065de   0x00000002   PAD
    0x080065e0   0x080065e0   0x00000020   Code   RO           87    .text.fputc         usart.o
    0x08006600   0x08006600   0x0000008a   Code   RO           11    .text.main          main.o
    0x0800668a   0x0800668a   0x0000003e   Code   RO         1897    CL$$btod_d2e        c_w.l(btod.o)
    0x080066c8   0x080066c8   0x00000046   Code   RO         1899    CL$$btod_d2e_denorm_low  c_w.l(btod.o)
    0x0800670e   0x0800670e   0x00000060   Code   RO         1898    CL$$btod_d2e_norm_op1  c_w.l(btod.o)
    0x0800676e   0x0800676e   0x00000002   PAD
    0x08006770   0x08006770   0x00000338   Code   RO         1907    CL$$btod_div_common  c_w.l(btod.o)
    0x08006aa8   0x08006aa8   0x000000dc   Code   RO         1904    CL$$btod_e2e        c_w.l(btod.o)
    0x08006b84   0x08006b84   0x0000002a   Code   RO         1901    CL$$btod_ediv       c_w.l(btod.o)
    0x08006bae   0x08006bae   0x0000002a   Code   RO         1900    CL$$btod_emul       c_w.l(btod.o)
    0x08006bd8   0x08006bd8   0x00000244   Code   RO         1906    CL$$btod_mult_common  c_w.l(btod.o)
    0x08006e1c   0x08006e1c   0x00000030   Code   RO         1930    i.__ARM_fpclassify  m_wm.l(fpclassify.o)
    0x08006e4c   0x08006e4c   0x00000026   Code   RO         1842    i.__ARM_fpclassifyf  m_wm.l(fpclassifyf.o)
    0x08006e72   0x08006e72   0x00000002   PAD
    0x08006e74   0x08006e74   0x00000150   Code   RO         1786    i.__hardfp_cosf     m_wm.l(cosf.o)
    0x08006fc4   0x08006fc4   0x0000016c   Code   RO         1792    i.__hardfp_logf     m_wm.l(logf.o)
    0x08007130   0x08007130   0x00000190   Code   RO         1799    i.__hardfp_sinf     m_wm.l(sinf.o)
    0x080072c0   0x080072c0   0x0000003a   Code   RO         1805    i.__hardfp_sqrtf    m_wm.l(sqrtf.o)
    0x080072fa   0x080072fa   0x00000002   PAD
    0x080072fc   0x080072fc   0x00000014   Code   RO         1844    i.__mathlib_flt_divzero  m_wm.l(funder.o)
    0x08007310   0x08007310   0x00000006   Code   RO         1845    i.__mathlib_flt_infnan  m_wm.l(funder.o)
    0x08007316   0x08007316   0x00000002   PAD
    0x08007318   0x08007318   0x00000010   Code   RO         1847    i.__mathlib_flt_invalid  m_wm.l(funder.o)
    0x08007328   0x08007328   0x00000010   Code   RO         1850    i.__mathlib_flt_underflow  m_wm.l(funder.o)
    0x08007338   0x08007338   0x00000154   Code   RO         1858    i.__mathlib_rredf2  m_wm.l(rredf.o)
    0x0800748c   0x0800748c   0x0000000e   Code   RO         1762    i._is_digit         c_w.l(__printf_wp.o)
    0x0800749a   0x0800749a   0x00000002   PAD
    0x0800749c   0x0800749c   0x0000002c   Code   RO         1926    locale$$code        c_w.l(lc_numeric_c.o)
    0x080074c8   0x080074c8   0x0000000c   Code   RO         1837    x$fpl$dretinf       fz_wm.l(dretinf.o)
    0x080074d4   0x080074d4   0x00000056   Code   RO         1782    x$fpl$f2d           fz_wm.l(f2d.o)
    0x0800752a   0x0800752a   0x0000008c   Code   RO         1839    x$fpl$fnaninf       fz_wm.l(fnaninf.o)
    0x080075b6   0x080075b6   0x0000001a   Code   RO         2010    x$fpl$fpinit        fz_wm.l(fpinit.o)
    0x080075d0   0x080075d0   0x00000004   Code   RO         1784    x$fpl$printf1       fz_wm.l(printf1.o)
    0x080075d4   0x080075d4   0x00000000   Code   RO         1841    x$fpl$usenofp       fz_wm.l(usenofp.o)
    0x080075d4   0x080075d4   0x00000040   Data   RO         1795    .constdata          m_wm.l(logf.o)
    0x08007614   0x08007614   0x00000020   Data   RO         1859    .constdata          m_wm.l(rredf.o)
    0x08007634   0x08007634   0x00000094   Data   RO         1895    .constdata          c_w.l(bigflt0.o)
    0x080076c8   0x080076c8   0x00000010   Data   RO         1575    .rodata.AHBPrescTable  system_stm32g4xx.o
    0x080076d8   0x080076d8   0x00000008   Data   RO         1576    .rodata.APBPrescTable  system_stm32g4xx.o
    0x080076e0   0x080076e0   0x00000018   Data   RO         1516    .rodata.UARTPrescTable  stm32g4xx_hal_uart.o
    0x080076f8   0x080076f8   0x00000010   Data   RO         1561    .rodata.cst8        stm32g4xx_hal_uart_ex.o
    0x08007708   0x08007708   0x00000088   Data   RO         1619    .rodata.str1.1      globalcontrol.o
    0x08007790   0x08007790   0x00000020   Data   RO         2076    Region$$Table       anon$$obj.o
    0x080077b0   0x080077b0   0x0000001c   Data   RO         1925    locale$$data        c_w.l(lc_numeric_c.o)


    Execution Region RW_IRAM1 (Exec base: 0x20000000, Load base: 0x080077d0, Size: 0x00000a88, Max: 0x00008000, ABSOLUTE)

    Exec Addr    Load Addr    Size         Type   Attr      Idx    E Section Name        Object

    0x20000000   0x080077d0   0x00000004   Data   RW         1574    .data.SystemCoreClock  system_stm32g4xx.o
    0x20000004   0x080077d4   0x00000004   Data   RW          480    .data.uwTickFreq    stm32g4xx_hal.o
    0x20000008   0x080077d8   0x00000004   Data   RW          479    .data.uwTickPrio    stm32g4xx_hal.o
    0x2000000c   0x080077dc   0x00000004   PAD
    0x20000010        -       0x00000060   Zero   RW         1933    .bss                c_w.l(libspace.o)
    0x20000070        -       0x00000080   Zero   RW         1620    .bss.Tx_buffer      globalcontrol.o
    0x200000f0        -       0x00000004   Zero   RW         1664    .bss.__User_Func_PID__  foc.o
    0x200000f4        -       0x00000004   Zero   RW         1665    .bss.__User_Func_SVPWM__  foc.o
    0x200000f8        -       0x00000054   Zero   RW           90    .bss.__stdout       usart.o
    0x2000014c        -       0x00000006   Zero   RW         1610    .bss.g_adc_buf      globalcontrol.o
    0x20000152   0x080077dc   0x00000002   PAD
    0x20000154        -       0x00000004   Zero   RW         1609    .bss.g_align_start_tick  globalcontrol.o
    0x20000158        -       0x00000002   Zero   RW         1612    .bss.g_bus_uv_cnt   globalcontrol.o
    0x2000015a        -       0x00000002   Zero   RW         1724    .bss.g_current_sample_num  sample.o
    0x2000015c        -       0x00000002   Zero   RW         1616    .bss.g_obs_angle_ok_cnt  globalcontrol.o
    0x2000015e        -       0x00000002   Zero   RW         1615    .bss.g_obs_speed_ok_cnt  globalcontrol.o
    0x20000160        -       0x00000004   Zero   RW         1722    .bss.g_offset_Ia    sample.o
    0x20000164        -       0x00000004   Zero   RW         1723    .bss.g_offset_Ic    sample.o
    0x20000168        -       0x00000004   Zero   RW         1663    .bss.g_omega_mech_filt  foc.o
    0x2000016c        -       0x00000004   Zero   RW         1613    .bss.g_open_omega   globalcontrol.o
    0x20000170        -       0x00000004   Zero   RW         1617    .bss.g_open_start_tick  globalcontrol.o
    0x20000174        -       0x00000004   Zero   RW         1614    .bss.g_open_theta   globalcontrol.o
    0x20000178        -       0x00000002   Zero   RW         1618    .bss.g_run_stall_cnt  globalcontrol.o
    0x2000017a        -       0x00000002   Zero   RW         1611    .bss.g_temp_sample_cnt  globalcontrol.o
    0x2000017c        -       0x0000006c   Zero   RW           41    .bss.hadc2          adc.o
    0x200001e8        -       0x00000060   Zero   RW           42    .bss.hdma_adc2      adc.o
    0x20000248        -       0x0000004c   Zero   RW           68    .bss.htim1          tim.o
    0x20000294        -       0x00000094   Zero   RW           89    .bss.huart1         usart.o
    0x20000328        -       0x00000004   Zero   RW         1621    .bss.last_tick      globalcontrol.o
    0x2000032c        -       0x00000138   Zero   RW         1635    .bss.motor          motorpara.o
    0x20000464        -       0x00000020   Zero   RW         1634    .bss.temp           motorpara.o
    0x20000484        -       0x00000004   Zero   RW          481    .bss.uwTick         stm32g4xx_hal.o
    0x20000488        -       0x00000200   Zero   RW            2    HEAP                startup_stm32g431xx.o
    0x20000688        -       0x00000400   Zero   RW            1    STACK               startup_stm32g431xx.o


==============================================================================

Image component sizes


      Code (inc. data)   RO Data    RW Data    ZI Data      Debug   Object Name

       674          0          0          0        204       9609   adc.o
        68          0          0          0          0       3244   dma.o
       240          0          0          0          0       4447   driver.o
       900         24          0          0         12       5448   foc.o
      2288         86        136          0        164      12757   globalcontrol.o
       248          0          0          0          0       2416   gpio.o
       252          0          0          0          0       3780   main.o
        20          0          0          0        344       2642   motorpara.o
       600         36          0          0          0       3356   observer.o
       496         40          0          0         10       5358   sample.o
        64         26        472          0       1536        820   startup_stm32g431xx.o
       154          0          0          8          4       8840   stm32g4xx_hal.o
      2928          0          0          0          0      23709   stm32g4xx_hal_adc.o
      1760          0          0          0          0      21184   stm32g4xx_hal_adc_ex.o
       258          0          0          0          0      10679   stm32g4xx_hal_cortex.o
       964          0          0          0          0       8608   stm32g4xx_hal_dma.o
       432          0          0          0          0       5380   stm32g4xx_hal_gpio.o
        56          0          0          0          0       1585   stm32g4xx_hal_msp.o
       256          0          0          0          0       9504   stm32g4xx_hal_pwr_ex.o
      1906          0          0          0          0       9211   stm32g4xx_hal_rcc.o
       658          0          0          0          0      10565   stm32g4xx_hal_rcc_ex.o
      2872         14          0          0          0      49259   stm32g4xx_hal_tim.o
       390          0          0          0          0      27487   stm32g4xx_hal_tim_ex.o
      2588         62         24          0          0      33436   stm32g4xx_hal_uart.o
       292          0         16          0          0      10264   stm32g4xx_hal_uart_ex.o
        88          0          0          0          0       2414   stm32g4xx_it.o
        18          0         24          4          0       2724   system_stm32g4xx.o
       522          0          0          0         76       9156   tim.o
       320          0          0          0        232       8822   usart.o

    ----------------------------------------------------------------------
     22542        288        704         12       2588     306704   Object Totals
         0          0         32          0          0          0   (incl. Generated)
       230          0          0          0          6          0   (incl. Padding)

    ----------------------------------------------------------------------

      Code (inc. data)   RO Data    RW Data    ZI Data      Debug   Library Member Name

        24          4          0          0          0         84   __2printf.o
        56          6          0          0          0         88   __2snprintf.o
         8          0          0          0          0         68   __main.o
       284          0          0          0          0        156   __printf_wp.o
         0          0          0          0          0          0   __rtentry.o
        12          0          0          0          0          0   __rtentry2.o
         6          0          0          0          0          0   __rtentry4.o
        52          8          0          0          0          0   __scatter.o
        26          0          0          0          0          0   __scatter_copy.o
        28          0          0          0          0          0   __scatter_zi.o
        44          0          0          0          0        108   _printf_char.o
        48          6          0          0          0         96   _printf_char_common.o
        36          4          0          0          0         80   _printf_char_file.o
       120         16          0          0          0         92   _printf_dec.o
         6          0          0          0          0          0   _printf_f.o
      1052          0          0          0          0        148   _printf_fp_dec.o
       128         16          0          0          0         84   _printf_fp_infnan.o
       178          0          0          0          0         88   _printf_intcommon.o
         0          0          0          0          0          0   _printf_percent.o
         4          0          0          0          0          0   _printf_percent_end.o
         6          0          0          0          0          0   _printf_s.o
        82          0          0          0          0         80   _printf_str.o
         6          0          0          0          0          0   _printf_u.o
        22          0          0          0          0        100   _rserrno.o
        16          0          0          0          0         68   _snputc.o
        10          0          0          0          0         68   _sputc.o
       228          4        148          0          0         96   bigflt0.o
      1936        128          0          0          0        668   btod.o
        18          0          0          0          0         80   exit.o
         8          0          0          0          0         68   ferror.o
         6          0          0          0          0        152   heapauxi.o
        44         10         28          0          0         76   lc_numeric_c.o
         2          0          0          0          0          0   libinit.o
        22          0          0          0          0          0   libinit2.o
         2          0          0          0          0          0   libshutdown.o
         2          0          0          0          0          0   libshutdown2.o
         8          4          0          0         96         68   libspace.o
       138          0          0          0          0         80   lludiv10.o
       240          0          0          0          0        100   lludivv7m.o
         8          4          0          0          0         68   rt_errno_addr_intlibspace.o
         8          4          0          0          0         68   rt_locale_intlibspace.o
        78          0          0          0          0         80   rt_memclr_w.o
         2          0          0          0          0          0   rtexit.o
        10          0          0          0          0          0   rtexit2.o
       124          0          0          0          0         88   strcmpv7em.o
        74          0          0          0          0         80   sys_stackheap_outer.o
         2          0          0          0          0         68   use_no_semi.o
         2          0          0          0          0         68   use_no_semi_2.o
        12          0          0          0          0        116   dretinf.o
        86          4          0          0          0        132   f2d.o
       140          4          0          0          0        132   fnaninf.o
        26          0          0          0          0        116   fpinit.o
         4          0          0          0          0        116   printf1.o
         0          0          0          0          0          0   usenofp.o
       336         56          0          0          0        136   cosf.o
        48          0          0          0          0        124   fpclassify.o
        38          0          0          0          0        116   fpclassifyf.o
        58         18          0          0          0        464   funder.o
       364         44         64          0          0        140   logf.o
       340         24         32          0          0        160   rredf.o
       400         56          0          0          0        212   sinf.o
        58          0          0          0          0        136   sqrtf.o

    ----------------------------------------------------------------------
      7150        420        272          0         96       5416   Library Totals
        24          0          0          0          0          0   (incl. Padding)

    ----------------------------------------------------------------------

      Code (inc. data)   RO Data    RW Data    ZI Data      Debug   Library Name

      5216        214        176          0         96       3316   c_w.l
       268          8          0          0          0        612   fz_wm.l
      1642        198         96          0          0       1488   m_wm.l

    ----------------------------------------------------------------------
      7150        420        272          0         96       5416   Library Totals

    ----------------------------------------------------------------------

==============================================================================


      Code (inc. data)   RO Data    RW Data    ZI Data      Debug   

     29692        708        976         12       2684     308360   Grand Totals
     29692        708        976         12       2684     308360   ELF Image Totals
     29692        708        976         12          0          0   ROM Totals

==============================================================================

    Total RO  Size (Code + RO Data)                30668 (  29.95kB)
    Total RW  Size (RW Data + ZI Data)              2696 (   2.63kB)
    Total ROM Size (Code + RO Data + RW Data)      30680 (  29.96kB)

==============================================================================

