Component: ARM Compiler 6.16 Tool: armlink [5dfeaa00]

==============================================================================

Section Cross References

    startup_stm32g431xx.o(STACK) refers (Special) to heapauxi.o(.text) for __use_two_region_memory
    startup_stm32g431xx.o(HEAP) refers (Special) to heapauxi.o(.text) for __use_two_region_memory
    startup_stm32g431xx.o(RESET) refers (Special) to heapauxi.o(.text) for __use_two_region_memory
    startup_stm32g431xx.o(RESET) refers to startup_stm32g431xx.o(STACK) for __initial_sp
    startup_stm32g431xx.o(RESET) refers to startup_stm32g431xx.o(.text) for Reset_Handler
    startup_stm32g431xx.o(RESET) refers to stm32g4xx_it.o(.text.NMI_Handler) for NMI_Handler
    startup_stm32g431xx.o(RESET) refers to stm32g4xx_it.o(.text.HardFault_Handler) for HardFault_Handler
    startup_stm32g431xx.o(RESET) refers to stm32g4xx_it.o(.text.MemManage_Handler) for MemManage_Handler
    startup_stm32g431xx.o(RESET) refers to stm32g4xx_it.o(.text.BusFault_Handler) for BusFault_Handler
    startup_stm32g431xx.o(RESET) refers to stm32g4xx_it.o(.text.UsageFault_Handler) for UsageFault_Handler
    startup_stm32g431xx.o(RESET) refers to stm32g4xx_it.o(.text.SVC_Handler) for SVC_Handler
    startup_stm32g431xx.o(RESET) refers to stm32g4xx_it.o(.text.DebugMon_Handler) for DebugMon_Handler
    startup_stm32g431xx.o(RESET) refers to stm32g4xx_it.o(.text.PendSV_Handler) for PendSV_Handler
    startup_stm32g431xx.o(RESET) refers to stm32g4xx_it.o(.text.SysTick_Handler) for SysTick_Handler
    startup_stm32g431xx.o(RESET) refers to stm32g4xx_it.o(.text.DMA1_Channel1_IRQHandler) for DMA1_Channel1_IRQHandler
    startup_stm32g431xx.o(RESET) refers to stm32g4xx_it.o(.text.ADC1_2_IRQHandler) for ADC1_2_IRQHandler
    startup_stm32g431xx.o(RESET) refers to stm32g4xx_it.o(.text.TIM1_UP_TIM16_IRQHandler) for TIM1_UP_TIM16_IRQHandler
    startup_stm32g431xx.o(RESET) refers to stm32g4xx_it.o(.text.TIM2_IRQHandler) for TIM2_IRQHandler
    startup_stm32g431xx.o(RESET) refers to stm32g4xx_it.o(.text.USART1_IRQHandler) for USART1_IRQHandler
    startup_stm32g431xx.o(.text) refers (Special) to heapauxi.o(.text) for __use_two_region_memory
    startup_stm32g431xx.o(.text) refers to system_stm32g4xx.o(.text.SystemInit) for SystemInit
    startup_stm32g431xx.o(.text) refers to __main.o(!!!main) for __main
    startup_stm32g431xx.o(.text) refers to startup_stm32g431xx.o(HEAP) for Heap_Mem
    startup_stm32g431xx.o(.text) refers to startup_stm32g431xx.o(STACK) for Stack_Mem
    main.o(.text.main) refers to stm32g4xx_hal.o(.text.HAL_Init) for HAL_Init
    main.o(.text.main) refers to main.o(.text.SystemClock_Config) for SystemClock_Config
    main.o(.text.main) refers to gpio.o(.text.MX_GPIO_Init) for MX_GPIO_Init
    main.o(.text.main) refers to dma.o(.text.MX_DMA_Init) for MX_DMA_Init
    main.o(.text.main) refers to tim.o(.text.MX_TIM1_Init) for MX_TIM1_Init
    main.o(.text.main) refers to usart.o(.text.MX_USART1_UART_Init) for MX_USART1_UART_Init
    main.o(.text.main) refers to adc.o(.text.MX_ADC2_Init) for MX_ADC2_Init
    main.o(.text.main) refers to tim.o(.text.MX_TIM2_Init) for MX_TIM2_Init
    main.o(.ARM.exidx.text.main) refers to main.o(.text.main) for [Anonymous Symbol]
    main.o(.text.SystemClock_Config) refers to rt_memclr_w.o(.text) for __aeabi_memclr4
    main.o(.text.SystemClock_Config) refers to stm32g4xx_hal_pwr_ex.o(.text.HAL_PWREx_ControlVoltageScaling) for HAL_PWREx_ControlVoltageScaling
    main.o(.text.SystemClock_Config) refers to stm32g4xx_hal_rcc.o(.text.HAL_RCC_OscConfig) for HAL_RCC_OscConfig
    main.o(.text.SystemClock_Config) refers to stm32g4xx_hal_rcc.o(.text.HAL_RCC_ClockConfig) for HAL_RCC_ClockConfig
    main.o(.text.SystemClock_Config) refers to main.o(.text.Error_Handler) for Error_Handler
    main.o(.ARM.exidx.text.SystemClock_Config) refers to main.o(.text.SystemClock_Config) for [Anonymous Symbol]
    main.o(.ARM.exidx.text.Error_Handler) refers to main.o(.text.Error_Handler) for [Anonymous Symbol]
    gpio.o(.text.MX_GPIO_Init) refers to stm32g4xx_hal_gpio.o(.text.HAL_GPIO_WritePin) for HAL_GPIO_WritePin
    gpio.o(.text.MX_GPIO_Init) refers to stm32g4xx_hal_gpio.o(.text.HAL_GPIO_Init) for HAL_GPIO_Init
    gpio.o(.ARM.exidx.text.MX_GPIO_Init) refers to gpio.o(.text.MX_GPIO_Init) for [Anonymous Symbol]
    adc.o(.text.MX_ADC2_Init) refers to rt_memclr_w.o(.text) for __aeabi_memclr4
    adc.o(.text.MX_ADC2_Init) refers to adc.o(.bss.hadc2) for hadc2
    adc.o(.text.MX_ADC2_Init) refers to stm32g4xx_hal_adc.o(.text.HAL_ADC_Init) for HAL_ADC_Init
    adc.o(.text.MX_ADC2_Init) refers to main.o(.text.Error_Handler) for Error_Handler
    adc.o(.text.MX_ADC2_Init) refers to stm32g4xx_hal_adc.o(.text.HAL_ADC_ConfigChannel) for HAL_ADC_ConfigChannel
    adc.o(.text.MX_ADC2_Init) refers to stm32g4xx_hal_adc_ex.o(.text.HAL_ADCEx_InjectedConfigChannel) for HAL_ADCEx_InjectedConfigChannel
[...]
    LL_ADC_SetOffset                         0x08003929   Thumb Code    36  stm32g4xx_hal_adc.o(.text.LL_ADC_SetOffset)
    [Anonymous Symbol]                       0x08003928   Section        0  stm32g4xx_hal_adc.o(.text.LL_ADC_SetOffset)
    LL_ADC_SetOffset                         0x0800394d   Thumb Code    36  stm32g4xx_hal_adc_ex.o(.text.LL_ADC_SetOffset)
    [Anonymous Symbol]                       0x0800394c   Section        0  stm32g4xx_hal_adc_ex.o(.text.LL_ADC_SetOffset)
    LL_ADC_SetOffsetSaturation               0x08003971   Thumb Code    16  stm32g4xx_hal_adc.o(.text.LL_ADC_SetOffsetSaturation)
    [Anonymous Symbol]                       0x08003970   Section        0  stm32g4xx_hal_adc.o(.text.LL_ADC_SetOffsetSaturation)
    LL_ADC_SetOffsetSaturation               0x08003981   Thumb Code    16  stm32g4xx_hal_adc_ex.o(.text.LL_ADC_SetOffsetSaturation)
    [Anonymous Symbol]                       0x08003980   Section        0  stm32g4xx_hal_adc_ex.o(.text.LL_ADC_SetOffsetSaturation)
    LL_ADC_SetOffsetSign                     0x08003991   Thumb Code    16  stm32g4xx_hal_adc.o(.text.LL_ADC_SetOffsetSign)
    [Anonymous Symbol]                       0x08003990   Section        0  stm32g4xx_hal_adc.o(.text.LL_ADC_SetOffsetSign)
    LL_ADC_SetOffsetSign                     0x080039a1   Thumb Code    16  stm32g4xx_hal_adc_ex.o(.text.LL_ADC_SetOffsetSign)
    [Anonymous Symbol]                       0x080039a0   Section        0  stm32g4xx_hal_adc_ex.o(.text.LL_ADC_SetOffsetSign)
    LL_ADC_SetOffsetState                    0x080039b1   Thumb Code    14  stm32g4xx_hal_adc.o(.text.LL_ADC_SetOffsetState)
    [Anonymous Symbol]                       0x080039b0   Section        0  stm32g4xx_hal_adc.o(.text.LL_ADC_SetOffsetState)
    LL_ADC_SetOffsetState                    0x080039c1   Thumb Code    14  stm32g4xx_hal_adc_ex.o(.text.LL_ADC_SetOffsetState)
    [Anonymous Symbol]                       0x080039c0   Section        0  stm32g4xx_hal_adc_ex.o(.text.LL_ADC_SetOffsetState)
    LL_ADC_SetSamplingTimeCommonConfig       0x080039d1   Thumb Code    12  stm32g4xx_hal_adc.o(.text.LL_ADC_SetSamplingTimeCommonConfig)
    [Anonymous Symbol]                       0x080039d0   Section        0  stm32g4xx_hal_adc.o(.text.LL_ADC_SetSamplingTimeCommonConfig)
    LL_ADC_SetSamplingTimeCommonConfig       0x080039dd   Thumb Code    12  stm32g4xx_hal_adc_ex.o(.text.LL_ADC_SetSamplingTimeCommonConfig)
    [Anonymous Symbol]                       0x080039dc   Section        0  stm32g4xx_hal_adc_ex.o(.text.LL_ADC_SetSamplingTimeCommonConfig)
    [Anonymous Symbol]                       0x080039e8   Section        0  adc.o(.text.MX_ADC2_Init)
    [Anonymous Symbol]                       0x08003b38   Section        0  dma.o(.text.MX_DMA_Init)
    [Anonymous Symbol]                       0x08003b7c   Section        0  gpio.o(.text.MX_GPIO_Init)
    [Anonymous Symbol]                       0x08003c74   Section        0  tim.o(.text.MX_TIM1_Init)
    [Anonymous Symbol]                       0x08003dc4   Section        0  tim.o(.text.MX_TIM2_Init)
    [Anonymous Symbol]                       0x08003e40   Section        0  usart.o(.text.MX_USART1_UART_Init)
    [Anonymous Symbol]                       0x08003ec0   Section        0  stm32g4xx_it.o(.text.MemManage_Handler)
    [Anonymous Symbol]                       0x08003ec4   Section        0  stm32g4xx_it.o(.text.NMI_Handler)
    NVIC_EncodePriority                      0x08003ec9   Thumb Code    44  stm32g4xx_hal_cortex.o(.text.NVIC_EncodePriority)
    [Anonymous Symbol]                       0x08003ec8   Section        0  stm32g4xx_hal_cortex.o(.text.NVIC_EncodePriority)
    [Anonymous Symbol]                       0x08003ef4   Section        0  stm32g4xx_it.o(.text.PendSV_Handler)
    RCC_GetSysClockFreqFromPLLSource         0x08003ef9   Thumb Code    56  stm32g4xx_hal_rcc.o(.text.RCC_GetSysClockFreqFromPLLSource)
    [Anonymous Symbol]                       0x08003ef8   Section        0  stm32g4xx_hal_rcc.o(.text.RCC_GetSysClockFreqFromPLLSource)
    [Anonymous Symbol]                       0x08003f30   Section        0  stm32g4xx_it.o(.text.SVC_Handler)
    SysTick_Config                           0x08003f35   Thumb Code    46  stm32g4xx_hal_cortex.o(.text.SysTick_Config)
    [Anonymous Symbol]                       0x08003f34   Section        0  stm32g4xx_hal_cortex.o(.text.SysTick_Config)
    [Anonymous Symbol]                       0x08003f64   Section        0  stm32g4xx_it.o(.text.SysTick_Handler)
    [Anonymous Symbol]                       0x08003f6c   Section        0  main.o(.text.SystemClock_Config)
    [Anonymous Symbol]                       0x08003fd4   Section        0  system_stm32g4xx.o(.text.SystemInit)
    [Anonymous Symbol]                       0x08003fe8   Section        0  stm32g4xx_it.o(.text.TIM1_UP_TIM16_IRQHandler)
    [Anonymous Symbol]                       0x08003ff8   Section        0  stm32g4xx_it.o(.text.TIM2_IRQHandler)
    [Anonymous Symbol]                       0x08004008   Section        0  stm32g4xx_hal_tim.o(.text.TIM_Base_SetConfig)
    [Anonymous Symbol]                       0x08004114   Section        0  stm32g4xx_hal_tim.o(.text.TIM_ETR_SetConfig)
    TIM_ITRx_SetConfig                       0x0800412d   Thumb Code    22  stm32g4xx_hal_tim.o(.text.TIM_ITRx_SetConfig)
    [Anonymous Symbol]                       0x0800412c   Section        0  stm32g4xx_hal_tim.o(.text.TIM_ITRx_SetConfig)
    TIM_OC1_SetConfig                        0x08004145   Thumb Code   130  stm32g4xx_hal_tim.o(.text.TIM_OC1_SetConfig)
    [Anonymous Symbol]                       0x08004144   Section        0  stm32g4xx_hal_tim.o(.text.TIM_OC1_SetConfig)
    [Anonymous Symbol]                       0x080041c8   Section        0  stm32g4xx_hal_tim.o(.text.TIM_OC2_SetConfig)
    TIM_OC3_SetConfig                        0x0800425d   Thumb Code   146  stm32g4xx_hal_tim.o(.text.TIM_OC3_SetConfig)
    [Anonymous Symbol]                       0x0800425c   Section        0  stm32g4xx_hal_tim.o(.text.TIM_OC3_SetConfig)
    TIM_OC4_SetConfig                        0x080042f1   Thumb Code   146  stm32g4xx_hal_tim.o(.text.TIM_OC4_SetConfig)
    [Anonymous Symbol]                       0x080042f0   Section        0  stm32g4xx_hal_tim.o(.text.TIM_OC4_SetConfig)
    TIM_OC5_SetConfig                        0x08004385   Thumb Code    94  stm32g4xx_hal_tim.o(.text.TIM_OC5_SetConfig)
    [Anonymous Symbol]                       0x08004384   Section        0  stm32g4xx_hal_tim.o(.text.TIM_OC5_SetConfig)
    TIM_OC6_SetConfig                        0x080043e5   Thumb Code    96  stm32g4xx_hal_tim.o(.text.TIM_OC6_SetConfig)
    [Anonymous Symbol]                       0x080043e4   Section        0  stm32g4xx_hal_tim.o(.text.TIM_OC6_SetConfig)
    TIM_TI1_ConfigInputStage                 0x08004445   Thumb Code    72  stm32g4xx_hal_tim.o(.text.TIM_TI1_ConfigInputStage)
    [Anonymous Symbol]                       0x08004444   Section        0  stm32g4xx_hal_tim.o(.text.TIM_TI1_ConfigInputStage)
    TIM_TI2_ConfigInputStage                 0x0800448d   Thumb Code    72  stm32g4xx_hal_tim.o(.text.TIM_TI2_ConfigInputStage)
    [Anonymous Symbol]                       0x0800448c   Section        0  stm32g4xx_hal_tim.o(.text.TIM_TI2_ConfigInputStage)
    UARTEx_SetNbDataToProcess                0x080044d5   Thumb Code    84  stm32g4xx_hal_uart_ex.o(.text.UARTEx_SetNbDataToProcess)
    [Anonymous Symbol]                       0x080044d4   Section        0  stm32g4xx_hal_uart_ex.o(.text.UARTEx_SetNbDataToProcess)
    [Anonymous Symbol]                       0x08004528   Section        0  stm32g4xx_hal_uart.o(.text.UART_AdvFeatureConfig)
    [Anonymous Symbol]                       0x08004610   Section        0  stm32g4xx_hal_uart.o(.text.UART_CheckIdleState)
    UART_DMAAbortOnError                     0x080046d1   Thumb Code    10  stm32g4xx_hal_uart.o(.text.UART_DMAAbortOnError)
    [Anonymous Symbol]                       0x080046d0   Section        0  stm32g4xx_hal_uart.o(.text.UART_DMAAbortOnError)
    UART_EndRxTransfer                       0x080046dd   Thumb Code    90  stm32g4xx_hal_uart.o(.text.UART_EndRxTransfer)
    [Anonymous Symbol]                       0x080046dc   Section        0  stm32g4xx_hal_uart.o(.text.UART_EndRxTransfer)
    UART_EndTransmit_IT                      0x08004739   Thumb Code    40  stm32g4xx_hal_uart.o(.text.UART_EndTransmit_IT)
    [Anonymous Symbol]                       0x08004738   Section        0  stm32g4xx_hal_uart.o(.text.UART_EndTransmit_IT)
    [Anonymous Symbol]                       0x08004760   Section        0  stm32g4xx_hal_uart.o(.text.UART_SetConfig)
    [Anonymous Symbol]                       0x08004a24   Section        0  stm32g4xx_hal_uart.o(.text.UART_WaitOnFlagUntilTimeout)
    [Anonymous Symbol]                       0x08004ae8   Section        0  stm32g4xx_it.o(.text.USART1_IRQHandler)
    [Anonymous Symbol]                       0x08004af8   Section        0  stm32g4xx_it.o(.text.UsageFault_Handler)
    __NVIC_EnableIRQ                         0x08004afd   Thumb Code    32  stm32g4xx_hal_cortex.o(.text.__NVIC_EnableIRQ)
    [Anonymous Symbol]                       0x08004afc   Section        0  stm32g4xx_hal_cortex.o(.text.__NVIC_EnableIRQ)
    __NVIC_GetPriorityGrouping               0x08004b1d   Thumb Code    16  stm32g4xx_hal_cortex.o(.text.__NVIC_GetPriorityGrouping)
    [Anonymous Symbol]                       0x08004b1c   Section        0  stm32g4xx_hal_cortex.o(.text.__NVIC_GetPriorityGrouping)
    __NVIC_SetPriority                       0x08004b2d   Thumb Code    34  stm32g4xx_hal_cortex.o(.text.__NVIC_SetPriority)
    [Anonymous Symbol]                       0x08004b2c   Section        0  stm32g4xx_hal_cortex.o(.text.__NVIC_SetPriority)
    __NVIC_SetPriorityGrouping               0x08004b51   Thumb Code    32  stm32g4xx_hal_cortex.o(.text.__NVIC_SetPriorityGrouping)
    [Anonymous Symbol]                       0x08004b50   Section        0  stm32g4xx_hal_cortex.o(.text.__NVIC_SetPriorityGrouping)
    [Anonymous Symbol]                       0x08004b70   Section        0  usart.o(.text._sys_exit)
    [Anonymous Symbol]                       0x08004b74   Section        0  main.o(.text.main)
    CL$$btod_d2e                             0x08004b96   Section       62  btod.o(CL$$btod_d2e)
    CL$$btod_d2e_denorm_low                  0x08004bd4   Section       70  btod.o(CL$$btod_d2e_denorm_low)
    CL$$btod_d2e_norm_op1                    0x08004c1a   Section       96  btod.o(CL$$btod_d2e_norm_op1)
    CL$$btod_div_common                      0x08004c7c   Section      824  btod.o(CL$$btod_div_common)
    CL$$btod_e2e                             0x08004fb4   Section      220  btod.o(CL$$btod_e2e)
    CL$$btod_ediv                            0x08005090   Section       42  btod.o(CL$$btod_ediv)
    CL$$btod_emul                            0x080050ba   Section       42  btod.o(CL$$btod_emul)
    CL$$btod_mult_common                     0x080050e4   Section      580  btod.o(CL$$btod_mult_common)
    i.__ARM_fpclassify                       0x08005328   Section        0  fpclassify.o(i.__ARM_fpclassify)
    locale$$code                             0x08005358   Section       44  lc_numeric_c.o(locale$$code)
    $v0                                      0x08005384   Number         0  fpinit.o(x$fpl$fpinit)
    x$fpl$fpinit                             0x08005384   Section       26  fpinit.o(x$fpl$fpinit)
    $v0                                      0x0800539e   Number         0  printf1.o(x$fpl$printf1)
    x$fpl$printf1                            0x0800539e   Section        4  printf1.o(x$fpl$printf1)
    x$fpl$usenofp                            0x080053a2   Section        0  usenofp.o(x$fpl$usenofp)
    tenpwrs_x                                0x080053a4   Data          60  bigflt0.o(.constdata)
    .constdata                               0x080053a4   Section      148  bigflt0.o(.constdata)
    tenpwrs_i                                0x080053e0   Data          64  bigflt0.o(.constdata)
    UARTEx_SetNbDataToProcess.numerator      0x08005468   Data           8  stm32g4xx_hal_uart_ex.o(.rodata.cst8)
    [Anonymous Symbol]                       0x08005468   Section        0  stm32g4xx_hal_uart_ex.o(.rodata.cst8)
    UARTEx_SetNbDataToProcess.denominator    0x08005470   Data           8  stm32g4xx_hal_uart_ex.o(.rodata.cst8)
    locale$$data                             0x080054ac   Section       28  lc_numeric_c.o(locale$$data)
    __lcnum_c_name                           0x080054b0   Data           2  lc_numeric_c.o(locale$$data)
    __lcnum_c_start                          0x080054b8   Data           0  lc_numeric_c.o(locale$$data)
    __lcnum_c_point                          0x080054c4   Data           0  lc_numeric_c.o(locale$$data)
    __lcnum_c_thousands                      0x080054c6   Data           0  lc_numeric_c.o(locale$$data)
    __lcnum_c_grouping                       0x080054c7   Data           0  lc_numeric_c.o(locale$$data)
    __lcnum_c_end                            0x080054c8   Data           0  lc_numeric_c.o(locale$$data)
    .bss                                     0x20000010   Section       96  libspace.o(.bss)
    g_adc_buf                                0x20000070   Data           6  globalcontrol.o(.bss.g_adc_buf)
    [Anonymous Symbol]                       0x20000070   Section        0  globalcontrol.o(.bss.g_adc_buf)
    Heap_Mem                                 0x20000278   Data         512  startup_stm32g431xx.o(HEAP)
    HEAP                                     0x20000278   Section      512  startup_stm32g431xx.o(HEAP)
    Stack_Mem                                0x20000478   Data        1024  startup_stm32g431xx.o(STACK)
    STACK                                    0x20000478   Section     1024  startup_stm32g431xx.o(STACK)
    __initial_sp                             0x20000878   Data           0  startup_stm32g431xx.o(STACK)

    Global Symbols

    Symbol Name                              Value     Ov Type        Size  Object(Section)

    BuildAttributes$$THM_ISAv4$E$P$D$K$B$S$7EM$VFPi3$EXTD16$VFPS$VFMA$PE$A:L22UL41UL21$X:L11$S22US41US21$IEEE1$IW$~IW$USESV6$~STKCKD$USESV7$~SHL$OTIME$ROPI$IEEEX$EBA8$UX$STANDARDLIB$REQ8$PRES8$EABIv2 0x00000000   Number         0  anon$$obj.o ABSOLUTE
    _printf_flags                            0x00000000   Number         0  printf_stubs.o ABSOLUTE
    _printf_return_value                     0x00000000   Number         0  printf_stubs.o ABSOLUTE
    _printf_sizespec                         0x00000000   Number         0  printf_stubs.o ABSOLUTE
    _printf_widthprec                        0x00000000   Number         0  printf_stubs.o ABSOLUTE
    __ARM_exceptions_init                     - Undefined Weak Reference
    __alloca_initialize                       - Undefined Weak Reference
    __arm_preinit_                            - Undefined Weak Reference
    __cpp_initialize__aeabi_                  - Undefined Weak Reference
    __cxa_finalize                            - Undefined Weak Reference
    __sigvec_lookup                           - Undefined Weak Reference
    _atexit_init                              - Undefined Weak Reference
    _call_atexit_fns                          - Undefined Weak Reference
    _clock_init                               - Undefined Weak Reference
    _fp_trap_init                             - Undefined Weak Reference
    _fp_trap_shutdown                         - Undefined Weak Reference
    _get_lc_collate                           - Undefined Weak Reference
    _get_lc_ctype                             - Undefined Weak Reference
    _get_lc_monetary                          - Undefined Weak Reference
    _get_lc_time                              - Undefined Weak Reference
    _getenv_init                              - Undefined Weak Reference
    _handle_redirection                       - Undefined Weak Reference
    _init_alloc                               - Undefined Weak Reference
    _init_user_alloc                          - Undefined Weak Reference
    _initio                                   - Undefined Weak Reference
    _mutex_acquire                            - Undefined Weak Reference
    _mutex_release                            - Undefined Weak Reference
    _printf_mbtowc                            - Undefined Weak Reference
    _printf_post_padding                      - Undefined Weak Reference
    _printf_pre_padding                       - Undefined Weak Reference
    _printf_truncate_signed                   - Undefined Weak Reference
    _printf_truncate_unsigned                 - Undefined Weak Reference
    _rand_init                                - Undefined Weak Reference
    _signal_finish                            - Undefined Weak Reference
    _signal_init                              - Undefined Weak Reference
    _terminate_alloc                          - Undefined Weak Reference
    _terminate_user_alloc                     - Undefined Weak Reference
    _terminateio                              - Undefined Weak Reference
    __Vectors_Size                           0x000001d8   Number         0  startup_stm32g431xx.o ABSOLUTE
    __Vectors                                0x08000000   Data           4  startup_stm32g431xx.o(RESET)
    __Vectors_End                            0x080001d8   Data           0  startup_stm32g431xx.o(RESET)
    __main                                   0x080001d9   Thumb Code     8  __main.o(!!!main)
    __scatterload                            0x080001e1   Thumb Code     0  __scatter.o(!!!scatter)
    __scatterload_rt2                        0x080001e1   Thumb Code    44  __scatter.o(!!!scatter)
    __scatterload_rt2_thumb_only             0x080001e1   Thumb Code     0  __scatter.o(!!!scatter)
    __scatterload_null                       0x080001ef   Thumb Code     0  __scatter.o(!!!scatter)
    __scatterload_copy                       0x08000215   Thumb Code    26  __scatter_copy.o(!!handler_copy)
    __scatterload_zeroinit                   0x08000231   Thumb Code    28  __scatter_zi.o(!!handler_zi)
    _printf_f                                0x0800024d   Thumb Code     0  _printf_f.o(.ARM.Collect$$_printf_percent$$00000003)
    _printf_percent                          0x0800024d   Thumb Code     0  _printf_percent.o(.ARM.Collect$$_printf_percent$$00000000)
    _printf_u                                0x08000253   Thumb Code     0  _printf_u.o(.ARM.Collect$$_printf_percent$$0000000A)
    _printf_s                                0x08000259   Thumb Code     0  _printf_s.o(.ARM.Collect$$_printf_percent$$00000014)
    _printf_percent_end                      0x0800025f   Thumb Code     0  _printf_percent_end.o(.ARM.Collect$$_printf_percent$$00000017)
    __rt_lib_init                            0x08000263   Thumb Code     0  libinit.o(.ARM.Collect$$libinit$$00000000)
    __rt_lib_init_fp_1                       0x08000265   Thumb Code     0  libinit2.o(.ARM.Collect$$libinit$$00000001)
    __rt_lib_init_heap_1                     0x08000269   Thumb Code     0  libinit2.o(.ARM.Collect$$libinit$$0000000A)
    __rt_lib_init_lc_common                  0x08000269   Thumb Code     0  libinit2.o(.ARM.Collect$$libinit$$0000000F)
    __rt_lib_init_preinit_1                  0x08000269   Thumb Code     0  libinit2.o(.ARM.Collect$$libinit$$00000004)
    __rt_lib_init_rand_1                     0x08000269   Thumb Code     0  libinit2.o(.ARM.Collect$$libinit$$0000000E)
    __rt_lib_init_user_alloc_1               0x08000269   Thumb Code     0  libinit2.o(.ARM.Collect$$libinit$$0000000C)
    __rt_lib_init_lc_collate_1               0x0800026f   Thumb Code     0  libinit2.o(.ARM.Collect$$libinit$$00000011)
    __rt_lib_init_lc_ctype_1                 0x0800026f   Thumb Code     0  libinit2.o(.ARM.Collect$$libinit$$00000013)
    __rt_lib_init_lc_monetary_1              0x0800026f   Thumb Code     0  libinit2.o(.ARM.Collect$$libinit$$00000015)
    __rt_lib_init_lc_numeric_2               0x0800026f   Thumb Code     0  libinit2.o(.ARM.Collect$$libinit$$00000016)
    __rt_lib_init_alloca_1                   0x08000279   Thumb Code     0  libinit2.o(.ARM.Collect$$libinit$$0000002E)
    __rt_lib_init_argv_1                     0x08000279   Thumb Code     0  libinit2.o(.ARM.Collect$$libinit$$0000002C)
    __rt_lib_init_atexit_1                   0x08000279   Thumb Code     0  libinit2.o(.ARM.Collect$$libinit$$0000001B)
    __rt_lib_init_clock_1                    0x08000279   Thumb Code     0  libinit2.o(.ARM.Collect$$libinit$$00000021)
    __rt_lib_init_cpp_1                      0x08000279   Thumb Code     0  libinit2.o(.ARM.Collect$$libinit$$00000032)
    __rt_lib_init_exceptions_1               0x08000279   Thumb Code     0  libinit2.o(.ARM.Collect$$libinit$$00000030)
    __rt_lib_init_fp_trap_1                  0x08000279   Thumb Code     0  libinit2.o(.ARM.Collect$$libinit$$0000001F)
    __rt_lib_init_getenv_1                   0x08000279   Thumb Code     0  libinit2.o(.ARM.Collect$$libinit$$00000023)
    __rt_lib_init_lc_numeric_1               0x08000279   Thumb Code     0  libinit2.o(.ARM.Collect$$libinit$$00000017)
    __rt_lib_init_lc_time_1                  0x08000279   Thumb Code     0  libinit2.o(.ARM.Collect$$libinit$$00000019)
    __rt_lib_init_return                     0x08000279   Thumb Code     0  libinit2.o(.ARM.Collect$$libinit$$00000033)
    __rt_lib_init_signal_1                   0x08000279   Thumb Code     0  libinit2.o(.ARM.Collect$$libinit$$0000001D)
    __rt_lib_init_stdio_1                    0x08000279   Thumb Code     0  libinit2.o(.ARM.Collect$$libinit$$00000025)
    __rt_lib_shutdown                        0x0800027b   Thumb Code     0  libshutdown.o(.ARM.Collect$$libshutdown$$00000000)
    __rt_lib_shutdown_cpp_1                  0x0800027d   Thumb Code     0  libshutdown2.o(.ARM.Collect$$libshutdown$$00000002)
    __rt_lib_shutdown_fp_trap_1              0x0800027d   Thumb Code     0  libshutdown2.o(.ARM.Collect$$libshutdown$$00000007)
    __rt_lib_shutdown_heap_1                 0x0800027d   Thumb Code     0  libshutdown2.o(.ARM.Collect$$libshutdown$$0000000F)
    __rt_lib_shutdown_return                 0x0800027d   Thumb Code     0  libshutdown2.o(.ARM.Collect$$libshutdown$$00000010)
    __rt_lib_shutdown_signal_1               0x0800027d   Thumb Code     0  libshutdown2.o(.ARM.Collect$$libshutdown$$0000000A)
    __rt_lib_shutdown_stdio_1                0x0800027d   Thumb Code     0  libshutdown2.o(.ARM.Collect$$libshutdown$$00000004)
    __rt_lib_shutdown_user_alloc_1           0x0800027d   Thumb Code     0  libshutdown2.o(.ARM.Collect$$libshutdown$$0000000C)
    __rt_entry                               0x0800027f   Thumb Code     0  __rtentry.o(.ARM.Collect$$rtentry$$00000000)
    __rt_entry_presh_1                       0x0800027f   Thumb Code     0  __rtentry2.o(.ARM.Collect$$rtentry$$00000002)
    __rt_entry_sh                            0x0800027f   Thumb Code     0  __rtentry4.o(.ARM.Collect$$rtentry$$00000004)
    __rt_entry_li                            0x08000285   Thumb Code     0  __rtentry2.o(.ARM.Collect$$rtentry$$0000000A)
    __rt_entry_postsh_1                      0x08000285   Thumb Code     0  __rtentry2.o(.ARM.Collect$$rtentry$$00000009)
    __rt_entry_main                          0x08000289   Thumb Code     0  __rtentry2.o(.ARM.Collect$$rtentry$$0000000D)
    __rt_entry_postli_1                      0x08000289   Thumb Code     0  __rtentry2.o(.ARM.Collect$$rtentry$$0000000C)
    __rt_exit                                0x08000291   Thumb Code     0  rtexit.o(.ARM.Collect$$rtexit$$00000000)
    __rt_exit_ls                             0x08000293   Thumb Code     0  rtexit2.o(.ARM.Collect$$rtexit$$00000003)
    __rt_exit_prels_1                        0x08000293   Thumb Code     0  rtexit2.o(.ARM.Collect$$rtexit$$00000002)
    __rt_exit_exit                           0x08000297   Thumb Code     0  rtexit2.o(.ARM.Collect$$rtexit$$00000004)
    Reset_Handler                            0x0800029d   Thumb Code     8  startup_stm32g431xx.o(.text)
    COMP1_2_3_IRQHandler                     0x080002b7   Thumb Code     0  startup_stm32g431xx.o(.text)
    COMP4_IRQHandler                         0x080002b7   Thumb Code     0  startup_stm32g431xx.o(.text)
    CORDIC_IRQHandler                        0x080002b7   Thumb Code     0  startup_stm32g431xx.o(.text)
    CRS_IRQHandler                           0x080002b7   Thumb Code     0  startup_stm32g431xx.o(.text)
    DMA1_Channel2_IRQHandler                 0x080002b7   Thumb Code     0  startup_stm32g431xx.o(.text)
    DMA1_Channel3_IRQHandler                 0x080002b7   Thumb Code     0  startup_stm32g431xx.o(.text)
    DMA1_Channel4_IRQHandler                 0x080002b7   Thumb Code     0  startup_stm32g431xx.o(.text)
    DMA1_Channel5_IRQHandler                 0x080002b7   Thumb Code     0  startup_stm32g431xx.o(.text)
    DMA1_Channel6_IRQHandler                 0x080002b7   Thumb Code     0  startup_stm32g431xx.o(.text)
    DMA2_Channel1_IRQHandler                 0x080002b7   Thumb Code     0  startup_stm32g431xx.o(.text)
    DMA2_Channel2_IRQHandler                 0x080002b7   Thumb Code     0  startup_stm32g431xx.o(.text)
    DMA2_Channel3_IRQHandler                 0x080002b7   Thumb Code     0  startup_stm32g431xx.o(.text)
    DMA2_Channel4_IRQHandler                 0x080002b7   Thumb Code     0  startup_stm32g431xx.o(.text)
    DMA2_Channel5_IRQHandler                 0x080002b7   Thumb Code     0  startup_stm32g431xx.o(.text)
    DMA2_Channel6_IRQHandler                 0x080002b7   Thumb Code     0  startup_stm32g431xx.o(.text)
    DMAMUX_OVR_IRQHandler                    0x080002b7   Thumb Code     0  startup_stm32g431xx.o(.text)
    EXTI0_IRQHandler                         0x080002b7   Thumb Code     0  startup_stm32g431xx.o(.text)
    EXTI15_10_IRQHandler                     0x080002b7   Thumb Code     0  startup_stm32g431xx.o(.text)
    EXTI1_IRQHandler                         0x080002b7   Thumb Code     0  startup_stm32g431xx.o(.text)
    EXTI2_IRQHandler                         0x080002b7   Thumb Code     0  startup_stm32g431xx.o(.text)
    EXTI3_IRQHandler                         0x080002b7   Thumb Code     0  startup_stm32g431xx.o(.text)
    EXTI4_IRQHandler                         0x080002b7   Thumb Code     0  startup_stm32g431xx.o(.text)
    EXTI9_5_IRQHandler                       0x080002b7   Thumb Code     0  startup_stm32g431xx.o(.text)
    FDCAN1_IT0_IRQHandler                    0x080002b7   Thumb Code     0  startup_stm32g431xx.o(.text)
    FDCAN1_IT1_IRQHandler                    0x080002b7   Thumb Code     0  startup_stm32g431xx.o(.text)
    FLASH_IRQHandler                         0x080002b7   Thumb Code     0  startup_stm32g431xx.o(.text)
    FMAC_IRQHandler                          0x080002b7   Thumb Code     0  startup_stm32g431xx.o(.text)
    FPU_IRQHandler                           0x080002b7   Thumb Code     0  startup_stm32g431xx.o(.text)
    I2C1_ER_IRQHandler                       0x080002b7   Thumb Code     0  startup_stm32g431xx.o(.text)
    I2C1_EV_IRQHandler                       0x080002b7   Thumb Code     0  startup_stm32g431xx.o(.text)
    I2C2_ER_IRQHandler                       0x080002b7   Thumb Code     0  startup_stm32g431xx.o(.text)
    I2C2_EV_IRQHandler                       0x080002b7   Thumb Code     0  startup_stm32g431xx.o(.text)
    I2C3_ER_IRQHandler                       0x080002b7   Thumb Code     0  startup_stm32g431xx.o(.text)
    I2C3_EV_IRQHandler                       0x080002b7   Thumb Code     0  startup_stm32g431xx.o(.text)
    LPTIM1_IRQHandler                        0x080002b7   Thumb Code     0  startup_stm32g431xx.o(.text)
    LPUART1_IRQHandler                       0x080002b7   Thumb Code     0  startup_stm32g431xx.o(.text)
    PVD_PVM_IRQHandler                       0x080002b7   Thumb Code     0  startup_stm32g431xx.o(.text)
    RCC_IRQHandler                           0x080002b7   Thumb Code     0  startup_stm32g431xx.o(.text)
    RNG_IRQHandler                           0x080002b7   Thumb Code     0  startup_stm32g431xx.o(.text)
    RTC_Alarm_IRQHandler                     0x080002b7   Thumb Code     0  startup_stm32g431xx.o(.text)
    RTC_TAMP_LSECSS_IRQHandler               0x080002b7   Thumb Code     0  startup_stm32g431xx.o(.text)
    RTC_WKUP_IRQHandler                      0x080002b7   Thumb Code     0  startup_stm32g431xx.o(.text)
    SAI1_IRQHandler                          0x080002b7   Thumb Code     0  startup_stm32g431xx.o(.text)
    SPI1_IRQHandler                          0x080002b7   Thumb Code     0  startup_stm32g431xx.o(.text)
    SPI2_IRQHandler                          0x080002b7   Thumb Code     0  startup_stm32g431xx.o(.text)
    SPI3_IRQHandler                          0x080002b7   Thumb Code     0  startup_stm32g431xx.o(.text)
    TIM1_BRK_TIM15_IRQHandler                0x080002b7   Thumb Code     0  startup_stm32g431xx.o(.text)
    TIM1_CC_IRQHandler                       0x080002b7   Thumb Code     0  startup_stm32g431xx.o(.text)
    TIM1_TRG_COM_TIM17_IRQHandler            0x080002b7   Thumb Code     0  startup_stm32g431xx.o(.text)
    TIM3_IRQHandler                          0x080002b7   Thumb Code     0  startup_stm32g431xx.o(.text)
    TIM4_IRQHandler                          0x080002b7   Thumb Code     0  startup_stm32g431xx.o(.text)
    TIM6_DAC_IRQHandler                      0x080002b7   Thumb Code     0  startup_stm32g431xx.o(.text)
    TIM7_IRQHandler                          0x080002b7   Thumb Code     0  startup_stm32g431xx.o(.text)
    TIM8_BRK_IRQHandler                      0x080002b7   Thumb Code     0  startup_stm32g431xx.o(.text)
    TIM8_CC_IRQHandler                       0x080002b7   Thumb Code     0  startup_stm32g431xx.o(.text)
    TIM8_TRG_COM_IRQHandler                  0x080002b7   Thumb Code     0  startup_stm32g431xx.o(.text)
    TIM8_UP_IRQHandler                       0x080002b7   Thumb Code     0  startup_stm32g431xx.o(.text)
    UART4_IRQHandler                         0x080002b7   Thumb Code     0  startup_stm32g431xx.o(.text)
    UCPD1_IRQHandler                         0x080002b7   Thumb Code     0  startup_stm32g431xx.o(.text)
    USART2_IRQHandler                        0x080002b7   Thumb Code     0  startup_stm32g431xx.o(.text)
    USART3_IRQHandler                        0x080002b7   Thumb Code     0  startup_stm32g431xx.o(.text)
    USBWakeUp_IRQHandler                     0x080002b7   Thumb Code     0  startup_stm32g431xx.o(.text)
    USB_HP_IRQHandler                        0x080002b7   Thumb Code     0  startup_stm32g431xx.o(.text)
    USB_LP_IRQHandler                        0x080002b7   Thumb Code     0  startup_stm32g431xx.o(.text)
    WWDG_IRQHandler                          0x080002b7   Thumb Code     0  startup_stm32g431xx.o(.text)
    __user_initial_stackheap                 0x080002b9   Thumb Code     0  startup_stm32g431xx.o(.text)
    __use_no_semihosting                     0x080002dd   Thumb Code     2  use_no_semi_2.o(.text)
    __aeabi_uldivmod                         0x080002df   Thumb Code     0  lludivv7m.o(.text)
    _ll_udiv                                 0x080002df   Thumb Code   240  lludivv7m.o(.text)
    _printf_str                              0x080003cf   Thumb Code    82  _printf_str.o(.text)
    _printf_int_dec                          0x08000421   Thumb Code   104  _printf_dec.o(.text)
    __aeabi_memclr4                          0x08000499   Thumb Code     0  rt_memclr_w.o(.text)
    __aeabi_memclr8                          0x08000499   Thumb Code     0  rt_memclr_w.o(.text)
    __rt_memclr_w                            0x08000499   Thumb Code     0  rt_memclr_w.o(.text)
    _memset_w                                0x0800049d   Thumb Code    74  rt_memclr_w.o(.text)
    __use_two_region_memory                  0x080004e7   Thumb Code     2  heapauxi.o(.text)
    __rt_heap_escrow$2region                 0x080004e9   Thumb Code     2  heapauxi.o(.text)
    __rt_heap_expand$2region                 0x080004eb   Thumb Code     2  heapauxi.o(.text)
    __I$use$semihosting                      0x080004ed   Thumb Code     0  use_no_semi.o(.text)
    __use_no_semihosting_swi                 0x080004ed   Thumb Code     2  use_no_semi.o(.text)
    _printf_int_common                       0x080004ef   Thumb Code   178  _printf_intcommon.o(.text)
    _printf_fp_dec_real                      0x08000751   Thumb Code   620  _printf_fp_dec.o(.text)
    _printf_cs_common                        0x080009bd   Thumb Code    20  _printf_char.o(.text)
    _printf_char                             0x080009d1   Thumb Code    16  _printf_char.o(.text)
    _printf_string                           0x080009e1   Thumb Code     8  _printf_char.o(.text)
    __rt_locale                              0x080009e9   Thumb Code     8  rt_locale_intlibspace.o(.text)
    _ll_udiv10                               0x080009f1   Thumb Code   138  lludiv10.o(.text)
    _printf_fp_infnan                        0x08000a7d   Thumb Code   112  _printf_fp_infnan.o(.text)
    _btod_etento                             0x08000afd   Thumb Code   224  bigflt0.o(.text)
    __user_libspace                          0x08000be1   Thumb Code     8  libspace.o(.text)
    __user_perproc_libspace                  0x08000be1   Thumb Code     0  libspace.o(.text)
    __user_perthread_libspace                0x08000be1   Thumb Code     0  libspace.o(.text)
    __user_setup_stackheap                   0x08000be9   Thumb Code    74  sys_stackheap_outer.o(.text)
    exit                                     0x08000c33   Thumb Code    18  exit.o(.text)
    strcmp                                   0x08000c49   Thumb Code   124  strcmpv7em.o(.text)
    ADC1_2_IRQHandler                        0x08000cc5   Thumb Code    16  stm32g4xx_it.o(.text.ADC1_2_IRQHandler)
    BusFault_Handler                         0x08000cd5   Thumb Code     2  stm32g4xx_it.o(.text.BusFault_Handler)
    DMA1_Channel1_IRQHandler                 0x08000cd9   Thumb Code    16  stm32g4xx_it.o(.text.DMA1_Channel1_IRQHandler)
    DebugMon_Handler                         0x08000d6d   Thumb Code     2  stm32g4xx_it.o(.text.DebugMon_Handler)
    Error_Handler                            0x08000d71   Thumb Code    10  main.o(.text.Error_Handler)
    GetMotorStruct                           0x08000d7d   Thumb Code     4  motorpara.o(.text.GetMotorStruct)
    GetTempStruct                            0x08000d81   Thumb Code     4  motorpara.o(.text.GetTempStruct)
    HAL_ADCEx_EndOfSamplingCallback          0x08000d85   Thumb Code     2  stm32g4xx_hal_adc_ex.o(.text.HAL_ADCEx_EndOfSamplingCallback)
    HAL_ADCEx_InjectedConfigChannel          0x08000d89   Thumb Code  1092  stm32g4xx_hal_adc_ex.o(.text.HAL_ADCEx_InjectedConfigChannel)
    HAL_ADCEx_InjectedConvCpltCallback       0x080011cd   Thumb Code    94  globalcontrol.o(.text.HAL_ADCEx_InjectedConvCpltCallback)
    HAL_ADCEx_InjectedGetValue               0x0800122d   Thumb Code    50  stm32g4xx_hal_adc_ex.o(.text.HAL_ADCEx_InjectedGetValue)
    HAL_ADCEx_InjectedQueueOverflowCallback  0x08001261   Thumb Code     2  stm32g4xx_hal_adc_ex.o(.text.HAL_ADCEx_InjectedQueueOverflowCallback)
    HAL_ADCEx_LevelOutOfWindow2Callback      0x08001265   Thumb Code     2  stm32g4xx_hal_adc_ex.o(.text.HAL_ADCEx_LevelOutOfWindow2Callback)
    HAL_ADCEx_LevelOutOfWindow3Callback      0x08001269   Thumb Code     2  stm32g4xx_hal_adc_ex.o(.text.HAL_ADCEx_LevelOutOfWindow3Callback)
    HAL_ADC_ConfigChannel                    0x0800126d   Thumb Code   850  stm32g4xx_hal_adc.o(.text.HAL_ADC_ConfigChannel)
    HAL_ADC_ConvCpltCallback                 0x080015c1   Thumb Code    72  globalcontrol.o(.text.HAL_ADC_ConvCpltCallback)
    HAL_ADC_ErrorCallback                    0x08001609   Thumb Code     2  stm32g4xx_hal_adc.o(.text.HAL_ADC_ErrorCallback)
    HAL_ADC_IRQHandler                       0x0800160d   Thumb Code   570  stm32g4xx_hal_adc.o(.text.HAL_ADC_IRQHandler)
    HAL_ADC_Init                             0x08001849   Thumb Code   466  stm32g4xx_hal_adc.o(.text.HAL_ADC_Init)
    HAL_ADC_LevelOutOfWindowCallback         0x08001a1d   Thumb Code     2  stm32g4xx_hal_adc.o(.text.HAL_ADC_LevelOutOfWindowCallback)
    HAL_ADC_MspInit                          0x08001a21   Thumb Code   312  adc.o(.text.HAL_ADC_MspInit)
    HAL_DMA_Abort                            0x08001b59   Thumb Code   118  stm32g4xx_hal_dma.o(.text.HAL_DMA_Abort)
    HAL_DMA_Abort_IT                         0x08001bd1   Thumb Code   122  stm32g4xx_hal_dma.o(.text.HAL_DMA_Abort_IT)
    HAL_DMA_IRQHandler                       0x08001c4d   Thumb Code   170  stm32g4xx_hal_dma.o(.text.HAL_DMA_IRQHandler)
    HAL_DMA_Init                             0x08001cf9   Thumb Code   218  stm32g4xx_hal_dma.o(.text.HAL_DMA_Init)
    HAL_GPIO_Init                            0x08001dd5   Thumb Code   420  stm32g4xx_hal_gpio.o(.text.HAL_GPIO_Init)
    HAL_GPIO_WritePin                        0x08001f79   Thumb Code    12  stm32g4xx_hal_gpio.o(.text.HAL_GPIO_WritePin)
    HAL_GetTick                              0x08001f85   Thumb Code    12  stm32g4xx_hal.o(.text.HAL_GetTick)
    HAL_IncTick                              0x08001f91   Thumb Code    26  stm32g4xx_hal.o(.text.HAL_IncTick)
    HAL_Init                                 0x08001fad   Thumb Code    30  stm32g4xx_hal.o(.text.HAL_Init)
    HAL_InitTick                             0x08001fcd   Thumb Code    86  stm32g4xx_hal.o(.text.HAL_InitTick)
    HAL_MspInit                              0x08002025   Thumb Code    56  stm32g4xx_hal_msp.o(.text.HAL_MspInit)
    HAL_NVIC_EnableIRQ                       0x0800205d   Thumb Code     8  stm32g4xx_hal_cortex.o(.text.HAL_NVIC_EnableIRQ)
    HAL_NVIC_SetPriority                     0x08002065   Thumb Code    30  stm32g4xx_hal_cortex.o(.text.HAL_NVIC_SetPriority)
    HAL_NVIC_SetPriorityGrouping             0x08002085   Thumb Code     8  stm32g4xx_hal_cortex.o(.text.HAL_NVIC_SetPriorityGrouping)
    HAL_PWREx_ControlVoltageScaling          0x0800208d   Thumb Code   238  stm32g4xx_hal_pwr_ex.o(.text.HAL_PWREx_ControlVoltageScaling)
    HAL_PWREx_DisableUCPDDeadBattery         0x0800217d   Thumb Code    18  stm32g4xx_hal_pwr_ex.o(.text.HAL_PWREx_DisableUCPDDeadBattery)
    HAL_RCCEx_PeriphCLKConfig                0x08002191   Thumb Code   658  stm32g4xx_hal_rcc_ex.o(.text.HAL_RCCEx_PeriphCLKConfig)
    HAL_RCC_ClockConfig                      0x08002425   Thumb Code   518  stm32g4xx_hal_rcc.o(.text.HAL_RCC_ClockConfig)
    HAL_RCC_GetHCLKFreq                      0x0800262d   Thumb Code    12  stm32g4xx_hal_rcc.o(.text.HAL_RCC_GetHCLKFreq)
    HAL_RCC_GetPCLK1Freq                     0x08002639   Thumb Code    38  stm32g4xx_hal_rcc.o(.text.HAL_RCC_GetPCLK1Freq)
    HAL_RCC_GetPCLK2Freq                     0x08002661   Thumb Code    38  stm32g4xx_hal_rcc.o(.text.HAL_RCC_GetPCLK2Freq)
    HAL_RCC_GetSysClockFreq                  0x08002689   Thumb Code    98  stm32g4xx_hal_rcc.o(.text.HAL_RCC_GetSysClockFreq)
    HAL_RCC_OscConfig                        0x080026ed   Thumb Code  1146  stm32g4xx_hal_rcc.o(.text.HAL_RCC_OscConfig)
    HAL_SYSTICK_Config                       0x08002b69   Thumb Code     8  stm32g4xx_hal_cortex.o(.text.HAL_SYSTICK_Config)
    HAL_TIMEx_Break2Callback                 0x08002b71   Thumb Code     2  stm32g4xx_hal_tim_ex.o(.text.HAL_TIMEx_Break2Callback)
    HAL_TIMEx_BreakCallback                  0x08002b75   Thumb Code     2  stm32g4xx_hal_tim_ex.o(.text.HAL_TIMEx_BreakCallback)
    HAL_TIMEx_CommutCallback                 0x08002b79   Thumb Code     2  stm32g4xx_hal_tim_ex.o(.text.HAL_TIMEx_CommutCallback)
    HAL_TIMEx_ConfigBreakDeadTime            0x08002b7d   Thumb Code   208  stm32g4xx_hal_tim_ex.o(.text.HAL_TIMEx_ConfigBreakDeadTime)
    HAL_TIMEx_DirectionChangeCallback        0x08002c4d   Thumb Code     2  stm32g4xx_hal_tim_ex.o(.text.HAL_TIMEx_DirectionChangeCallback)
    HAL_TIMEx_EncoderIndexCallback           0x08002c51   Thumb Code     2  stm32g4xx_hal_tim_ex.o(.text.HAL_TIMEx_EncoderIndexCallback)
    HAL_TIMEx_IndexErrorCallback             0x08002c55   Thumb Code     2  stm32g4xx_hal_tim_ex.o(.text.HAL_TIMEx_IndexErrorCallback)
    HAL_TIMEx_MasterConfigSynchronization    0x08002c59   Thumb Code   168  stm32g4xx_hal_tim_ex.o(.text.HAL_TIMEx_MasterConfigSynchronization)
    HAL_TIMEx_TransitionErrorCallback        0x08002d01   Thumb Code     2  stm32g4xx_hal_tim_ex.o(.text.HAL_TIMEx_TransitionErrorCallback)
    HAL_TIM_Base_Init                        0x08002d05   Thumb Code    98  stm32g4xx_hal_tim.o(.text.HAL_TIM_Base_Init)
    HAL_TIM_Base_MspInit                     0x08002d69   Thumb Code   102  tim.o(.text.HAL_TIM_Base_MspInit)
    HAL_TIM_ConfigClockSource                0x08002dd1   Thumb Code   276  stm32g4xx_hal_tim.o(.text.HAL_TIM_ConfigClockSource)
    HAL_TIM_IC_CaptureCallback               0x08002ee5   Thumb Code     2  stm32g4xx_hal_tim.o(.text.HAL_TIM_IC_CaptureCallback)
    HAL_TIM_IRQHandler                       0x08002ee9   Thumb Code   442  stm32g4xx_hal_tim.o(.text.HAL_TIM_IRQHandler)
    HAL_TIM_MspPostInit                      0x080030a5   Thumb Code    92  tim.o(.text.HAL_TIM_MspPostInit)
    HAL_TIM_OC_DelayElapsedCallback          0x08003101   Thumb Code     2  stm32g4xx_hal_tim.o(.text.HAL_TIM_OC_DelayElapsedCallback)
    HAL_TIM_PWM_ConfigChannel                0x08003105   Thumb Code   186  stm32g4xx_hal_tim.o(.text.HAL_TIM_PWM_ConfigChannel)
    HAL_TIM_PWM_Init                         0x080031c1   Thumb Code    98  stm32g4xx_hal_tim.o(.text.HAL_TIM_PWM_Init)
    HAL_TIM_PWM_MspInit                      0x08003225   Thumb Code     2  stm32g4xx_hal_tim.o(.text.HAL_TIM_PWM_MspInit)
    HAL_TIM_PWM_PulseFinishedCallback        0x08003229   Thumb Code     2  stm32g4xx_hal_tim.o(.text.HAL_TIM_PWM_PulseFinishedCallback)
    HAL_TIM_PeriodElapsedCallback            0x0800322d   Thumb Code     2  stm32g4xx_hal_tim.o(.text.HAL_TIM_PeriodElapsedCallback)
    HAL_TIM_TriggerCallback                  0x08003231   Thumb Code     2  stm32g4xx_hal_tim.o(.text.HAL_TIM_TriggerCallback)
    HAL_UARTEx_DisableFifoMode               0x08003235   Thumb Code    54  stm32g4xx_hal_uart_ex.o(.text.HAL_UARTEx_DisableFifoMode)
    HAL_UARTEx_RxEventCallback               0x0800326d   Thumb Code     2  stm32g4xx_hal_uart.o(.text.HAL_UARTEx_RxEventCallback)
    HAL_UARTEx_RxFifoFullCallback            0x08003271   Thumb Code     2  stm32g4xx_hal_uart_ex.o(.text.HAL_UARTEx_RxFifoFullCallback)
    HAL_UARTEx_SetRxFifoThreshold            0x08003275   Thumb Code    74  stm32g4xx_hal_uart_ex.o(.text.HAL_UARTEx_SetRxFifoThreshold)
    HAL_UARTEx_SetTxFifoThreshold            0x080032c1   Thumb Code    74  stm32g4xx_hal_uart_ex.o(.text.HAL_UARTEx_SetTxFifoThreshold)
    HAL_UARTEx_TxFifoEmptyCallback           0x0800330d   Thumb Code     2  stm32g4xx_hal_uart_ex.o(.text.HAL_UARTEx_TxFifoEmptyCallback)
    HAL_UARTEx_WakeupCallback                0x08003311   Thumb Code     2  stm32g4xx_hal_uart_ex.o(.text.HAL_UARTEx_WakeupCallback)
    HAL_UART_ErrorCallback                   0x08003315   Thumb Code     2  stm32g4xx_hal_uart.o(.text.HAL_UART_ErrorCallback)
    HAL_UART_IRQHandler                      0x08003319   Thumb Code   802  stm32g4xx_hal_uart.o(.text.HAL_UART_IRQHandler)
    HAL_UART_Init                            0x0800363d   Thumb Code    98  stm32g4xx_hal_uart.o(.text.HAL_UART_Init)
    HAL_UART_MspInit                         0x080036a1   Thumb Code   160  usart.o(.text.HAL_UART_MspInit)
    HAL_UART_TxCpltCallback                  0x08003741   Thumb Code     2  stm32g4xx_hal_uart.o(.text.HAL_UART_TxCpltCallback)
    HardFault_Handler                        0x08003745   Thumb Code     2  stm32g4xx_it.o(.text.HardFault_Handler)
    MX_ADC2_Init                             0x080039e9   Thumb Code   336  adc.o(.text.MX_ADC2_Init)
    MX_DMA_Init                              0x08003b39   Thumb Code    68  dma.o(.text.MX_DMA_Init)
    MX_GPIO_Init                             0x08003b7d   Thumb Code   248  gpio.o(.text.MX_GPIO_Init)
    MX_TIM1_Init                             0x08003c75   Thumb Code   336  tim.o(.text.MX_TIM1_Init)
    MX_TIM2_Init                             0x08003dc5   Thumb Code   124  tim.o(.text.MX_TIM2_Init)
    MX_USART1_UART_Init                      0x08003e41   Thumb Code   126  usart.o(.text.MX_USART1_UART_Init)
    MemManage_Handler                        0x08003ec1   Thumb Code     2  stm32g4xx_it.o(.text.MemManage_Handler)
    NMI_Handler                              0x08003ec5   Thumb Code     2  stm32g4xx_it.o(.text.NMI_Handler)
    PendSV_Handler                           0x08003ef5   Thumb Code     2  stm32g4xx_it.o(.text.PendSV_Handler)
    SVC_Handler                              0x08003f31   Thumb Code     2  stm32g4xx_it.o(.text.SVC_Handler)
    SysTick_Handler                          0x08003f65   Thumb Code     8  stm32g4xx_it.o(.text.SysTick_Handler)
    SystemClock_Config                       0x08003f6d   Thumb Code   104  main.o(.text.SystemClock_Config)
    SystemInit                               0x08003fd5   Thumb Code    18  system_stm32g4xx.o(.text.SystemInit)
    TIM1_UP_TIM16_IRQHandler                 0x08003fe9   Thumb Code    16  stm32g4xx_it.o(.text.TIM1_UP_TIM16_IRQHandler)
    TIM2_IRQHandler                          0x08003ff9   Thumb Code    16  stm32g4xx_it.o(.text.TIM2_IRQHandler)
    TIM_Base_SetConfig                       0x08004009   Thumb Code   266  stm32g4xx_hal_tim.o(.text.TIM_Base_SetConfig)
    TIM_ETR_SetConfig                        0x08004115   Thumb Code    22  stm32g4xx_hal_tim.o(.text.TIM_ETR_SetConfig)
    TIM_OC2_SetConfig                        0x080041c9   Thumb Code   146  stm32g4xx_hal_tim.o(.text.TIM_OC2_SetConfig)
    UART_AdvFeatureConfig                    0x08004529   Thumb Code   230  stm32g4xx_hal_uart.o(.text.UART_AdvFeatureConfig)
    UART_CheckIdleState                      0x08004611   Thumb Code   192  stm32g4xx_hal_uart.o(.text.UART_CheckIdleState)
    UART_SetConfig                           0x08004761   Thumb Code   676  stm32g4xx_hal_uart.o(.text.UART_SetConfig)
    UART_WaitOnFlagUntilTimeout              0x08004a25   Thumb Code   194  stm32g4xx_hal_uart.o(.text.UART_WaitOnFlagUntilTimeout)
    USART1_IRQHandler                        0x08004ae9   Thumb Code    16  stm32g4xx_it.o(.text.USART1_IRQHandler)
    UsageFault_Handler                       0x08004af9   Thumb Code     2  stm32g4xx_it.o(.text.UsageFault_Handler)
    _sys_exit                                0x08004b71   Thumb Code     2  usart.o(.text._sys_exit)
    main                                     0x08004b75   Thumb Code    34  main.o(.text.main)
    _btod_d2e                                0x08004b97   Thumb Code    62  btod.o(CL$$btod_d2e)
    _d2e_denorm_low                          0x08004bd5   Thumb Code    70  btod.o(CL$$btod_d2e_denorm_low)
    _d2e_norm_op1                            0x08004c1b   Thumb Code    96  btod.o(CL$$btod_d2e_norm_op1)
    __btod_div_common                        0x08004c7d   Thumb Code   696  btod.o(CL$$btod_div_common)
    _e2e                                     0x08004fb5   Thumb Code   220  btod.o(CL$$btod_e2e)
    _btod_ediv                               0x08005091   Thumb Code    42  btod.o(CL$$btod_ediv)
    _btod_emul                               0x080050bb   Thumb Code    42  btod.o(CL$$btod_emul)
    __btod_mult_common                       0x080050e5   Thumb Code   580  btod.o(CL$$btod_mult_common)
    __ARM_fpclassify                         0x08005329   Thumb Code    48  fpclassify.o(i.__ARM_fpclassify)
    _get_lc_numeric                          0x08005359   Thumb Code    44  lc_numeric_c.o(locale$$code)
    _fp_init                                 0x08005385   Thumb Code    26  fpinit.o(x$fpl$fpinit)
    __fplib_config_fpu_vfp                   0x0800539d   Thumb Code     0  fpinit.o(x$fpl$fpinit)
    __fplib_config_pureend_doubles           0x0800539d   Thumb Code     0  fpinit.o(x$fpl$fpinit)
    _printf_fp_dec                           0x0800539f   Thumb Code     4  printf1.o(x$fpl$printf1)
    __I$use$fp                               0x080053a2   Number         0  usenofp.o(x$fpl$usenofp)
    AHBPrescTable                            0x08005438   Data          16  system_stm32g4xx.o(.rodata.AHBPrescTable)
    APBPrescTable                            0x08005448   Data           8  system_stm32g4xx.o(.rodata.APBPrescTable)
    UARTPrescTable                           0x08005450   Data          24  stm32g4xx_hal_uart.o(.rodata.UARTPrescTable)
    g_API_Interface                          0x08005478   Data          20  motorpara.o(.rodata.g_API_Interface)
    Region$$Table$$Base                      0x0800548c   Number         0  anon$$obj.o(Region$$Table)
    Region$$Table$$Limit                     0x080054ac   Number         0  anon$$obj.o(Region$$Table)
    SystemCoreClock                          0x20000000   Data           4  system_stm32g4xx.o(.data.SystemCoreClock)
    uwTickFreq                               0x20000004   Data           4  stm32g4xx_hal.o(.data.uwTickFreq)
    uwTickPrio                               0x20000008   Data           4  stm32g4xx_hal.o(.data.uwTickPrio)
    __libspace_start                         0x20000010   Data          96  libspace.o(.bss)
    __temporary_stack_top$libspace           0x20000070   Data           0  libspace.o(.bss)
    hadc2                                    0x20000078   Data         108  adc.o(.bss.hadc2)
    hdma_adc2                                0x200000e4   Data          96  adc.o(.bss.hdma_adc2)
    htim1                                    0x20000144   Data          76  tim.o(.bss.htim1)
    htim2                                    0x20000190   Data          76  tim.o(.bss.htim2)
    huart1                                   0x200001dc   Data         148  usart.o(.bss.huart1)
    uwTick                                   0x20000270   Data           4  stm32g4xx_hal.o(.bss.uwTick)



==============================================================================

Memory Map of the image

  Image Entry point : 0x080001d9

  Load Region LR_IROM1 (Base: 0x08000000, Size: 0x000054d8, Max: 0x00020000, ABSOLUTE)

    Execution Region ER_IROM1 (Exec base: 0x08000000, Load base: 0x08000000, Size: 0x000054c8, Max: 0x00020000, ABSOLUTE)

    Exec Addr    Load Addr    Size         Type   Attr      Idx    E Section Name        Object

    0x08000000   0x08000000   0x000001d8   Data   RO            3    RESET               startup_stm32g431xx.o
    0x080001d8   0x080001d8   0x00000008   Code   RO         1756  * !!!main             c_w.l(__main.o)
    0x080001e0   0x080001e0   0x00000034   Code   RO         2053    !!!scatter          c_w.l(__scatter.o)
    0x08000214   0x08000214   0x0000001a   Code   RO         2055    !!handler_copy      c_w.l(__scatter_copy.o)
    0x0800022e   0x0800022e   0x00000002   PAD
    0x08000230   0x08000230   0x0000001c   Code   RO         2057    !!handler_zi        c_w.l(__scatter_zi.o)
    0x0800024c   0x0800024c   0x00000000   Code   RO         1751    .ARM.Collect$$_printf_percent$$00000000  c_w.l(_printf_percent.o)
    0x0800024c   0x0800024c   0x00000006   Code   RO         1750    .ARM.Collect$$_printf_percent$$00000003  c_w.l(_printf_f.o)
    0x08000252   0x08000252   0x00000006   Code   RO         1749    .ARM.Collect$$_printf_percent$$0000000A  c_w.l(_printf_u.o)
    0x08000258   0x08000258   0x00000006   Code   RO         1748    .ARM.Collect$$_printf_percent$$00000014  c_w.l(_printf_s.o)
    0x0800025e   0x0800025e   0x00000004   Code   RO         1812    .ARM.Collect$$_printf_percent$$00000017  c_w.l(_printf_percent_end.o)
    0x08000262   0x08000262   0x00000002   Code   RO         1928    .ARM.Collect$$libinit$$00000000  c_w.l(libinit.o)
    0x08000264   0x08000264   0x00000004   Code   RO         1929    .ARM.Collect$$libinit$$00000001  c_w.l(libinit2.o)
    0x08000268   0x08000268   0x00000000   Code   RO         1932    .ARM.Collect$$libinit$$00000004  c_w.l(libinit2.o)
    0x08000268   0x08000268   0x00000000   Code   RO         1935    .ARM.Collect$$libinit$$0000000A  c_w.l(libinit2.o)
    0x08000268   0x08000268   0x00000000   Code   RO         1937    .ARM.Collect$$libinit$$0000000C  c_w.l(libinit2.o)
    0x08000268   0x08000268   0x00000000   Code   RO         1939    .ARM.Collect$$libinit$$0000000E  c_w.l(libinit2.o)
    0x08000268   0x08000268   0x00000006   Code   RO         1940    .ARM.Collect$$libinit$$0000000F  c_w.l(libinit2.o)
    0x0800026e   0x0800026e   0x00000000   Code   RO         1942    .ARM.Collect$$libinit$$00000011  c_w.l(libinit2.o)
    0x0800026e   0x0800026e   0x00000000   Code   RO         1944    .ARM.Collect$$libinit$$00000013  c_w.l(libinit2.o)
    0x0800026e   0x0800026e   0x00000000   Code   RO         1946    .ARM.Collect$$libinit$$00000015  c_w.l(libinit2.o)
    0x0800026e   0x0800026e   0x0000000a   Code   RO         1947    .ARM.Collect$$libinit$$00000016  c_w.l(libinit2.o)
    0x08000278   0x08000278   0x00000000   Code   RO         1948    .ARM.Collect$$libinit$$00000017  c_w.l(libinit2.o)
    0x08000278   0x08000278   0x00000000   Code   RO         1950    .ARM.Collect$$libinit$$00000019  c_w.l(libinit2.o)
    0x08000278   0x08000278   0x00000000   Code   RO         1952    .ARM.Collect$$libinit$$0000001B  c_w.l(libinit2.o)
    0x08000278   0x08000278   0x00000000   Code   RO         1954    .ARM.Collect$$libinit$$0000001D  c_w.l(libinit2.o)
    0x08000278   0x08000278   0x00000000   Code   RO         1956    .ARM.Collect$$libinit$$0000001F  c_w.l(libinit2.o)
    0x08000278   0x08000278   0x00000000   Code   RO         1958    .ARM.Collect$$libinit$$00000021  c_w.l(libinit2.o)
    0x08000278   0x08000278   0x00000000   Code   RO         1960    .ARM.Collect$$libinit$$00000023  c_w.l(libinit2.o)
    0x08000278   0x08000278   0x00000000   Code   RO         1962    .ARM.Collect$$libinit$$00000025  c_w.l(libinit2.o)
    0x08000278   0x08000278   0x00000000   Code   RO         1966    .ARM.Collect$$libinit$$0000002C  c_w.l(libinit2.o)
    0x08000278   0x08000278   0x00000000   Code   RO         1968    .ARM.Collect$$libinit$$0000002E  c_w.l(libinit2.o)
    0x08000278   0x08000278   0x00000000   Code   RO         1970    .ARM.Collect$$libinit$$00000030  c_w.l(libinit2.o)
    0x08000278   0x08000278   0x00000000   Code   RO         1972    .ARM.Collect$$libinit$$00000032  c_w.l(libinit2.o)
    0x08000278   0x08000278   0x00000002   Code   RO         1973    .ARM.Collect$$libinit$$00000033  c_w.l(libinit2.o)
    0x0800027a   0x0800027a   0x00000002   Code   RO         2017    .ARM.Collect$$libshutdown$$00000000  c_w.l(libshutdown.o)
    0x0800027c   0x0800027c   0x00000000   Code   RO         2036    .ARM.Collect$$libshutdown$$00000002  c_w.l(libshutdown2.o)
    0x0800027c   0x0800027c   0x00000000   Code   RO         2038    .ARM.Collect$$libshutdown$$00000004  c_w.l(libshutdown2.o)
    0x0800027c   0x0800027c   0x00000000   Code   RO         2041    .ARM.Collect$$libshutdown$$00000007  c_w.l(libshutdown2.o)
    0x0800027c   0x0800027c   0x00000000   Code   RO         2044    .ARM.Collect$$libshutdown$$0000000A  c_w.l(libshutdown2.o)
    0x0800027c   0x0800027c   0x00000000   Code   RO         2046    .ARM.Collect$$libshutdown$$0000000C  c_w.l(libshutdown2.o)
    0x0800027c   0x0800027c   0x00000000   Code   RO         2049    .ARM.Collect$$libshutdown$$0000000F  c_w.l(libshutdown2.o)
    0x0800027c   0x0800027c   0x00000002   Code   RO         2050    .ARM.Collect$$libshutdown$$00000010  c_w.l(libshutdown2.o)
    0x0800027e   0x0800027e   0x00000000   Code   RO         1789    .ARM.Collect$$rtentry$$00000000  c_w.l(__rtentry.o)
    0x0800027e   0x0800027e   0x00000000   Code   RO         1838    .ARM.Collect$$rtentry$$00000002  c_w.l(__rtentry2.o)
    0x0800027e   0x0800027e   0x00000006   Code   RO         1850    .ARM.Collect$$rtentry$$00000004  c_w.l(__rtentry4.o)
    0x08000284   0x08000284   0x00000000   Code   RO         1840    .ARM.Collect$$rtentry$$00000009  c_w.l(__rtentry2.o)
    0x08000284   0x08000284   0x00000004   Code   RO         1841    .ARM.Collect$$rtentry$$0000000A  c_w.l(__rtentry2.o)
    0x08000288   0x08000288   0x00000000   Code   RO         1843    .ARM.Collect$$rtentry$$0000000C  c_w.l(__rtentry2.o)
    0x08000288   0x08000288   0x00000008   Code   RO         1844    .ARM.Collect$$rtentry$$0000000D  c_w.l(__rtentry2.o)
    0x08000290   0x08000290   0x00000002   Code   RO         1974    .ARM.Collect$$rtexit$$00000000  c_w.l(rtexit.o)
    0x08000292   0x08000292   0x00000000   Code   RO         1989    .ARM.Collect$$rtexit$$00000002  c_w.l(rtexit2.o)
    0x08000292   0x08000292   0x00000004   Code   RO         1990    .ARM.Collect$$rtexit$$00000003  c_w.l(rtexit2.o)
    0x08000296   0x08000296   0x00000006   Code   RO         1991    .ARM.Collect$$rtexit$$00000004  c_w.l(rtexit2.o)
    0x0800029c   0x0800029c   0x00000040   Code   RO            4    .text               startup_stm32g431xx.o
    0x080002dc   0x080002dc   0x00000002   Code   RO         1710    .text               c_w.l(use_no_semi_2.o)
    0x080002de   0x080002de   0x000000f0   Code   RO         1712    .text               c_w.l(lludivv7m.o)
    0x080003ce   0x080003ce   0x00000052   Code   RO         1724    .text               c_w.l(_printf_str.o)
    0x08000420   0x08000420   0x00000078   Code   RO         1726    .text               c_w.l(_printf_dec.o)
    0x08000498   0x08000498   0x0000004e   Code   RO         1752    .text               c_w.l(rt_memclr_w.o)
    0x080004e6   0x080004e6   0x00000006   Code   RO         1754    .text               c_w.l(heapauxi.o)
    0x080004ec   0x080004ec   0x00000002   Code   RO         1787    .text               c_w.l(use_no_semi.o)
    0x080004ee   0x080004ee   0x000000b2   Code   RO         1796    .text               c_w.l(_printf_intcommon.o)
    0x080005a0   0x080005a0   0x0000041c   Code   RO         1798    .text               c_w.l(_printf_fp_dec.o)
    0x080009bc   0x080009bc   0x0000002c   Code   RO         1808    .text               c_w.l(_printf_char.o)
    0x080009e8   0x080009e8   0x00000008   Code   RO         1857    .text               c_w.l(rt_locale_intlibspace.o)
    0x080009f0   0x080009f0   0x0000008a   Code   RO         1864    .text               c_w.l(lludiv10.o)
    0x08000a7a   0x08000a7a   0x00000002   PAD
    0x08000a7c   0x08000a7c   0x00000080   Code   RO         1866    .text               c_w.l(_printf_fp_infnan.o)
    0x08000afc   0x08000afc   0x000000e4   Code   RO         1870    .text               c_w.l(bigflt0.o)
    0x08000be0   0x08000be0   0x00000008   Code   RO         1908    .text               c_w.l(libspace.o)
    0x08000be8   0x08000be8   0x0000004a   Code   RO         1911    .text               c_w.l(sys_stackheap_outer.o)
    0x08000c32   0x08000c32   0x00000012   Code   RO         1915    .text               c_w.l(exit.o)
    0x08000c44   0x08000c44   0x00000004   PAD
    0x08000c48   0x08000c48   0x0000007c   Code   RO         1921    .text               c_w.l(strcmpv7em.o)
    0x08000cc4   0x08000cc4   0x00000010   Code   RO          121    .text.ADC1_2_IRQHandler  stm32g4xx_it.o
    0x08000cd4   0x08000cd4   0x00000002   Code   RO          107    .text.BusFault_Handler  stm32g4xx_it.o
    0x08000cd6   0x08000cd6   0x00000002   PAD
    0x08000cd8   0x08000cd8   0x00000010   Code   RO          119    .text.DMA1_Channel1_IRQHandler  stm32g4xx_it.o
    0x08000ce8   0x08000ce8   0x00000056   Code   RO          732    .text.DMA_CalcDMAMUXChannelBaseAndMask  stm32g4xx_hal_dma.o
    0x08000d3e   0x08000d3e   0x00000002   PAD
    0x08000d40   0x08000d40   0x0000002a   Code   RO          734    .text.DMA_CalcDMAMUXRequestGenBaseAndMask  stm32g4xx_hal_dma.o
    0x08000d6a   0x08000d6a   0x00000002   PAD
    0x08000d6c   0x08000d6c   0x00000002   Code   RO          113    .text.DebugMon_Handler  stm32g4xx_it.o
    0x08000d6e   0x08000d6e   0x00000002   PAD
    0x08000d70   0x08000d70   0x0000000a   Code   RO           15    .text.Error_Handler  main.o
    0x08000d7a   0x08000d7a   0x00000002   PAD
    0x08000d7c   0x08000d7c   0x00000004   Code   RO         1618    .text.GetMotorStruct  motorpara.o
    0x08000d80   0x08000d80   0x00000004   Code   RO         1616    .text.GetTempStruct  motorpara.o
    0x08000d84   0x08000d84   0x00000002   Code   RO          350    .text.HAL_ADCEx_EndOfSamplingCallback  stm32g4xx_hal_adc_ex.o
    0x08000d86   0x08000d86   0x00000002   PAD
    0x08000d88   0x08000d88   0x00000444   Code   RO          360    .text.HAL_ADCEx_InjectedConfigChannel  stm32g4xx_hal_adc_ex.o
    0x080011cc   0x080011cc   0x0000005e   Code   RO         1591    .text.HAL_ADCEx_InjectedConvCpltCallback  globalcontrol.o
    0x0800122a   0x0800122a   0x00000002   PAD
    0x0800122c   0x0800122c   0x00000032   Code   RO          340    .text.HAL_ADCEx_InjectedGetValue  stm32g4xx_hal_adc_ex.o
    0x0800125e   0x0800125e   0x00000002   PAD
    0x08001260   0x08001260   0x00000002   Code   RO          344    .text.HAL_ADCEx_InjectedQueueOverflowCallback  stm32g4xx_hal_adc_ex.o
    0x08001262   0x08001262   0x00000002   PAD
    0x08001264   0x08001264   0x00000002   Code   RO          346    .text.HAL_ADCEx_LevelOutOfWindow2Callback  stm32g4xx_hal_adc_ex.o
    0x08001266   0x08001266   0x00000002   PAD
    0x08001268   0x08001268   0x00000002   Code   RO          348    .text.HAL_ADCEx_LevelOutOfWindow3Callback  stm32g4xx_hal_adc_ex.o
    0x0800126a   0x0800126a   0x00000002   PAD
    0x0800126c   0x0800126c   0x00000352   Code   RO          222    .text.HAL_ADC_ConfigChannel  stm32g4xx_hal_adc.o
    0x080015be   0x080015be   0x00000002   PAD
    0x080015c0   0x080015c0   0x00000048   Code   RO         1589    .text.HAL_ADC_ConvCpltCallback  globalcontrol.o
    0x08001608   0x08001608   0x00000002   Code   RO          218    .text.HAL_ADC_ErrorCallback  stm32g4xx_hal_adc.o
    0x0800160a   0x0800160a   0x00000002   PAD
    0x0800160c   0x0800160c   0x0000023a   Code   RO          210    .text.HAL_ADC_IRQHandler  stm32g4xx_hal_adc.o
    0x08001846   0x08001846   0x00000002   PAD
    0x08001848   0x08001848   0x000001d2   Code   RO          144    .text.HAL_ADC_Init  stm32g4xx_hal_adc.o
    0x08001a1a   0x08001a1a   0x00000002   PAD
    0x08001a1c   0x08001a1c   0x00000002   Code   RO          216    .text.HAL_ADC_LevelOutOfWindowCallback  stm32g4xx_hal_adc.o
    0x08001a1e   0x08001a1e   0x00000002   PAD
    0x08001a20   0x08001a20   0x00000138   Code   RO           36    .text.HAL_ADC_MspInit  adc.o
    0x08001b58   0x08001b58   0x00000076   Code   RO          744    .text.HAL_DMA_Abort  stm32g4xx_hal_dma.o
    0x08001bce   0x08001bce   0x00000002   PAD
    0x08001bd0   0x08001bd0   0x0000007a   Code   RO          746    .text.HAL_DMA_Abort_IT  stm32g4xx_hal_dma.o
    0x08001c4a   0x08001c4a   0x00000002   PAD
    0x08001c4c   0x08001c4c   0x000000aa   Code   RO          750    .text.HAL_DMA_IRQHandler  stm32g4xx_hal_dma.o
    0x08001cf6   0x08001cf6   0x00000002   PAD
    0x08001cf8   0x08001cf8   0x000000da   Code   RO          730    .text.HAL_DMA_Init  stm32g4xx_hal_dma.o
    0x08001dd2   0x08001dd2   0x00000002   PAD
    0x08001dd4   0x08001dd4   0x000001a4   Code   RO          680    .text.HAL_GPIO_Init  stm32g4xx_hal_gpio.o
    0x08001f78   0x08001f78   0x0000000c   Code   RO          686    .text.HAL_GPIO_WritePin  stm32g4xx_hal_gpio.o
    0x08001f84   0x08001f84   0x0000000c   Code   RO          419    .text.HAL_GetTick   stm32g4xx_hal.o
    0x08001f90   0x08001f90   0x0000001a   Code   RO          417    .text.HAL_IncTick   stm32g4xx_hal.o
    0x08001faa   0x08001faa   0x00000002   PAD
    0x08001fac   0x08001fac   0x0000001e   Code   RO          407    .text.HAL_Init      stm32g4xx_hal.o
    0x08001fca   0x08001fca   0x00000002   PAD
    0x08001fcc   0x08001fcc   0x00000056   Code   RO          409    .text.HAL_InitTick  stm32g4xx_hal.o
    0x08002022   0x08002022   0x00000002   PAD
    0x08002024   0x08002024   0x00000038   Code   RO          136    .text.HAL_MspInit   stm32g4xx_hal_msp.o
    0x0800205c   0x0800205c   0x00000008   Code   RO          920    .text.HAL_NVIC_EnableIRQ  stm32g4xx_hal_cortex.o
    0x08002064   0x08002064   0x0000001e   Code   RO          912    .text.HAL_NVIC_SetPriority  stm32g4xx_hal_cortex.o
    0x08002082   0x08002082   0x00000002   PAD
    0x08002084   0x08002084   0x00000008   Code   RO          908    .text.HAL_NVIC_SetPriorityGrouping  stm32g4xx_hal_cortex.o
    0x0800208c   0x0800208c   0x000000ee   Code   RO          828    .text.HAL_PWREx_ControlVoltageScaling  stm32g4xx_hal_pwr_ex.o
    0x0800217a   0x0800217a   0x00000002   PAD
    0x0800217c   0x0800217c   0x00000012   Code   RO          898    .text.HAL_PWREx_DisableUCPDDeadBattery  stm32g4xx_hal_pwr_ex.o
    0x0800218e   0x0800218e   0x00000002   PAD
    0x08002190   0x08002190   0x00000292   Code   RO          534    .text.HAL_RCCEx_PeriphCLKConfig  stm32g4xx_hal_rcc_ex.o
    0x08002422   0x08002422   0x00000002   PAD
    0x08002424   0x08002424   0x00000206   Code   RO          498    .text.HAL_RCC_ClockConfig  stm32g4xx_hal_rcc.o
    0x0800262a   0x0800262a   0x00000002   PAD
    0x0800262c   0x0800262c   0x0000000c   Code   RO          506    .text.HAL_RCC_GetHCLKFreq  stm32g4xx_hal_rcc.o
    0x08002638   0x08002638   0x00000026   Code   RO          508    .text.HAL_RCC_GetPCLK1Freq  stm32g4xx_hal_rcc.o
    0x0800265e   0x0800265e   0x00000002   PAD
    0x08002660   0x08002660   0x00000026   Code   RO          510    .text.HAL_RCC_GetPCLK2Freq  stm32g4xx_hal_rcc.o
    0x08002686   0x08002686   0x00000002   PAD
    0x08002688   0x08002688   0x00000062   Code   RO          502    .text.HAL_RCC_GetSysClockFreq  stm32g4xx_hal_rcc.o
    0x080026ea   0x080026ea   0x00000002   PAD
    0x080026ec   0x080026ec   0x0000047a   Code   RO          496    .text.HAL_RCC_OscConfig  stm32g4xx_hal_rcc.o
    0x08002b66   0x08002b66   0x00000002   PAD
    0x08002b68   0x08002b68   0x00000008   Code   RO          932    .text.HAL_SYSTICK_Config  stm32g4xx_hal_cortex.o
    0x08002b70   0x08002b70   0x00000002   Code   RO         1358    .text.HAL_TIMEx_Break2Callback  stm32g4xx_hal_tim_ex.o
    0x08002b72   0x08002b72   0x00000002   PAD
    0x08002b74   0x08002b74   0x00000002   Code   RO         1356    .text.HAL_TIMEx_BreakCallback  stm32g4xx_hal_tim_ex.o
    0x08002b76   0x08002b76   0x00000002   PAD
    0x08002b78   0x08002b78   0x00000002   Code   RO         1352    .text.HAL_TIMEx_CommutCallback  stm32g4xx_hal_tim_ex.o
    0x08002b7a   0x08002b7a   0x00000002   PAD
    0x08002b7c   0x08002b7c   0x000000d0   Code   RO         1304    .text.HAL_TIMEx_ConfigBreakDeadTime  stm32g4xx_hal_tim_ex.o
    0x08002c4c   0x08002c4c   0x00000002   Code   RO         1362    .text.HAL_TIMEx_DirectionChangeCallback  stm32g4xx_hal_tim_ex.o
    0x08002c4e   0x08002c4e   0x00000002   PAD
    0x08002c50   0x08002c50   0x00000002   Code   RO         1360    .text.HAL_TIMEx_EncoderIndexCallback  stm32g4xx_hal_tim_ex.o
    0x08002c52   0x08002c52   0x00000002   PAD
    0x08002c54   0x08002c54   0x00000002   Code   RO         1364    .text.HAL_TIMEx_IndexErrorCallback  stm32g4xx_hal_tim_ex.o
    0x08002c56   0x08002c56   0x00000002   PAD
    0x08002c58   0x08002c58   0x000000a8   Code   RO         1302    .text.HAL_TIMEx_MasterConfigSynchronization  stm32g4xx_hal_tim_ex.o
    0x08002d00   0x08002d00   0x00000002   Code   RO         1366    .text.HAL_TIMEx_TransitionErrorCallback  stm32g4xx_hal_tim_ex.o
    0x08002d02   0x08002d02   0x00000002   PAD
    0x08002d04   0x08002d04   0x00000062   Code   RO          984    .text.HAL_TIM_Base_Init  stm32g4xx_hal_tim.o
    0x08002d66   0x08002d66   0x00000002   PAD
    0x08002d68   0x08002d68   0x00000066   Code   RO           65    .text.HAL_TIM_Base_MspInit  tim.o
    0x08002dce   0x08002dce   0x00000002   PAD
    0x08002dd0   0x08002dd0   0x00000114   Code   RO         1180    .text.HAL_TIM_ConfigClockSource  stm32g4xx_hal_tim.o
    0x08002ee4   0x08002ee4   0x00000002   Code   RO         1120    .text.HAL_TIM_IC_CaptureCallback  stm32g4xx_hal_tim.o
    0x08002ee6   0x08002ee6   0x00000002   PAD
    0x08002ee8   0x08002ee8   0x000001ba   Code   RO         1118    .text.HAL_TIM_IRQHandler  stm32g4xx_hal_tim.o
    0x080030a2   0x080030a2   0x00000002   PAD
    0x080030a4   0x080030a4   0x0000005c   Code   RO           61    .text.HAL_TIM_MspPostInit  tim.o
    0x08003100   0x08003100   0x00000002   Code   RO         1122    .text.HAL_TIM_OC_DelayElapsedCallback  stm32g4xx_hal_tim.o
    0x08003102   0x08003102   0x00000002   PAD
    0x08003104   0x08003104   0x000000ba   Code   RO         1154    .text.HAL_TIM_PWM_ConfigChannel  stm32g4xx_hal_tim.o
    0x080031be   0x080031be   0x00000002   PAD
    0x080031c0   0x080031c0   0x00000062   Code   RO         1038    .text.HAL_TIM_PWM_Init  stm32g4xx_hal_tim.o
    0x08003222   0x08003222   0x00000002   PAD
    0x08003224   0x08003224   0x00000002   Code   RO         1040    .text.HAL_TIM_PWM_MspInit  stm32g4xx_hal_tim.o
    0x08003226   0x08003226   0x00000002   PAD
    0x08003228   0x08003228   0x00000002   Code   RO         1124    .text.HAL_TIM_PWM_PulseFinishedCallback  stm32g4xx_hal_tim.o
    0x0800322a   0x0800322a   0x00000002   PAD
    0x0800322c   0x0800322c   0x00000002   Code   RO         1126    .text.HAL_TIM_PeriodElapsedCallback  stm32g4xx_hal_tim.o
    0x0800322e   0x0800322e   0x00000002   PAD
    0x08003230   0x08003230   0x00000002   Code   RO         1128    .text.HAL_TIM_TriggerCallback  stm32g4xx_hal_tim.o
    0x08003232   0x08003232   0x00000002   PAD
    0x08003234   0x08003234   0x00000036   Code   RO         1551    .text.HAL_UARTEx_DisableFifoMode  stm32g4xx_hal_uart_ex.o
    0x0800326a   0x0800326a   0x00000002   PAD
    0x0800326c   0x0800326c   0x00000002   Code   RO         1474    .text.HAL_UARTEx_RxEventCallback  stm32g4xx_hal_uart.o
    0x0800326e   0x0800326e   0x00000002   PAD
    0x08003270   0x08003270   0x00000002   Code   RO         1533    .text.HAL_UARTEx_RxFifoFullCallback  stm32g4xx_hal_uart_ex.o
    0x08003272   0x08003272   0x00000002   PAD
    0x08003274   0x08003274   0x0000004a   Code   RO         1555    .text.HAL_UARTEx_SetRxFifoThreshold  stm32g4xx_hal_uart_ex.o
    0x080032be   0x080032be   0x00000002   PAD
    0x080032c0   0x080032c0   0x0000004a   Code   RO         1553    .text.HAL_UARTEx_SetTxFifoThreshold  stm32g4xx_hal_uart_ex.o
    0x0800330a   0x0800330a   0x00000002   PAD
    0x0800330c   0x0800330c   0x00000002   Code   RO         1535    .text.HAL_UARTEx_TxFifoEmptyCallback  stm32g4xx_hal_uart_ex.o
    0x0800330e   0x0800330e   0x00000002   PAD
    0x08003310   0x08003310   0x00000002   Code   RO         1531    .text.HAL_UARTEx_WakeupCallback  stm32g4xx_hal_uart_ex.o
    0x08003312   0x08003312   0x00000002   PAD
    0x08003314   0x08003314   0x00000002   Code   RO         1472    .text.HAL_UART_ErrorCallback  stm32g4xx_hal_uart.o
    0x08003316   0x08003316   0x00000002   PAD
    0x08003318   0x08003318   0x00000322   Code   RO         1468    .text.HAL_UART_IRQHandler  stm32g4xx_hal_uart.o
    0x0800363a   0x0800363a   0x00000002   PAD
    0x0800363c   0x0800363c   0x00000062   Code   RO         1380    .text.HAL_UART_Init  stm32g4xx_hal_uart.o
    0x0800369e   0x0800369e   0x00000002   PAD
    0x080036a0   0x080036a0   0x000000a0   Code   RO           81    .text.HAL_UART_MspInit  usart.o
    0x08003740   0x08003740   0x00000002   Code   RO         1478    .text.HAL_UART_TxCpltCallback  stm32g4xx_hal_uart.o
    0x08003742   0x08003742   0x00000002   PAD
    0x08003744   0x08003744   0x00000002   Code   RO          103    .text.HardFault_Handler  stm32g4xx_it.o
    0x08003746   0x08003746   0x00000002   PAD
    0x08003748   0x08003748   0x00000010   Code   RO          150    .text.LL_ADC_DisableDeepPowerDown  stm32g4xx_hal_adc.o
    0x08003758   0x08003758   0x00000014   Code   RO          154    .text.LL_ADC_EnableInternalRegulator  stm32g4xx_hal_adc.o
    0x0800376c   0x0800376c   0x00000010   Code   RO          242    .text.LL_ADC_GetCommonPathInternalCh  stm32g4xx_hal_adc.o
    0x0800377c   0x0800377c   0x00000010   Code   RO          378    .text.LL_ADC_GetCommonPathInternalCh  stm32g4xx_hal_adc_ex.o
    0x0800378c   0x0800378c   0x00000010   Code   RO          184    .text.LL_ADC_GetMultiDMATransfer  stm32g4xx_hal_adc.o
    0x0800379c   0x0800379c   0x00000010   Code   RO          174    .text.LL_ADC_GetMultimode  stm32g4xx_hal_adc.o
    0x080037ac   0x080037ac   0x0000000c   Code   RO          236    .text.LL_ADC_GetOffsetChannel  stm32g4xx_hal_adc.o
    0x080037b8   0x080037b8   0x0000000c   Code   RO          372    .text.LL_ADC_GetOffsetChannel  stm32g4xx_hal_adc_ex.o
    0x080037c4   0x080037c4   0x00000008   Code   RO          162    .text.LL_ADC_INJ_IsConversionOngoing  stm32g4xx_hal_adc.o
    0x080037cc   0x080037cc   0x00000008   Code   RO          306    .text.LL_ADC_INJ_IsConversionOngoing  stm32g4xx_hal_adc_ex.o
    0x080037d4   0x080037d4   0x0000000e   Code   RO          214    .text.LL_ADC_INJ_IsTriggerSourceSWStart  stm32g4xx_hal_adc.o
    0x080037e2   0x080037e2   0x00000002   PAD
    0x080037e4   0x080037e4   0x00000008   Code   RO          148    .text.LL_ADC_IsDeepPowerDownEnabled  stm32g4xx_hal_adc.o
    0x080037ec   0x080037ec   0x00000008   Code   RO          158    .text.LL_ADC_IsEnabled  stm32g4xx_hal_adc.o
    0x080037f4   0x080037f4   0x00000008   Code   RO          308    .text.LL_ADC_IsEnabled  stm32g4xx_hal_adc_ex.o
    0x080037fc   0x080037fc   0x00000008   Code   RO          152    .text.LL_ADC_IsInternalRegulatorEnabled  stm32g4xx_hal_adc.o
    0x08003804   0x08003804   0x00000008   Code   RO          156    .text.LL_ADC_REG_IsConversionOngoing  stm32g4xx_hal_adc.o
    0x0800380c   0x0800380c   0x00000008   Code   RO          304    .text.LL_ADC_REG_IsConversionOngoing  stm32g4xx_hal_adc_ex.o
    0x08003814   0x08003814   0x0000000e   Code   RO          186    .text.LL_ADC_REG_IsTriggerSourceSWStart  stm32g4xx_hal_adc.o
    0x08003822   0x08003822   0x00000002   PAD
    0x08003824   0x08003824   0x00000026   Code   RO          224    .text.LL_ADC_REG_SetSequencerRanks  stm32g4xx_hal_adc.o
    0x0800384a   0x0800384a   0x00000002   PAD
    0x0800384c   0x0800384c   0x00000022   Code   RO          226    .text.LL_ADC_SetChannelSamplingTime  stm32g4xx_hal_adc.o
    0x0800386e   0x0800386e   0x00000002   PAD
    0x08003870   0x08003870   0x00000022   Code   RO          362    .text.LL_ADC_SetChannelSamplingTime  stm32g4xx_hal_adc_ex.o
    0x08003892   0x08003892   0x00000002   PAD
    0x08003894   0x08003894   0x0000002a   Code   RO          240    .text.LL_ADC_SetChannelSingleDiff  stm32g4xx_hal_adc.o
    0x080038be   0x080038be   0x00000002   PAD
    0x080038c0   0x080038c0   0x0000002a   Code   RO          376    .text.LL_ADC_SetChannelSingleDiff  stm32g4xx_hal_adc_ex.o
    0x080038ea   0x080038ea   0x00000002   PAD
    0x080038ec   0x080038ec   0x00000014   Code   RO          160    .text.LL_ADC_SetCommonClock  stm32g4xx_hal_adc.o
    0x08003900   0x08003900   0x00000014   Code   RO          244    .text.LL_ADC_SetCommonPathInternalCh  stm32g4xx_hal_adc.o
    0x08003914   0x08003914   0x00000014   Code   RO          380    .text.LL_ADC_SetCommonPathInternalCh  stm32g4xx_hal_adc_ex.o
    0x08003928   0x08003928   0x00000024   Code   RO          230    .text.LL_ADC_SetOffset  stm32g4xx_hal_adc.o
    0x0800394c   0x0800394c   0x00000024   Code   RO          366    .text.LL_ADC_SetOffset  stm32g4xx_hal_adc_ex.o
    0x08003970   0x08003970   0x00000010   Code   RO          234    .text.LL_ADC_SetOffsetSaturation  stm32g4xx_hal_adc.o
    0x08003980   0x08003980   0x00000010   Code   RO          370    .text.LL_ADC_SetOffsetSaturation  stm32g4xx_hal_adc_ex.o
    0x08003990   0x08003990   0x00000010   Code   RO          232    .text.LL_ADC_SetOffsetSign  stm32g4xx_hal_adc.o
    0x080039a0   0x080039a0   0x00000010   Code   RO          368    .text.LL_ADC_SetOffsetSign  stm32g4xx_hal_adc_ex.o
    0x080039b0   0x080039b0   0x0000000e   Code   RO          238    .text.LL_ADC_SetOffsetState  stm32g4xx_hal_adc.o
    0x080039be   0x080039be   0x00000002   PAD
    0x080039c0   0x080039c0   0x0000000e   Code   RO          374    .text.LL_ADC_SetOffsetState  stm32g4xx_hal_adc_ex.o
    0x080039ce   0x080039ce   0x00000002   PAD
    0x080039d0   0x080039d0   0x0000000c   Code   RO          228    .text.LL_ADC_SetSamplingTimeCommonConfig  stm32g4xx_hal_adc.o
    0x080039dc   0x080039dc   0x0000000c   Code   RO          364    .text.LL_ADC_SetSamplingTimeCommonConfig  stm32g4xx_hal_adc_ex.o
    0x080039e8   0x080039e8   0x00000150   Code   RO           34    .text.MX_ADC2_Init  adc.o
    0x08003b38   0x08003b38   0x00000044   Code   RO           50    .text.MX_DMA_Init   dma.o
    0x08003b7c   0x08003b7c   0x000000f8   Code   RO           25    .text.MX_GPIO_Init  gpio.o
    0x08003c74   0x08003c74   0x00000150   Code   RO           59    .text.MX_TIM1_Init  tim.o
    0x08003dc4   0x08003dc4   0x0000007c   Code   RO           63    .text.MX_TIM2_Init  tim.o
    0x08003e40   0x08003e40   0x0000007e   Code   RO           79    .text.MX_USART1_UART_Init  usart.o
    0x08003ebe   0x08003ebe   0x00000002   PAD
    0x08003ec0   0x08003ec0   0x00000002   Code   RO          105    .text.MemManage_Handler  stm32g4xx_it.o
    0x08003ec2   0x08003ec2   0x00000002   PAD
    0x08003ec4   0x08003ec4   0x00000002   Code   RO          101    .text.NMI_Handler   stm32g4xx_it.o
    0x08003ec6   0x08003ec6   0x00000002   PAD
    0x08003ec8   0x08003ec8   0x0000002c   Code   RO          918    .text.NVIC_EncodePriority  stm32g4xx_hal_cortex.o
    0x08003ef4   0x08003ef4   0x00000002   Code   RO          115    .text.PendSV_Handler  stm32g4xx_it.o
    0x08003ef6   0x08003ef6   0x00000002   PAD
    0x08003ef8   0x08003ef8   0x00000038   Code   RO          500    .text.RCC_GetSysClockFreqFromPLLSource  stm32g4xx_hal_rcc.o
    0x08003f30   0x08003f30   0x00000002   Code   RO          111    .text.SVC_Handler   stm32g4xx_it.o
    0x08003f32   0x08003f32   0x00000002   PAD
    0x08003f34   0x08003f34   0x0000002e   Code   RO          934    .text.SysTick_Config  stm32g4xx_hal_cortex.o
    0x08003f62   0x08003f62   0x00000002   PAD
    0x08003f64   0x08003f64   0x00000008   Code   RO          117    .text.SysTick_Handler  stm32g4xx_it.o
    0x08003f6c   0x08003f6c   0x00000068   Code   RO           13    .text.SystemClock_Config  main.o
    0x08003fd4   0x08003fd4   0x00000012   Code   RO         1574    .text.SystemInit    system_stm32g4xx.o
    0x08003fe6   0x08003fe6   0x00000002   PAD
    0x08003fe8   0x08003fe8   0x00000010   Code   RO          123    .text.TIM1_UP_TIM16_IRQHandler  stm32g4xx_it.o
    0x08003ff8   0x08003ff8   0x00000010   Code   RO          125    .text.TIM2_IRQHandler  stm32g4xx_it.o
    0x08004008   0x08004008   0x0000010a   Code   RO          988    .text.TIM_Base_SetConfig  stm32g4xx_hal_tim.o
    0x08004112   0x08004112   0x00000002   PAD
    0x08004114   0x08004114   0x00000016   Code   RO         1178    .text.TIM_ETR_SetConfig  stm32g4xx_hal_tim.o
    0x0800412a   0x0800412a   0x00000002   PAD
    0x0800412c   0x0800412c   0x00000016   Code   RO         1184    .text.TIM_ITRx_SetConfig  stm32g4xx_hal_tim.o
    0x08004142   0x08004142   0x00000002   PAD
    0x08004144   0x08004144   0x00000082   Code   RO         1132    .text.TIM_OC1_SetConfig  stm32g4xx_hal_tim.o
    0x080041c6   0x080041c6   0x00000002   PAD
    0x080041c8   0x080041c8   0x00000092   Code   RO         1134    .text.TIM_OC2_SetConfig  stm32g4xx_hal_tim.o
    0x0800425a   0x0800425a   0x00000002   PAD
    0x0800425c   0x0800425c   0x00000092   Code   RO         1136    .text.TIM_OC3_SetConfig  stm32g4xx_hal_tim.o
    0x080042ee   0x080042ee   0x00000002   PAD
    0x080042f0   0x080042f0   0x00000092   Code   RO         1138    .text.TIM_OC4_SetConfig  stm32g4xx_hal_tim.o
    0x08004382   0x08004382   0x00000002   PAD
    0x08004384   0x08004384   0x0000005e   Code   RO         1140    .text.TIM_OC5_SetConfig  stm32g4xx_hal_tim.o
    0x080043e2   0x080043e2   0x00000002   PAD
    0x080043e4   0x080043e4   0x00000060   Code   RO         1142    .text.TIM_OC6_SetConfig  stm32g4xx_hal_tim.o
    0x08004444   0x08004444   0x00000048   Code   RO         1182    .text.TIM_TI1_ConfigInputStage  stm32g4xx_hal_tim.o
    0x0800448c   0x0800448c   0x00000048   Code   RO         1186    .text.TIM_TI2_ConfigInputStage  stm32g4xx_hal_tim.o
    0x080044d4   0x080044d4   0x00000054   Code   RO         1549    .text.UARTEx_SetNbDataToProcess  stm32g4xx_hal_uart_ex.o
    0x08004528   0x08004528   0x000000e6   Code   RO         1384    .text.UART_AdvFeatureConfig  stm32g4xx_hal_uart.o
    0x0800460e   0x0800460e   0x00000002   PAD
    0x08004610   0x08004610   0x000000c0   Code   RO         1388    .text.UART_CheckIdleState  stm32g4xx_hal_uart.o
    0x080046d0   0x080046d0   0x0000000a   Code   RO         1470    .text.UART_DMAAbortOnError  stm32g4xx_hal_uart.o
    0x080046da   0x080046da   0x00000002   PAD
    0x080046dc   0x080046dc   0x0000005a   Code   RO         1440    .text.UART_EndRxTransfer  stm32g4xx_hal_uart.o
    0x08004736   0x08004736   0x00000002   PAD
    0x08004738   0x08004738   0x00000028   Code   RO         1476    .text.UART_EndTransmit_IT  stm32g4xx_hal_uart.o
    0x08004760   0x08004760   0x000002c4   Code   RO         1386    .text.UART_SetConfig  stm32g4xx_hal_uart.o
    0x08004a24   0x08004a24   0x000000c2   Code   RO         1402    .text.UART_WaitOnFlagUntilTimeout  stm32g4xx_hal_uart.o
    0x08004ae6   0x08004ae6   0x00000002   PAD
    0x08004ae8   0x08004ae8   0x00000010   Code   RO          127    .text.USART1_IRQHandler  stm32g4xx_it.o
    0x08004af8   0x08004af8   0x00000002   Code   RO          109    .text.UsageFault_Handler  stm32g4xx_it.o
    0x08004afa   0x08004afa   0x00000002   PAD
    0x08004afc   0x08004afc   0x00000020   Code   RO          922    .text.__NVIC_EnableIRQ  stm32g4xx_hal_cortex.o
    0x08004b1c   0x08004b1c   0x00000010   Code   RO          914    .text.__NVIC_GetPriorityGrouping  stm32g4xx_hal_cortex.o
    0x08004b2c   0x08004b2c   0x00000022   Code   RO          916    .text.__NVIC_SetPriority  stm32g4xx_hal_cortex.o
    0x08004b4e   0x08004b4e   0x00000002   PAD
    0x08004b50   0x08004b50   0x00000020   Code   RO          910    .text.__NVIC_SetPriorityGrouping  stm32g4xx_hal_cortex.o
    0x08004b70   0x08004b70   0x00000002   Code   RO           85    .text._sys_exit     usart.o
    0x08004b72   0x08004b72   0x00000002   PAD
    0x08004b74   0x08004b74   0x00000022   Code   RO           11    .text.main          main.o
    0x08004b96   0x08004b96   0x0000003e   Code   RO         1873    CL$$btod_d2e        c_w.l(btod.o)
    0x08004bd4   0x08004bd4   0x00000046   Code   RO         1875    CL$$btod_d2e_denorm_low  c_w.l(btod.o)
    0x08004c1a   0x08004c1a   0x00000060   Code   RO         1874    CL$$btod_d2e_norm_op1  c_w.l(btod.o)
    0x08004c7a   0x08004c7a   0x00000002   PAD
    0x08004c7c   0x08004c7c   0x00000338   Code   RO         1883    CL$$btod_div_common  c_w.l(btod.o)
    0x08004fb4   0x08004fb4   0x000000dc   Code   RO         1880    CL$$btod_e2e        c_w.l(btod.o)
    0x08005090   0x08005090   0x0000002a   Code   RO         1877    CL$$btod_ediv       c_w.l(btod.o)
    0x080050ba   0x080050ba   0x0000002a   Code   RO         1876    CL$$btod_emul       c_w.l(btod.o)
    0x080050e4   0x080050e4   0x00000244   Code   RO         1882    CL$$btod_mult_common  c_w.l(btod.o)
    0x08005328   0x08005328   0x00000030   Code   RO         1906    i.__ARM_fpclassify  m_wm.l(fpclassify.o)
    0x08005358   0x08005358   0x0000002c   Code   RO         1902    locale$$code        c_w.l(lc_numeric_c.o)
    0x08005384   0x08005384   0x0000001a   Code   RO         1986    x$fpl$fpinit        fz_wm.l(fpinit.o)
    0x0800539e   0x0800539e   0x00000004   Code   RO         1760    x$fpl$printf1       fz_wm.l(printf1.o)
    0x080053a2   0x080053a2   0x00000000   Code   RO         1817    x$fpl$usenofp       fz_wm.l(usenofp.o)
    0x080053a2   0x080053a2   0x00000002   PAD
    0x080053a4   0x080053a4   0x00000094   Data   RO         1871    .constdata          c_w.l(bigflt0.o)
    0x08005438   0x08005438   0x00000010   Data   RO         1579    .rodata.AHBPrescTable  system_stm32g4xx.o
    0x08005448   0x08005448   0x00000008   Data   RO         1580    .rodata.APBPrescTable  system_stm32g4xx.o
    0x08005450   0x08005450   0x00000018   Data   RO         1520    .rodata.UARTPrescTable  stm32g4xx_hal_uart.o
    0x08005468   0x08005468   0x00000010   Data   RO         1565    .rodata.cst8        stm32g4xx_hal_uart_ex.o
    0x08005478   0x08005478   0x00000014   Data   RO         1620    .rodata.g_API_Interface  motorpara.o
    0x0800548c   0x0800548c   0x00000020   Data   RO         2052    Region$$Table       anon$$obj.o
    0x080054ac   0x080054ac   0x0000001c   Data   RO         1901    locale$$data        c_w.l(lc_numeric_c.o)


    Execution Region RW_IRAM1 (Exec base: 0x20000000, Load base: 0x080054c8, Size: 0x00000878, Max: 0x00008000, ABSOLUTE)

    Exec Addr    Load Addr    Size         Type   Attr      Idx    E Section Name        Object

    0x20000000   0x080054c8   0x00000004   Data   RW         1578    .data.SystemCoreClock  system_stm32g4xx.o
    0x20000004   0x080054cc   0x00000004   Data   RW          484    .data.uwTickFreq    stm32g4xx_hal.o
    0x20000008   0x080054d0   0x00000004   Data   RW          483    .data.uwTickPrio    stm32g4xx_hal.o
    0x2000000c   0x080054d4   0x00000004   PAD
    0x20000010        -       0x00000060   Zero   RW         1909    .bss                c_w.l(libspace.o)
    0x20000070        -       0x00000006   Zero   RW         1605    .bss.g_adc_buf      globalcontrol.o
    0x20000076   0x080054d4   0x00000002   PAD
    0x20000078        -       0x0000006c   Zero   RW           40    .bss.hadc2          adc.o
    0x200000e4        -       0x00000060   Zero   RW           41    .bss.hdma_adc2      adc.o
    0x20000144        -       0x0000004c   Zero   RW           69    .bss.htim1          tim.o
    0x20000190        -       0x0000004c   Zero   RW           70    .bss.htim2          tim.o
    0x200001dc        -       0x00000094   Zero   RW           91    .bss.huart1         usart.o
    0x20000270        -       0x00000004   Zero   RW          485    .bss.uwTick         stm32g4xx_hal.o
    0x20000274   0x080054d4   0x00000004   PAD
    0x20000278        -       0x00000200   Zero   RW            2    HEAP                startup_stm32g431xx.o
    0x20000478        -       0x00000400   Zero   RW            1    STACK               startup_stm32g431xx.o


==============================================================================

Image component sizes


      Code (inc. data)   RO Data    RW Data    ZI Data      Debug   Object Name

       648          0          0          0        204       9602   adc.o
        68          0          0          0          0       3244   dma.o
       166          4          0          0          6      10870   globalcontrol.o
       248          0          0          0          0       2416   gpio.o
       148          0          0          0          0       1647   main.o
         8          0         20          0          0       5451   motorpara.o
        64         26        472          0       1536        820   startup_stm32g431xx.o
       154          0          0          8          4       8840   stm32g4xx_hal.o
      2302          0          0          0          0      23709   stm32g4xx_hal_adc.o
      1392          0          0          0          0      21184   stm32g4xx_hal_adc_ex.o
       258          0          0          0          0      10679   stm32g4xx_hal_cortex.o
       756          0          0          0          0       8608   stm32g4xx_hal_dma.o
       432          0          0          0          0       5380   stm32g4xx_hal_gpio.o
        56          0          0          0          0       1585   stm32g4xx_hal_msp.o
       256          0          0          0          0       9504   stm32g4xx_hal_pwr_ex.o
      1906          0          0          0          0       9211   stm32g4xx_hal_rcc.o
       658          0          0          0          0      10565   stm32g4xx_hal_rcc_ex.o
      2324          6          0          0          0      49259   stm32g4xx_hal_tim.o
       390          0          0          0          0      27487   stm32g4xx_hal_tim_ex.o
      2370         62         24          0          0      33436   stm32g4xx_hal_uart.o
       292          0         16          0          0      10264   stm32g4xx_hal_uart_ex.o
       104          0          0          0          0       2529   stm32g4xx_it.o
        18          0         24          4          0       2724   system_stm32g4xx.o
       654          0          0          0        152       9405   tim.o
       288          0          0          0        148       8822   usart.o

    ----------------------------------------------------------------------
     16146         98        588         12       2060     287241   Object Totals
         0          0         32          0          0          0   (incl. Generated)
       186          0          0          0         10          0   (incl. Padding)

    ----------------------------------------------------------------------

      Code (inc. data)   RO Data    RW Data    ZI Data      Debug   Library Member Name

         8          0          0          0          0         68   __main.o
         0          0          0          0          0          0   __rtentry.o
        12          0          0          0          0          0   __rtentry2.o
         6          0          0          0          0          0   __rtentry4.o
        52          8          0          0          0          0   __scatter.o
        26          0          0          0          0          0   __scatter_copy.o
        28          0          0          0          0          0   __scatter_zi.o
        44          0          0          0          0        108   _printf_char.o
       120         16          0          0          0         92   _printf_dec.o
         6          0          0          0          0          0   _printf_f.o
      1052          0          0          0          0        148   _printf_fp_dec.o
       128         16          0          0          0         84   _printf_fp_infnan.o
       178          0          0          0          0         88   _printf_intcommon.o
         0          0          0          0          0          0   _printf_percent.o
         4          0          0          0          0          0   _printf_percent_end.o
         6          0          0          0          0          0   _printf_s.o
        82          0          0          0          0         80   _printf_str.o
         6          0          0          0          0          0   _printf_u.o
       228          4        148          0          0         96   bigflt0.o
      1936        128          0          0          0        668   btod.o
        18          0          0          0          0         80   exit.o
         6          0          0          0          0        152   heapauxi.o
        44         10         28          0          0         76   lc_numeric_c.o
         2          0          0          0          0          0   libinit.o
        22          0          0          0          0          0   libinit2.o
         2          0          0          0          0          0   libshutdown.o
         2          0          0          0          0          0   libshutdown2.o
         8          4          0          0         96         68   libspace.o
       138          0          0          0          0         80   lludiv10.o
       240          0          0          0          0        100   lludivv7m.o
         8          4          0          0          0         68   rt_locale_intlibspace.o
        78          0          0          0          0         80   rt_memclr_w.o
         2          0          0          0          0          0   rtexit.o
        10          0          0          0          0          0   rtexit2.o
       124          0          0          0          0         88   strcmpv7em.o
        74          0          0          0          0         80   sys_stackheap_outer.o
         2          0          0          0          0         68   use_no_semi.o
         2          0          0          0          0         68   use_no_semi_2.o
        26          0          0          0          0        116   fpinit.o
         4          0          0          0          0        116   printf1.o
         0          0          0          0          0          0   usenofp.o
        48          0          0          0          0        124   fpclassify.o

    ----------------------------------------------------------------------
      4794        190        176          0         96       2796   Library Totals
        12          0          0          0          0          0   (incl. Padding)

    ----------------------------------------------------------------------

      Code (inc. data)   RO Data    RW Data    ZI Data      Debug   Library Name

      4704        190        176          0         96       2440   c_w.l
        30          0          0          0          0        232   fz_wm.l
        48          0          0          0          0        124   m_wm.l

    ----------------------------------------------------------------------
      4794        190        176          0         96       2796   Library Totals

    ----------------------------------------------------------------------

==============================================================================


      Code (inc. data)   RO Data    RW Data    ZI Data      Debug   

     20940        288        764         12       2156     288229   Grand Totals
     20940        288        764         12       2156     288229   ELF Image Totals
     20940        288        764         12          0          0   ROM Totals

==============================================================================

    Total RO  Size (Code + RO Data)                21704 (  21.20kB)
    Total RW  Size (RW Data + ZI Data)              2168 (   2.12kB)
    Total ROM Size (Code + RO Data + RW Data)      21716 (  21.21kB)

==============================================================================

